  401448     2730 Code                ABERROR_TEXT
  403B78      1B1 Code                ABFILE_TEXT
  403D2C      159 Code                ABFUZZY_TEXT
  403E88       91 Code                ABRESIZE_TEXT
  403F1C      133 Code                ABTOOLBA_TEXT
  404050     1CD4 Code                ABUTIL_TEXT
  405D24     1C3E Code                ABWINDOW_TEXT
  407964      964 Code                AUDIOEXAMPLE001_TEXT
  4082C8        9 Code                AUDIOEXAMPLE_BC0_TEXT
  4082D4       13 Code                AUDIOEXAMPLE_BC_TEXT
  4082E8       B0 Code                AUDIOEXAMPLE_TEXT
  408398       A4 Code                CWSYNCHC_TEXT
  40843C      1D1 Code                DWRTRACE_TEXT
  408610       23 Code                IEXE32_TEXT
  408634      315 Code                INIT_TEXT
  40894C        D Code                INST00_TEXT
  40895C    14BA1 Code                JFILES_TEXT
  41D500     6C0E Code                REFLECTION_TEXT
  424110     2649 Code                RESIZEANDSPLIT_TEXT
  42675C    325A7 Code                STRINGTHEORY_TEXT
  459000     1290 Initialized Data    $DEFAULTERRORS_DATA
  45A290        9 Initialized Data    ABBROWSE_CONST
  45A29C       23 Initialized Data    ABEIP_CONST
  45A2C0       3C Initialized Data    ABEIP_DATA
  45A2FC      199 Initialized Data    ABERROR_CONST
  45A498      AD0 Initialized Data    ABERROR_DATA
  45AF68       1F Initialized Data    ABFILE_CONST
  45AF88      147 Initialized Data    ABFILE_DATA
  45B0D0        9 Initialized Data    ABFUZZY_CONST
  45B0DC       B4 Initialized Data    ABFUZZY_DATA
  45B190        9 Initialized Data    ABPOPUP_CONST
  45B19C        8 Initialized Data    ABRESIZE_CONST
  45B1A4       4C Initialized Data    ABTOOLBA_DATA
  45B1F0       95 Initialized Data    ABUTIL_CONST
  45B288      183 Initialized Data    ABUTIL_DATA
  45B40C        4 Initialized Data    ABWINDOW_CONST
  45B410       3F Initialized Data    ABWINDOW_DATA
  45B450       A1 Initialized Data    AUDIOEXAMPLE001_CONST
  45B4F4      47C Initialized Data    AUDIOEXAMPLE001_DATA
  45B970       12 Initialized Data    AUDIOEXAMPLE_CONST
  45B984       8C Initialized Data    AUDIOEXAMPLE_DATA
  45BA10       48 Initialized Data    CWSYNCHC_DATA
  45BA58       28 Initialized Data    DWRTRACE_DATA
  45BA80       44 Initialized Data    IEXE32_DATA
  45BAC4      8C7 Initialized Data    JFILES_CONST
  45C38C      DAC Initialized Data    JFILES_DATA
  45D138      5D6 Initialized Data    REFLECTION_CONST
  45D710      4B4 Initialized Data    REFLECTION_DATA
  45DBC4       3C Initialized Data    RESIZEANDSPLIT_CONST
  45DC00      305 Initialized Data    RESIZEANDSPLIT_DATA
  45DF08     2B65 Initialized Data    STRINGTHEORY_CONST
  460A70      CE0 Initialized Data    STRINGTHEORY_DATA
  461750        0 Initialized Data    __CPPINI_CONS
  461750      268 Initialized Data    __CPPINI_CONST
  4619B8        4 Initialized Data    __CPPINI_END
  4619BC        0 Initialized Data    __INIVMT_CONS
  4619BC       B8 Initialized Data    __INIVMT_CONST
  461A74        0 Initialized Data    __INIVMT_CONST_END
  461A80     1623 Un-initialized Data $FUZZYMATCHER_BSS
  4630A4       40 Un-initialized Data ABEIP_BSS
  4630E4      404 Un-initialized Data ABERROR_BSS
  4634E8       10 Un-initialized Data ABFILE_BSS
  4634F8        4 Un-initialized Data ABFUZZY_BSS
  4634FC      104 Un-initialized Data ABUTIL_BSS
  463600      4E0 Un-initialized Data AUDIOEXAMPLE_BSS
  463AE0       A0 Un-initialized Data JFILES_BSS
  463B80       94 Un-initialized Data REFLECTION_BSS
  463C14       28 Un-initialized Data STRINGTHEORY_BSS
  464000        8 __T_L_S__DAT
  464008       A8 __T_L_S__DATA
  4640B0        0 __T_L_S__DATA_END
  4640B0        0 __T_L_S__BS
  4640B0     1D40 __T_L_S__BSS
  465DF0        0 __T_L_S__BSS_END

  401564 KILL_@_WINDOWCOMPONENT_@_HISTHANDLERCLASS@F15WINDOWCOMPONENT
  401568 RESET_@_WINDOWCOMPONENT_@_HISTHANDLERCLASS@F15WINDOWCOMPONENTUc
  40156C RESETREQUIRED_@_WINDOWCOMPONENT_@_HISTHANDLERCLASS@F15WINDOWCOMPONENT
  401570 SETALERTS_@_WINDOWCOMPONENT_@_HISTHANDLERCLASS@F15WINDOWCOMPONENT
  401574 TAKEEVENT_@_WINDOWCOMPONENT_@_HISTHANDLERCLASS@F15WINDOWCOMPONENT
  40157C UPDATE_@_WINDOWCOMPONENT_@_HISTHANDLERCLASS@F15WINDOWCOMPONENT
  401580 UPDATEWINDOW_@_WINDOWCOMPONENT_@_HISTHANDLERCLASS@F15WINDOWCOMPONENT
  401594 VLBPROC@F16HISTHANDLERCLASSls
  401640 TAKEEVENT@F16HISTHANDLERCLASS
  401708 INIT@F16HISTHANDLERCLASSBw10ERRORCLASS16ERRORHISTORYLIST
  401714 _VLBPROC@F16HISTHANDLERCLASSls
  401724 TAKEACCEPTED@F11MSGBOXCLASS
  401760 SETUPADDITIONALFEQS@F11MSGBOXCLASS
  4017E8 KILL@F11MSGBOXCLASS
  401828 INIT@F11MSGBOXCLASS
  401AD8 INIT@F11MSGBOXCLASSBw10ERRORCLASSOsbllll
  401B70 FETCHSTDBUTTON@F11MSGBOXCLASSs
  401BA4 GETALLSTATUSVARIABLES@F10ERRORCLASS16ERRORSTATUSGROUP
  401BD4 GETERRORBUFFERFATALITY@F10ERRORCLASS
  401C04 GETERRORBUFFERTITLE@F10ERRORCLASS
  401C3C GETERRORBUFFERID@F10ERRORCLASS
  401C60 STOREERRORENTRY@F10ERRORCLASSUs
  401D90 GETHISTORYRESETONVIEW@F10ERRORCLASS
  401DDC SETHISTORYRESETONVIEW@F10ERRORCLASSUc
  401E24 GETHISTORYVIEWLEVEL@F10ERRORCLASS
  401E70 SETHISTORYVIEWLEVEL@F10ERRORCLASSl
  401EB8 GETHISTORYTHRESHOLD@F10ERRORCLASS
  401F04 SETHISTORYTHRESHOLD@F10ERRORCLASSl
  401F4C GETLOGERRORS@F10ERRORCLASS
  401F98 GETSILENT@F10ERRORCLASS
  401FE4 SETDEFAULTCATEGORY@F10ERRORCLASSsa
  40202C GETDEFAULTCATEGORY@F10ERRORCLASS
  402078 VIEWHISTORY@F10ERRORCLASS
  4020A4 THROW@F10ERRORCLASSs
  4020B8 TAKEUSER@F10ERRORCLASS
  402124 TAKEPROGRAM@F10ERRORCLASS
  40212C TAKEOTHER@F10ERRORCLASS
  402134 TAKENOTIFY@F10ERRORCLASS
  40218C TAKEFATAL@F10ERRORCLASS
  40221C TAKEERROR@F10ERRORCLASSs
  402420 TAKEBENIGN@F10ERRORCLASS
  402424 SUBSSTRING@F10ERRORCLASS
  402800 SETPROCEDURENAME@F10ERRORCLASSOsb
  4028B0 GETERRORENTRY@F10ERRORCLASSUs15ERRORENTRYGROUPl
  402954 GETERRORENTRY@F10ERRORCLASSUs15ERRORENTRYGROUP
  402988 SETID@F10ERRORCLASSUsl
  4029C0 SETID@F10ERRORCLASSUs
  4029DC SETERRORS@F10ERRORCLASS
  402A7C SETERRORLOG@F10ERRORCLASS17ERRORLOGINTERFACE
  402B1C SETCATEGORY@F10ERRORCLASSssa
  402B68 RESETHISTORY@F10ERRORCLASS
  402B90 REMOVEERROR@F10ERRORCLASSUs
  402BD0 MESSAGEBOX@F10ERRORCLASSUcsbOsbOsblll
  402C68 MSG@F10ERRORCLASSsbOsbOsblll
  403000 MESSAGE@F10ERRORCLASSsll
  403074 KILL@F10ERRORCLASS
  403118 INIT@F10ERRORCLASS16ERRORSTATUSCLASS
  403174 INIT@F10ERRORCLASS
  403248 HISTORYMSG@F10ERRORCLASSsblll
  403408 GETPROCEDURENAME@F10ERRORCLASS
  4034DC GETCATEGORY@F10ERRORCLASSs
  403564 ADDHISTORY@F10ERRORCLASS
  403594 ADDERRORS@F10ERRORCLASS10ERRORBLOCK
  403740 ADDERROR@F10ERRORCLASSUsRsbRsbUcsa
  4037EC DESTRUCT@F10ERRORCLASS
  403808 CONSTRUCT@F10ERRORCLASS
  403820 DESTRUCT@F16ERRORSTATUSCLASS
  403854 CONSTRUCT@F16ERRORSTATUSCLASS
  40398C CLOSE_@_ERRORLOGINTERFACE_@_STANDARDERRORLOGCLASS@F17ERRORLOGINTERFACEUc
  403994 OPEN_@_ERRORLOGINTERFACE_@_STANDARDERRORLOGCLASS@F17ERRORLOGINTERFACEUc
  40399C TAKE_@_ERRORLOGINTERFACE_@_STANDARDERRORLOGCLASS@F17ERRORLOGINTERFACEsb
  403A40 CLOSE@F21STANDARDERRORLOGCLASSUc
  403ABC OPEN@F21STANDARDERRORLOGCLASSUc
  403B64 DESTRUCT@F21STANDARDERRORLOGCLASS
  403B70 CONSTRUCT@F21STANDARDERRORLOGCLASS
  403B94 DESTRUCT@F12FILESMANAGER
  403BD4 CONSTRUCT@F12FILESMANAGER
  403C04 TRYREGET@F11FILEMANAGERsb
  403CAC POSITION@F11FILEMANAGER
  403D2C SETOPTION@F10FUZZYCLASSUcUc
  403D90 KILL@F10FUZZYCLASS
  403D94 INIT@F10FUZZYCLASS
  403DA8 CONSTRUCT@F10FUZZYCLASS
  403E88 TAKERESIZE@F17WINDOWRESIZECLASS
  403E90 KILL@F17WINDOWRESIZECLASS
  403F1C TAKEEVENT@F12TOOLBARCLASSPl13WINDOWMANAGER
  403F48 SETTARGET@F12TOOLBARCLASSl
  403FF0 KILL@F12TOOLBARCLASS
  404008 INIT@F12TOOLBARCLASS
  404028 DISPLAYBUTTONS@F12TOOLBARCLASS
  404050 SETMASK@F15SELECTFILECLASSsbsb
  4040CC SETMASK@F15SELECTFILECLASSsb
  40411C ASK@F15SELECTFILECLASSUc
  40427C ADDMASK@F15SELECTFILECLASSsb
  404338 INIT@F15SELECTFILECLASS
  404360 UPDATEQUEUE@F8INICLASSsbsbBqRuPuPuPu
  404584 UPDATE@F8INICLASSsbsbsb
  404640 UPDATE@F8INICLASSsbBw
  404820 UPDATE@F8INICLASS
  404824 TRYFETCH@F8INICLASSsbsb
  40489C REMOVE@F8INICLASSsbsb
  4049FC KILL@F8INICLASS
  404B34 INIT@F8INICLASSsbll
  404C4C FETCHQUEUE@F8INICLASSsbsbBqRuPuPuPu
  404EC0 FETCHFIELD@F8INICLASSsbsbUc
  405000 FETCH@F8INICLASSsbsbRu
  4050C4 FETCH@F8INICLASSsbBw
  405324 FETCH@F8INICLASSsbsb
  4053FC FETCH@F8INICLASS
  405400 UPDATEWINDOWINFO@F8INICLASSsb10WINDOWINFO
  40566C FETCHWINDOWINFO@F8INICLASSsb10WINDOWINFO
  4058E4 UPDATE@F8INICLASSsbsbsbsb
  405AD0 FETCH@F8INICLASSsbsbsbsb
  405CF4 DESTRUCT@F8INICLASS
  405D10 CONSTRUCT@F8INICLASS
  405E08 ONCLOSEEVENTCANCELLED@F13WINDOWMANAGER
  405E20 SAVEONINSERTACTION@F13WINDOWMANAGER
  405EC4 SAVEONCHANGEACTION@F13WINDOWMANAGER
  405FD0 DELETEACTION@F13WINDOWMANAGER
  406178 CHANGEACTION@F13WINDOWMANAGER
  4064DC INSERTACTION@F13WINDOWMANAGER
  4066CC TAKEDISABLEBUTTON@F13WINDOWMANAGERlUc
  4066F4 UPDATE@F13WINDOWMANAGER
  406730 TAKEWINDOWEVENT@F13WINDOWMANAGER
  406958 TAKESELECTED@F13WINDOWMANAGER
  40695C TAKEREJECTED@F13WINDOWMANAGER
  406998 TAKENOTIFY@F13WINDOWMANAGERlll
  40699C TAKENEWSELECTION@F13WINDOWMANAGER
  406A1C TAKEFIELDEVENT@F13WINDOWMANAGER
  406A20 TAKEEVENT@F13WINDOWMANAGER
  406BD4 TAKECLOSEEVENT@F13WINDOWMANAGER
  406D54 TAKECOMPLETED@F13WINDOWMANAGER
  406E2C TAKEACCEPTED@F13WINDOWMANAGER
  406F18 SETRESPONSE@F13WINDOWMANAGERUc
  406F64 SETALERTS@F13WINDOWMANAGER
  407014 SAVEHISTORY@F13WINDOWMANAGER
  4070BC RUN@F13WINDOWMANAGERUsUc
  4070C0 RUN@F13WINDOWMANAGER
  40710C RESTOREFIELD@F13WINDOWMANAGERl
  4071E0 RESETBUFFERS@F13WINDOWMANAGERUc
  407244 RESET@F13WINDOWMANAGERUc
  4072CC PRIMEUPDATE@F13WINDOWMANAGER
  407410 PRIMEFIELDS@F13WINDOWMANAGER
  407414 POSTCOMPLETED@F13WINDOWMANAGER
  4074AC OPEN@F13WINDOWMANAGERBwBw
  4074F4 OPEN@F13WINDOWMANAGER
  407538 MODALEVENT@F13WINDOWMANAGER
  40761C KILL@F13WINDOWMANAGER
  407770 INIT@F13WINDOWMANAGER
  4077EC ASK@F13WINDOWMANAGER
  407850 ADDITEM@F13WINDOWMANAGER15WINDOWCOMPONENT
  40787C ADDITEM@F13WINDOWMANAGER12TOOLBARCLASS
  407890 ADDITEM@F13WINDOWMANAGERlUc
  4078B4 DISABLECANCELCONTROLS@F13WINDOWMANAGER
  40790C ENABLECANCELCONTROLS@F13WINDOWMANAGER
  407FCC AUDIOEXAMPLE001$MAINOLEPROPEDIT@Flsb
  407FF0 AUDIOEXAMPLE001$MAINOLEPROPCHANGE@Flsb
  40800C AUDIOEXAMPLE001$MAINOLEEVENTHANDLER@FRsll
  408188 MAIN@F
  4082C8 AUDIOEXAMPLE_BC0$AUDIOEXAMPLE_BC0:FILESINIT@F
  4082CC AUDIOEXAMPLE_BC0$AUDIOEXAMPLE_BC0:DCTKILL@F
  4082D0 AUDIOEXAMPLE_BC0$AUDIOEXAMPLE_BC0:DCTINIT@F
  4082D4 DCTKILL@F
  4082DC DCTINIT@F
  4082E8 _main
  408380 DESTRUCT@F10DICTIONARY
  408388 CONSTRUCT@F10DICTIONARY
  408398 RELEASE@F15CRITICALSECTION
  4083AC WAIT@F15CRITICALSECTION
  4083C0 DESTRUCT@F15CRITICALSECTION
  4083D4 CONSTRUCT@F15CRITICALSECTION
  4083E8 KILL@F17CRITICALPROCEDURE
  40840C INIT@F17CRITICALPROCEDURE11ISYNCOBJECT
  40842C DESTRUCT@F17CRITICALPROCEDURE
  408434 CONSTRUCT@F17CRITICALPROCEDURE
  40843C TRACE@F8DWRTRACEsb
  4084E8 GETLASTERROR@F8DWRTRACE
  408584 FORMATMESSAGE@F8DWRTRACEl
  408608 DESTRUCT@F8DWRTRACE
  40860C CONSTRUCT@F8DWRTRACE
  40894C __thr_inst0
  4091B0 DISPOSEQUEUE@F9JSONCLASSBql
  4091FC DISPOSEGROUP@F9JSONCLASSRgl
  409250 _CACHEPRIVATE@F9JSONCLASS
  409350 SETATTRIBUTE@F9JSONCLASSBiBfsbsb
  409470 SETPICTURE@F9JSONCLASSBiBfsbsb
  409594 SETTYPE@F9JSONCLASSBiBfsbl
  4096A8 PARSE@F9JSONCLASSBi
  4096D8 PARSE@F9JSONCLASSBf
  409700 PARSE@F9JSONCLASSBq
  409728 PARSE@F9JSONCLASSRg
  40975C _GETHASH@F9JSONCLASSBfl
  409994 _ISPLAINGROUP@F9JSONCLASS
  409A38 _ISPLAINARRAY@F9JSONCLASS
  409AE0 _ADDVIEWFIELD@F9JSONCLASSBiRscl9JSONCLASS12STRINGTHEORY
  409CF8 _ADDVIEWNODE@F9JSONCLASSBiRscl12STRINGTHEORY
  40A1C0 _SAVEFIELDVALUES@F9JSONCLASSBil
  40A524 _CLEARCHILDVALUES@F9JSONCLASSl
  40A678 _ADDVIEWRECORDNESTED@F9JSONCLASSBiRsc12STRINGTHEORY
  40A790 _ADDVIEWRECORDFLAT@F9JSONCLASSBiRsc12STRINGTHEORY
  40ACCC _ISDIFFERENT@F9JSONCLASSBi
  40B010 CASCADEDOWN@F9JSONCLASS
  40B014 SETVIEWBOUNDARY@F9JSONCLASSBiBfsbl
  40B0B0 BUILDTABLEQUEUE@F9JSONCLASSBi
  40B938 SETGROUPNAME@F9JSONCLASSsb
  40B974 GETFLUSHEVERY@F9JSONCLASS
  40B980 SETFLUSHEVERY@F9JSONCLASSl
  40B98C GETLOGOUTONIMPORT@F9JSONCLASS
  40B998 SETLOGOUTONIMPORT@F9JSONCLASSl
  40B9A8 GETGROUP@F9JSONCLASS
  40B9B4 SETGROUP@F9JSONCLASSRg
  40B9D4 GETQUEUE@F9JSONCLASS
  40B9E0 SETQUEUE@F9JSONCLASSBq
  40B9EC GETVIEW@F9JSONCLASS
  40B9F8 SETVIEW@F9JSONCLASSBi
  40BA04 GETTABLE@F9JSONCLASS
  40BA10 SETTABLE@F9JSONCLASSBf
  40BA1C GETNESTVIEWRECORDS@F9JSONCLASS
  40BA28 SETNESTVIEWRECORDS@F9JSONCLASSl
  40BA38 GETDISABLEOVERFIELDS@F9JSONCLASS
  40BA44 SETDISABLEOVERFIELDS@F9JSONCLASSl
  40BA54 GETDISABLEOVEREDFIELDS@F9JSONCLASS
  40BA60 SETDISABLEOVEREDFIELDS@F9JSONCLASSl
  40BA70 GETNOMEMO@F9JSONCLASS
  40BA7C SETNOMEMO@F9JSONCLASSl
  40BA8C GETEXPORTBLOBSWITHVIEW@F9JSONCLASS
  40BA98 SETEXPORTBLOBSWITHVIEW@F9JSONCLASSl
  40BAA8 GETWRITEOMITTEDNUMERIC@F9JSONCLASS
  40BAB4 SETWRITEOMITTEDNUMERIC@F9JSONCLASSl
  40BAC4 GETWRITEOMITTEDSTRING@F9JSONCLASS
  40BAD0 SETWRITEOMITTEDSTRING@F9JSONCLASSl
  40BAE0 _GETPROGRESSCOUNTER@F9JSONCLASS
  40BAEC _SETPROGRESSCOUNTER@F9JSONCLASSl
  40BAF8 _GETPROGRESSMAX@F9JSONCLASS
  40BB04 _SETPROGRESSMAX@F9JSONCLASSl
  40BB10 _GETPROGRESS@F9JSONCLASS
  40BB1C _SETPROGRESS@F9JSONCLASSl
  40BB2C GETPROGRESSCONTROL@F9JSONCLASS
  40BB38 SETPROGRESSCONTROL@F9JSONCLASSl
  40BB48 GETPROGRESS@F9JSONCLASS
  40BB54 SETPROGRESS@F9JSONCLASSl
  40BB64 GETMATCHBYNUMBER@F9JSONCLASS
  40BB70 SETMATCHBYNUMBER@F9JSONCLASSl
  40BB80 GETDONTSAVEBLANKS@F9JSONCLASS
  40BB8C SETDONTSAVEBLANKS@F9JSONCLASSl
  40BB9C GETSTRICT@F9JSONCLASS
  40BBA8 SETSTRICT@F9JSONCLASSUc
  40BBB4 GETSUPPRESSMESSAGES@F9JSONCLASS
  40BBC0 SETSUPPRESSMESSAGES@F9JSONCLASSUc
  40BBCC GETSAVENULLSTRINGSASNULL@F9JSONCLASS
  40BBD8 SETSAVENULLSTRINGSASNULL@F9JSONCLASSl
  40BBE8 GETSAVEBLANKSTRINGSASNULL@F9JSONCLASS
  40BBF4 SETSAVEBLANKSTRINGSASNULL@F9JSONCLASSl
  40BC04 GETDONTSAVEBLANKGROUPS@F9JSONCLASS
  40BC10 SETDONTSAVEBLANKGROUPS@F9JSONCLASSl
  40BC20 GETDONTSAVEBLANKARRAYS@F9JSONCLASS
  40BC2C SETDONTSAVEBLANKARRAYS@F9JSONCLASSl
  40BC3C GETDONTSAVEBLANKARRAYVALUES@F9JSONCLASS
  40BC48 SETDONTSAVEBLANKARRAYVALUES@F9JSONCLASSl
  40BC58 GETDONTSAVEBLANKNUMBERS@F9JSONCLASS
  40BC64 SETDONTSAVEBLANKNUMBERS@F9JSONCLASSl
  40BC74 GETDONTSAVEBLANKSTRINGS@F9JSONCLASS
  40BC80 SETDONTSAVEBLANKSTRINGS@F9JSONCLASSl
  40BC90 GETNULLNUMERICVALUE@F9JSONCLASS
  40BCA8 SETNULLNUMERICVALUE@F9JSONCLASSd
  40BCB8 GETNULLSTRINGVALUE@F9JSONCLASS
  40BCDC SETNULLSTRINGVALUE@F9JSONCLASSsb
  40BD1C GETOMITTEDNUMERICDEFAULTVALUE@F9JSONCLASS
  40BD34 SETOMITTEDNUMERICDEFAULTVALUE@F9JSONCLASSd
  40BD44 GETOMITTEDSTRINGDEFAULTVALUE@F9JSONCLASS
  40BD68 SETOMITTEDSTRINGDEFAULTVALUE@F9JSONCLASSsb
  40BDA8 SETJSONENCODE@F9JSONCLASSl
  40BDB8 GETJSONENCODE@F9JSONCLASS
  40BDC4 SETJSONDECODE@F9JSONCLASSl
  40BDD4 GETJSONDECODE@F9JSONCLASS
  40BDE0 GETRECORDSUPDATED@F9JSONCLASS
  40BDEC SETRECORDSUPDATED@F9JSONCLASSl
  40BDF8 GETRECORDSINSERTED@F9JSONCLASS
  40BE04 SETRECORDSINSERTED@F9JSONCLASSl
  40BE10 GETFILEERROR@F9JSONCLASS
  40BE34 SETFILEERROR@F9JSONCLASSsb
  40BE74 GETFILEERRORCODE@F9JSONCLASS
  40BE80 SETFILEERRORCODE@F9JSONCLASSl
  40BE90 GETERROR@F9JSONCLASS
  40BEB4 SETERROR@F9JSONCLASSsb
  40BEF4 GETERRORCODE@F9JSONCLASS
  40BF00 SETERRORCODE@F9JSONCLASSl
  40BF10 GETDEMOMODEVALUE@F9JSONCLASS
  40BF2C SETDEMOMODEVALUE@F9JSONCLASSsb
  40BF6C GETLOOPEDRECORDS@F9JSONCLASS
  40BF78 SETLOOPEDRECORDS@F9JSONCLASSl
  40BF84 GETSKIPRECORDS@F9JSONCLASS
  40BF90 SETSKIPRECORDS@F9JSONCLASSl
  40BF9C GETSAVERECORDS@F9JSONCLASS
  40BFA8 SETSAVERECORDS@F9JSONCLASSl
  40BFB4 GETSAVEFIELDS@F9JSONCLASS
  40BFC0 SETSAVEFIELDS@F9JSONCLASSl
  40BFD0 GETDEMOMODE@F9JSONCLASS
  40BFDC SETDEMOMODE@F9JSONCLASSl
  40BFEC GETACTION@F9JSONCLASS
  40BFF8 SETACTION@F9JSONCLASSl
  40C008 GETUSING@F9JSONCLASS
  40C014 SETUSING@F9JSONCLASSl
  40C024 GETPREFIXCHARS@F9JSONCLASS
  40C040 SETPREFIXCHARS@F9JSONCLASSsb
  40C080 GETREPLACEMENTCHARS@F9JSONCLASS
  40C09C SETREPLACEMENTCHARS@F9JSONCLASSsb
  40C0DC GETMAXPREFIXLENGTH@F9JSONCLASS
  40C0E8 SETMAXPREFIXLENGTH@F9JSONCLASSl
  40C0F8 SETMAXPREFIXLENGTH@F9JSONCLASSBi
  40C230 GETMAXPREFIXLENGTHINJSON@F9JSONCLASS
  40C23C SETMAXPREFIXLENGTHINJSON@F9JSONCLASSl
  40C24C GETUPDATEFILEONLOAD@F9JSONCLASS
  40C258 SETUPDATEFILEONLOAD@F9JSONCLASSl
  40C268 GETFREEGROUPBEFORELOAD@F9JSONCLASS
  40C274 SETFREEGROUPBEFORELOAD@F9JSONCLASSl
  40C284 GETFREEQUEUEBEFORELOAD@F9JSONCLASS
  40C290 SETFREEQUEUEBEFORELOAD@F9JSONCLASSl
  40C2A0 GETTAGCASE@F9JSONCLASS
  40C2BC SETTAGCASE@F9JSONCLASSl
  40C2F4 GETREPLACECHARS@F9JSONCLASS
  40C300 SETREPLACECHARS@F9JSONCLASSl
  40C310 GETREPLACECOLONS@F9JSONCLASS
  40C31C SETREPLACECOLONS@F9JSONCLASSl
  40C32C GETREMOVEPREFIX@F9JSONCLASS
  40C338 SETREMOVEPREFIX@F9JSONCLASSl
  40C368 SETPREFIX@F9JSONCLASSsb
  40C3AC GETPREFIX@F9JSONCLASS
  40C3C8 GETENDIAN@F9JSONCLASS
  40C3F4 SETENDIAN@F9JSONCLASSUc
  40C420 GETENCODING@F9JSONCLASS
  40C44C SETENCODING@F9JSONCLASSUc
  40C478 DETECTENCODING@F9JSONCLASSRsb
  40C5B8 CALCPROGRESS@F9JSONCLASSl
  40C780 CALCPROGRESS@F9JSONCLASS
  40C8B8 _LEAFISEMPTY@F9JSONCLASS
  40CA78 _NODEISEMPTY@F9JSONCLASS
  40CBC4 ASSIGNMISSINGFIELD@F9JSONCLASSRscRsc
  40CBF4 ASSIGNMISSINGFIELD@F9JSONCLASSRsc
  40CC20 ASSIGNFIELD@F9JSONCLASSRgRsc9JSONCLASS
  40CC58 ASSIGNFIELD@F9JSONCLASSRscRsc9JSONCLASS
  40CC8C GETCOLUMNTYPE@F9JSONCLASSRscRsc
  40CD24 GETCOLUMNTYPE@F9JSONCLASSRgRsc
  40CDA4 GETCOLUMNPICTURE@F9JSONCLASSRscRsc
  40CDCC GETCOLUMNPICTURE@F9JSONCLASSsbsb
  40CE84 GETCOLUMNPICTURE@F9JSONCLASSRsb
  40CEE4 ADDQUEUERECORD@F9JSONCLASSBqRscl
  40CF64 ADDQUEUERECORD@F9JSONCLASSl
  40CFB8 UPDATEFILERECORD@F9JSONCLASSBf
  40D0E4 UPDATEFILERECORD@F9JSONCLASS
  40D138 INSERTFILERECORD@F9JSONCLASSBf
  40D264 INSERTFILERECORD@F9JSONCLASS
  40D2B8 VALIDATEFIELD@F9JSONCLASS12STRINGTHEORYl
  40D2EC VALIDATERECORD@F9JSONCLASS
  40D320 AFTERREFLECTIONPARSE@F9JSONCLASSsbBi
  40D33C AFTERREFLECTIONPARSE@F9JSONCLASSsbBf
  40D358 AFTERREFLECTIONPARSE@F9JSONCLASSsbBq
  40D374 AFTERREFLECTIONPARSE@F9JSONCLASSsbRg
  40D390 LOADNODES@F9JSONCLASSBqsbPuOsbOsb
  40D618 _LOAD@F9JSONCLASSRgRscl
  40D810 LOAD@F9JSONCLASSRg
  40D934 LOAD@F9JSONCLASSRg12STRINGTHEORYOsb
  40DA68 LOAD@F9JSONCLASSRgsbOsb
  40DBF4 _LOAD@F9JSONCLASSBqRscl
  40DEA8 LOAD@F9JSONCLASSBq
  40DF70 LOAD@F9JSONCLASSBq12STRINGTHEORYOsb
  40E0AC LOAD@F9JSONCLASSBqsbOsb
  40E238 LOAD@F9JSONCLASSBf
  40E8E4 LOAD@F9JSONCLASSBf12STRINGTHEORYOsb
  40EA20 LOAD@F9JSONCLASSBfsbOsb
  40EBAC APPEND@F9JSONCLASS9JSONCLASS
  40EBC0 APPENDARRAY@F9JSONCLASSsbRAsb
  40EC10 APPENDARRAY@F9JSONCLASSsbRAl
  40EC54 APPEND@F9JSONCLASSsbsbl
  40ECBC APPEND@F9JSONCLASSOsb
  40ED58 APPEND@F9JSONCLASSRgOsbl
  40EE4C APPEND@F9JSONCLASSBiOsbl
  40EF24 APPEND@F9JSONCLASSBqOsbl
  40F000 APPEND@F9JSONCLASSBfOsbl
  40F0DC CREATECOLLECTION@F9JSONCLASSOsbUc
  40F184 SAVE@F9JSONCLASSRg12STRINGTHEORYOsblll
  40F2AC SAVE@F9JSONCLASSRgOsbOsblll
  40F420 SAVE@F9JSONCLASSBi12STRINGTHEORYOsblll
  40F574 SAVE@F9JSONCLASSBiOsbOsblll
  40F70C SAVE@F9JSONCLASSBq12STRINGTHEORYOsblll
  40F854 SAVE@F9JSONCLASSBqOsbOsblll
  40F9E0 SAVE@F9JSONCLASSBf12STRINGTHEORYOsblll
  40FB24 SAVE@F9JSONCLASSBfOsbOsblll
  40FCB0 GETOBJECTBREAKDOWN@F9JSONCLASS12STRINGTHEORYl
  40FF38 ERRORTRAP@F9JSONCLASSsb
  4100C8 TRACE@F9JSONCLASSsb
  4101C0 GETSIZE@F9JSONCLASS
  41023C GETDEPTH@F9JSONCLASS
  4102A0 GETCOUNT@F9JSONCLASS
  4102F8 COUNTFIELDSINGROUP@F9JSONCLASSRg
  41038C ADJUSTFIELDNAME@F9JSONCLASS12STRINGTHEORYl
  4103CC FILLBLOBS@F9JSONCLASSBf
  410720 JSONTORECORD@F9JSONCLASSRscBf
  4107EC RECORDTOJSON@F9JSONCLASSBfRscRAsbRAUcRAUcRAUc
  4108B4 NEWPOINTER@F9JSONCLASSRscRsc
  4108E4 NEWPOINTER@F9JSONCLASSsb
  410938 FILLFIELD@F9JSONCLASSRscRscRuRsb
  4109CC FILLFIELD@F9JSONCLASSRscRscRul
  410A3C FILLFIELD@F9JSONCLASSRscRscRuRd
  410AB4 FILLFIELD@F9JSONCLASSRscRscRu12STRINGTHEORY
  410B3C _FILLFIELD@F9JSONCLASSRscRscRgRlRsc
  411628 FILLSTRUCTURE@F9JSONCLASSRscBq
  4116EC FILLSTRUCTURE@F9JSONCLASSRscRg
  411B20 SAVEFILE@F9JSONCLASSOsbll
  411C44 _SAVESTRING@F9JSONCLASS12STRINGTHEORY12STRINGTHEORYll9JSONCLASS
  4125C8 SAVESTRING@F9JSONCLASS12STRINGTHEORYlll
  412680 ADDESCAPEDSTRING@F9JSONCLASS12STRINGTHEORY12STRINGTHEORYsb
  4126F8 _FLATTEN@F9JSONCLASS12STRINGTHEORYsb
  4128C4 FLATTEN@F9JSONCLASS12STRINGTHEORY
  412904 TOXML@F9JSONCLASS12STRINGTHEORYlsbsb
  412D14 WALKNAMES@F9JSONCLASSll
  413560 GETOBJECT@F9JSONCLASSsbl
  413644 POSITION@F9JSONCLASSsb
  413714 GETPROPERTY@F9JSONCLASSsbl
  4137AC GETPROPERTYVALUE@F9JSONCLASSsbl
  413868 GETBYNAME@F9JSONCLASSsbl
  4138AC GET@F9JSONCLASSll
  4138F0 RECORDS@F9JSONCLASS
  4138FC SETNAME@F9JSONCLASSRsb
  413918 NAME@F9JSONCLASS
  413928 NULLIFY@F9JSONCLASS
  413934 SETPROPERTIES@F9JSONCLASS9JSONCLASS
  4139C4 DELETEBYNAME@F9JSONCLASSsb
  413A18 DELETEBYNUMBER@F9JSONCLASSl
  413A68 SETVALUEBYNAME@F9JSONCLASSsbsblll
  413B20 GETVALUEBYNAME@F9JSONCLASSsbll
  413B94 GETARRAYVALUE@F9JSONCLASSll
  413C08 GETVALUE@F9JSONCLASSl
  413E00 GETVALUELENGTH@F9JSONCLASSl
  413E24 GETLITERALTYPE@F9JSONCLASS
  413E38 GETTYPE@F9JSONCLASS
  413E4C GETPARENTNAME@F9JSONCLASS
  413E84 GETNAME@F9JSONCLASS
  413EBC JSONTOARRAY@F9JSONCLASSRscRscRgl
  41406C ARRAYTOJSON@F9JSONCLASSRscRscRAsb
  41438C ARRAYTOJSON@F9JSONCLASSRscRscRAd
  4146CC ARRAYTOJSON@F9JSONCLASSRscRscRAl
  414A04 ARRAYTOJSON@F9JSONCLASSRscRscRgl
  415184 DEFORMATVALUE@F9JSONCLASSsbsbsb
  415300 FORMATVALUE@F9JSONCLASSsbsbsbRl
  415484 DEFORMATVALUE@F9JSONCLASSsbsb
  415518 FORMATVALUE@F9JSONCLASSsbsbRl
  4155B0 _ASSIGNVALUE@F9JSONCLASSRscRscsbll
  415744 ASSIGNVALUE@F9JSONCLASS9JSONCLASSRsc12STRINGTHEORYRgRll
  41687C ASSIGNVALUE@F9JSONCLASS9JSONCLASS12STRINGTHEORYRgRll
  416880 ASSIGNVALUE@F9JSONCLASS9JSONCLASSRsc12STRINGTHEORYsb
  4169F8 ASSIGNVALUE@F9JSONCLASS9JSONCLASS12STRINGTHEORYsb
  416A14 SETVALUE@F9JSONCLASS9JSONCLASS
  416A58 SETVALUE@F9JSONCLASSsbll
  416BE4 SETCOLUMNDISABLED@F9JSONCLASSll
  416C38 GETCOLUMNDISABLED@F9JSONCLASSl
  416CA0 DISABLEAUTO@F9JSONCLASSRg
  416DB0 DISABLEFIELD@F9JSONCLASSBisb
  417004 DISABLEFIELD@F9JSONCLASSBqsb
  417078 DISABLEFIELD@F9JSONCLASSBfsb
  417118 DISABLEFIELD@F9JSONCLASSRgsb
  417198 GETFIELDNUMBER@F9JSONCLASSRgsb
  417284 MERGE@F9JSONCLASS9JSONCLASS
  417384 ADDCOPY@F9JSONCLASS9JSONCLASSOsbl
  417420 COPY@F9JSONCLASS9JSONCLASS
  417470 ADDFROMSTRING@F9JSONCLASSsbsb
  4174E8 ADDFROMSTRING@F9JSONCLASSsb12STRINGTHEORY
  417530 ADDITEM@F9JSONCLASS9JSONCLASS
  417560 ADDITEM@F9JSONCLASS
  417574 ADDBYREFERENCE@F9JSONCLASS12STRINGTHEORY9JSONCLASS
  4175A0 PRIMECACHE@F9JSONCLASSRgRscRAsbRAUcRAUcRAUc
  41776C ADDTOPGROUP@F9JSONCLASSRgRscRAsbRAUcRAUcRAUc
  4178F4 ADD@F9JSONCLASSBiRscsbl
  417F0C ADD@F9JSONCLASSBisbsbl
  417FA4 ADD@F9JSONCLASSBisb
  4180B8 ADD@F9JSONCLASSBi
  418114 ADD@F9JSONCLASSBfl
  418674 ADD@F9JSONCLASSBql
  418AB0 ADD@F9JSONCLASSRgl
  418D9C ADD@F9JSONCLASSRg
  418DAC ADD@F9JSONCLASS12STRINGTHEORY
  418DC8 ADD@F9JSONCLASSsb
  418E18 ADD@F9JSONCLASSsbsbl
  419058 ADD@F9JSONCLASSsb12STRINGTHEORYl
  4190A4 ADD@F9JSONCLASS12STRINGTHEORY12STRINGTHEORYl
  4190D8 ADDARRAY@F9JSONCLASSsbRAsb
  4191BC ADDARRAY@F9JSONCLASSsbRAl
  419290 ADDARRAY@F9JSONCLASSsb
  4192E8 ADD@F9JSONCLASS9JSONCLASSl
  419330 ADD@F9JSONCLASS
  419390 SETTYPE@F9JSONCLASSl
  419398 GETSTACKLITERALTYPE@F9JSONCLASS
  4193E8 ENDARRAYLITERAL@F9JSONCLASS
  41957C ENDPROPERTY@F9JSONCLASS
  41978C UNESCAPESTRING@F9JSONCLASS
  4197D8 ENDSTRING@F9JSONCLASS
  41998C STARTSTRING@F9JSONCLASS
  419A20 _VALIDATENULL@F9JSONCLASS12STRINGTHEORY
  419A94 _VALIDATEBOOLEAN@F9JSONCLASS12STRINGTHEORY
  419BF0 _VALIDATENUMBERPART@F9JSONCLASS12STRINGTHEORY
  419FC8 _VALIDATEEPART@F9JSONCLASS12STRINGTHEORY
  41A184 _VALIDATENUMERIC@F9JSONCLASS12STRINGTHEORY
  41A2E0 _VALIDATEVALUE@F9JSONCLASS12STRINGTHEORY
  41A3CC HANDLENULL@F9JSONCLASSlRsb
  41A474 HANDLEBOOLEAN@F9JSONCLASSlRsb
  41A56C HANDLENUMERIC@F9JSONCLASSlRsb
  41A754 HANDLECHAR@F9JSONCLASSlRsb
  41B264 HANDLESTRINGDELIMITER@F9JSONCLASS
  41B288 FINDUNIQUEKEY@F9JSONCLASSBfBk
  41B468 ABORTLOAD@F9JSONCLASS
  41B498 LOADSTRING@F9JSONCLASSRsbl
  41C5F0 LOADSTRING@F9JSONCLASSsbl
  41C62C LOADSTRING@F9JSONCLASS12STRINGTHEORYl
  41C65C LOAD@F9JSONCLASS12STRINGTHEORYl
  41C664 LOADFILE@F9JSONCLASSsbl
  41C73C CLEARQUEUE@F9JSONCLASSBq
  41C74C CLEARGROUP@F9JSONCLASSRg
  41C768 FREE@F9JSONCLASSl
  41C7A8 BLOBSTOJSON@F9JSONCLASSBfRscl
  41CB4C POPSTACK@F9JSONCLASS
  41CC0C PUSHSTACK@F9JSONCLASS
  41CCF4 FREESTACK@F9JSONCLASS
  41CD24 FREECHILDREN@F9JSONCLASS
  41CD9C DESTRUCT@F9JSONCLASS
  41CE04 NODESTART@F9JSONCLASS
  41CE84 START@F9JSONCLASS
  41CF4C ATTACHTO@F9JSONCLASS9JSONCLASS
  41CF64 CHECKPROPERTIES@F9JSONCLASS
  41CFB0 CONSTRUCT@F9JSONCLASS
  41CFEC WITHVIEWFIELDNUMBER@F17JSONPROPERTYCLASSl
  41D034 WITHTABLE@F17JSONPROPERTYCLASSBf
  41D08C FREETABLEQUEUE@F17JSONPROPERTYCLASS
  41D0FC START@F17JSONPROPERTYCLASS
  41D35C DESTRUCT@F17JSONPROPERTYCLASS
  41D418 CONSTRUCT@F17JSONPROPERTYCLASS
  41D8B8 SETPREFIX@F12REFLECTCLASSsb
  41D8FC SETREPLACEMENTCHARS@F12REFLECTCLASSsb
  41D940 SETREPLACECHARS@F12REFLECTCLASSUc
  41D944 SETPREFIXCHARS@F12REFLECTCLASSsb
  41D988 SETMAXPREFIXLENGTH@F12REFLECTCLASSl
  41D990 SETREMOVEPREFIX@F12REFLECTCLASSUc
  41D994 GETTAGCASE@F12REFLECTCLASS
  41D998 SETTAGCASE@F12REFLECTCLASSUc
  41D99C TABLEFIELDTOCOLUMN@F12REFLECTCLASSBfsb
  41DB48 FIXCREATE@F12REFLECTCLASSBf
  41DC7C GETANYSIZE@F12REFLECTCLASSRu
  41DC98 GETANYTYPE@F12REFLECTCLASSRu
  41DDD0 READSTRINGTHEORYPTRLENGTH@F12REFLECTCLASSRu
  41DE2C READSTRINGTHEORYPTR@F12REFLECTCLASSRu
  41DEA0 READPSTRINGPTRLENGTH@F12REFLECTCLASSRu
  41DF40 READPSTRINGPTR@F12REFLECTCLASSRu
  41E008 READCSTRINGPTRLENGTH@F12REFLECTCLASSRu
  41E0A8 READCSTRINGPTR@F12REFLECTCLASSRu
  41E164 READSTRINGPTRLENGTH@F12REFLECTCLASSRu
  41E204 READSTRINGPTR@F12REFLECTCLASSRu
  41E2C4 ASSIGNSTRINGTHEORYPTR@F12REFLECTCLASSRu12STRINGTHEORY
  41E2F8 ASSIGNSTRINGTHEORYPTR@F12REFLECTCLASSRusb
  41E3B0 ASSIGNPSTRINGPTR@F12REFLECTCLASSRu12STRINGTHEORY
  41E3E4 ASSIGNPSTRINGPTR@F12REFLECTCLASSRusb
  41E51C ASSIGNCSTRINGPTR@F12REFLECTCLASSRu12STRINGTHEORY
  41E550 ASSIGNCSTRINGPTR@F12REFLECTCLASSRusb
  41E67C ASSIGNSTRINGPTR@F12REFLECTCLASSRu12STRINGTHEORY
  41E6B0 ASSIGNSTRINGPTR@F12REFLECTCLASSRusb
  41E7D8 CLEANFIELDNAME@F12REFLECTCLASS12STRINGTHEORY
  41E850 GETFIELDNAME@F12REFLECTCLASSRgll
  41E8F4 GETFIELDNAME@F12REFLECTCLASSRgl
  41E910 GETFIELDNUMBER@F12REFLECTCLASSRgsb
  41E9F0 GETFIELD@F12REFLECTCLASSRgsb
  41EA94 GETFIELDVALUE@F12REFLECTCLASSRgsb
  41EB14 DISPOSEQUEUE@F12REFLECTCLASSBql
  41EBC0 DISPOSEQUEUE@F12REFLECTCLASSBq
  41EBD4 DISPOSEGROUP@F12REFLECTCLASSRgl
  41F220 DISPOSEGROUP@F12REFLECTCLASSRg
  41F230 CLEARTABLE@F12REFLECTCLASSRscBf
  41F418 CLEARQUEUE@F12REFLECTCLASSRscBq
  41F428 CLEARQUEUE@F12REFLECTCLASSBq
  41F44C CLEARGROUP@F12REFLECTCLASSRscRg
  41F980 CLEARGROUP@F12REFLECTCLASSRg
  41F9A4 COUNTFIELDSINGROUP@F12REFLECTCLASSRg
  41F9F0 ADJUSTCOLUMNNAME@F12REFLECTCLASS12STRINGTHEORYl
  41FB20 ADJUSTCOLUMNNAME@F12REFLECTCLASSsbl
  41FB90 GETSIZE@F12REFLECTCLASSRscRsc
  41FBCC GETDESCRIPTION@F12REFLECTCLASSRscRsc
  41FC34 GETNUMBER@F12REFLECTCLASSRscRsc
  41FC70 GETTYPE@F12REFLECTCLASSRscRsc
  41FD08 GETPICTURE@F12REFLECTCLASSRscRsc
  41FDC8 GETRENAME@F12REFLECTCLASSRscRsc
  41FEDC GETCOLUMNNAME@F12REFLECTCLASSRscRsc
  420024 GETCOLUMNNAME@F12REFLECTCLASSBfl
  420128 GETCOLUMNNAME@F12REFLECTCLASSBql
  420198 GETCOLUMNNAME@F12REFLECTCLASSRgl
  4201F4 SETSIZE@F12REFLECTCLASSRscRscl
  420234 SETDESCRIPTION@F12REFLECTCLASSRscRsc12STRINGTHEORY
  420280 SETDESCRIPTION@F12REFLECTCLASSsbsbsb
  42038C SETREFERENCE@F12REFLECTCLASSRscRscRg
  4203E8 SETRENAME@F12REFLECTCLASSRscRscsb
  4204E0 SETNUMBER@F12REFLECTCLASSRscRscl
  42051C SETTYPE@F12REFLECTCLASSRscRscl
  420558 SETTYPE@F12REFLECTCLASSsbsbl
  420634 SETPICTURE@F12REFLECTCLASSRscRscsb
  4206A8 SETPICTURE@F12REFLECTCLASSsbsbsb
  42077C CLEARATTRIBUTE@F12REFLECTCLASSRscsb
  42083C DELETEATTRIBUTE@F12REFLECTCLASSRscRscsb
  4209BC GETATTRIBUTEEXISTS@F12REFLECTCLASSsb
  420AF4 GETATTRIBUTEEXISTS@F12REFLECTCLASSRscRscsb
  420C44 GETATTRIBUTEVALUE@F12REFLECTCLASSRscRscsb
  420E1C SETATTRIBUTE@F12REFLECTCLASSRscRscsb
  4211E4 SETATTRIBUTE@F12REFLECTCLASSsbsbsb
  4212D8 SETATTRIBUTES@F12REFLECTCLASSRscRsc12STRINGTHEORY
  42141C SETATTRIBUTES@F12REFLECTCLASSsbsbsb
  421548 _PARSEATTRIBUTES@F12REFLECTCLASSRscRsc
  4226FC _PARSEFIELD@F12REFLECTCLASSRsc12STRINGTHEORYlRg
  4227F8 PARSEFIELD@F12REFLECTCLASSRsc12STRINGTHEORY
  4228B4 PARSE@F12REFLECTCLASSRscBi
  4229A4 PARSE@F12REFLECTCLASSRscBf
  422D20 PARSE@F12REFLECTCLASSRscBq
  422D58 PARSE@F12REFLECTCLASSRscRg
  422DC0 PARSE@F12REFLECTCLASSsbBi
  422E20 PARSE@F12REFLECTCLASSsbBf
  422E80 PARSE@F12REFLECTCLASSsbBq
  422EE0 PARSE@F12REFLECTCLASSsbRg
  422F4C PARSE@F12REFLECTCLASSBi
  422F88 PARSE@F12REFLECTCLASSBf
  422FC4 PARSE@F12REFLECTCLASSBq
  423000 PARSE@F12REFLECTCLASSRg
  42304C INTERPRETFIELDTYPE@F12REFLECTCLASSl
  423758 TRACE@F12REFLECTCLASSsb
  423804 WALK@F12REFLECTCLASS12STRINGTHEORY
  423A10 WALK@F12REFLECTCLASS
  423BFC WITH@F12REFLECTCLASSRscRscl
  423E34 WITH@F12REFLECTCLASSRscRsc
  423E44 WITH@F12REFLECTCLASSRsc
  423E94 START@F12REFLECTCLASS
  423FB0 DESTRUCT@F12REFLECTCLASS
  42408C CONSTRUCT@F12REFLECTCLASS
  4241A0 RESETSETTING@F13CSRESIZECLASS
  42423C TAKEEVENT@F13CSRESIZECLASS
  42436C OPEN@F13CSRESIZECLASS
  4243D8 CORRECTSIZING@F13CSRESIZECLASS
  4244BC GETCONTROL@F13CSRESIZECLASSl
  4244F8 DELETECONTROL@F13CSRESIZECLASSl
  424584 CHANGECONTROL@F13CSRESIZECLASSlll
  4246AC UPDATE@F13CSRESIZECLASSsbsbsb
  4246F0 FETCH@F13CSRESIZECLASSsbsbRu
  424720 UPDATE@F13CSRESIZECLASS
  424770 FETCH@F13CSRESIZECLASS
  4247D8 RESET@F13CSRESIZECLASS
  42494C SIZED@F13CSRESIZECLASSl
  425178 RESIZE@F13CSRESIZECLASS
  4255B8 REGISTER@F13CSRESIZECLASS12CSSPLITCLASS
  4255EC SETSTRATEGY@F13CSRESIZECLASSll
  425668 STRATEGY@F13CSRESIZECLASSll
  425670 SETSTRATEGY@F13CSRESIZECLASSldddd
  4258C0 STRATEGY@F13CSRESIZECLASSldddd
  4258F4 DRAWHANDLEDOTS@F13CSRESIZECLASS
  4259F4 DRAWHANDLELINES@F13CSRESIZECLASS
  425BC8 DRAWHANDLE@F13CSRESIZECLASS
  425BF4 GRABCORNERLINES@F13CSRESIZECLASS
  425DF4 INIT@F13CSRESIZECLASSsbBwUcl
  426178 DESTRUCT@F13CSRESIZECLASS
  4261E8 CONSTRUCT@F13CSRESIZECLASS
  42623C OPEN@F21CSRESIZEANDSPLITCLASS
  426248 SETPOSITION@F21CSRESIZEANDSPLITCLASSl7ERS_POS
  4262F8 GETPOSITION@F21CSRESIZEANDSPLITCLASSl7ERS_POS
  42643C ADDCONTROL@F21CSRESIZEANDSPLITCLASSl7ERS_POS
  4264C0 RESIZE@F21CSRESIZEANDSPLITCLASS
  426698 INIT@F21CSRESIZEANDSPLITCLASS
  42669C INIT@F21CSRESIZEANDSPLITCLASSBw
  4266A0 DESTRUCT@F21CSRESIZEANDSPLITCLASS
  4266CC CONSTRUCT@F21CSRESIZEANDSPLITCLASS
  4266EC TRACE@F21CSRESIZEANDSPLITCLASSsb
  429F3C SORTCASEINSENSITIVE@F14LINESGROUPTYPE14LINESGROUPTYPE
  429FB4 SORTLENGTH@F14LINESGROUPTYPE14LINESGROUPTYPE
  42A054 SORTCASESENSITIVE@F14LINESGROUPTYPE14LINESGROUPTYPE
  42A0A4 DEFORMATUNIXTIMESTAMP@F14STRINGDEFORMATsbOsb
  42A4D4 DEFORMATDATETEXT@F14STRINGDEFORMATlsbsbsbsb
  42C93C DEFORMATDATE@F14STRINGDEFORMATsbOsb
  42E8F4 DEFORMATTIME@F14STRINGDEFORMATsbOsb
  42F600 DEFORMATTIMEHOURS@F14STRINGDEFORMATsbOsb
  42F688 DEFORMATNUMBER@F14STRINGDEFORMATsbOsb
  42F9FC DEFORMATHEX@F14STRINGDEFORMATsbOsb
  42FC20 DEFORMATPATTERN@F14STRINGDEFORMATsbOsb
  42FDF4 DEFORMATSCIENTIFIC@F14STRINGDEFORMATsbOsb
  42FE50 DEFORMATVALUE@F14STRINGDEFORMATsbOsb
  430164 DATEFROMWEEK@F14STRINGDEFORMATsbll
  4302D8 TRANSLATE@F14STRINGDEFORMATsb
  43030C FORMATPATTERN@F12STRINGFORMATsb13STRINGPICTUREl
  430418 FORMATHEX@F12STRINGFORMATsb13STRINGPICTUREl
  43070C FORMATUNIXTIMESTAMP@F12STRINGFORMATd13STRINGPICTUREl
  430C3C FORMATNUMBER@F12STRINGFORMATdsbl
  430D88 FORMATTIMEHOURS@F12STRINGFORMATdsbl
  430E24 FORMATTIME@F12STRINGFORMATd13STRINGPICTUREl
  432184 FORMATTIME@F12STRINGFORMATdsbl
  432210 WEEK@F12STRINGFORMATlRlRlRl
  43238C FORMATDATE@F12STRINGFORMATd13STRINGPICTUREl
  432AB8 FORMATDATE@F12STRINGFORMATdsbl
  432B44 FORMATVALUE@F12STRINGFORMATsbOsbl
  433078 UTCTIME@F8UNIXDATE
  4330C8 UTCDATE@F8UNIXDATE
  433108 CLARIONTOUNIXDATE@F8UNIXDATElll
  433208 UNIXTOCLARIONTIME@F8UNIXDATEdl
  43330C UNIXTOCLARIONDATE@F8UNIXDATEdl
  4333E0 TRACE@F8UNIXDATEsb
  433454 _BLOCKBOUND@F13STRINGPICTUREsbsbRl
  4334B0 _BLOCKBOUND@F13STRINGPICTURERsbsbRl
  4335B0 _BLOCK@F13STRINGPICTUREsbsbRll
  43360C _BLOCK@F13STRINGPICTURERsbsbRll
  4336DC TRACE@F13STRINGPICTUREsb
  433750 INTERPRETHEXPICTURE@F13STRINGPICTURE
  4337E4 INTERPRETUNIXTIMESTAMPPICTURE@F13STRINGPICTURE
  4338D4 INTERPRETKEYINPICTURE@F13STRINGPICTURE
  4338EC INTERPRETPATTERNPICTURE@F13STRINGPICTURE
  433904 INTERPRETNUMERICPICTURE@F13STRINGPICTURE
  433920 INTERPRETSCIENTIFICPICTURE@F13STRINGPICTURE
  43393C INTERPRETSTRINGPICTURE@F13STRINGPICTURE
  433994 INTERPRETTIMEHOURSPICTURE@F13STRINGPICTURE
  4339B0 INTERPRETTIMEPICTURE@F13STRINGPICTURE
  433FE0 INTERPRETDATEPICTURE@F13STRINGPICTURE
  434A50 INTERPRETPICTURE@F13STRINGPICTUREOsb
  434C1C PARSEHEXPICTURE@F13STRINGPICTUREOsb
  434E64 PARSEUNIXTIMESTAMPPICTURE@F13STRINGPICTUREOsb
  435328 PARSEKEYINPICTURE@F13STRINGPICTUREOsb
  435464 PARSEPATTERNPICTURE@F13STRINGPICTUREOsb
  4355A0 PARSENUMERICPICTURE@F13STRINGPICTUREOsb
  4359A0 PARSESCIENTIFICPICTURE@F13STRINGPICTUREOsb
  435BF8 PARSESTRINGPICTURE@F13STRINGPICTUREOsb
  435D2C PARSETIMEHOURSPICTURE@F13STRINGPICTUREOsb
  435DFC PARSETIMEPICTURE@F13STRINGPICTUREOsb
  4363DC PARSEDATEPICTURE@F13STRINGPICTUREOsb
  436760 PARSEPICTURE@F13STRINGPICTUREOsb
  436AC8 CREATEHEXPICTURE@F13STRINGPICTUREl
  436B38 CREATEUNIXTIMESTAMPPICTURE@F13STRINGPICTUREl
  436CE0 CREATEKEYINPICTURE@F13STRINGPICTUREl
  436DF0 CREATEPATTERNPICTURE@F13STRINGPICTUREl
  436F00 CREATENUMERICPICTURE@F13STRINGPICTUREl
  4371C0 CREATESCIENTIFICPICTURE@F13STRINGPICTUREl
  4373DC CREATESTRINGPICTURE@F13STRINGPICTUREl
  43754C CREATETIMEHOURSPICTURE@F13STRINGPICTUREl
  43758C CREATETIMEPICTURE@F13STRINGPICTUREl
  437950 CREATEDATEPICTURE@F13STRINGPICTUREl
  437BE8 CREATEPICTURE@F13STRINGPICTUREOsbl
  437D60 SETDEFORMATVALUE@F12STRINGTHEORYsbsb
  437DE4 SETDEFORMATVALUE@F12STRINGTHEORYsb
  437E60 SETFORMATVALUE@F12STRINGTHEORYsbsb
  437EEC SETFORMATVALUE@F12STRINGTHEORYsb
  437F70 DEFORMATVALUE@F12STRINGTHEORYsbsb
  437FF0 DEFORMATVALUE@F12STRINGTHEORYsb
  438060 FORMATVALUE@F12STRINGTHEORYsbsb
  4380E8 FORMATVALUE@F12STRINGTHEORYsb
  43815C _IANANAMETONUMBER@F12STRINGTHEORYsb
  438820 FORMATHTML@F12STRINGTHEORY
  438D40 ASNENCODENUMBER@F12STRINGTHEORYsbl
  438DE4 ASNENCODE@F12STRINGTHEORYsbOsb
  438EE0 ASNDECODE@F12STRINGTHEORYRl12STRINGTHEORYPsb
  439150 CONVERTANSITOOEM@F12STRINGTHEORY
  439198 CONVERTOEMTOANSI@F12STRINGTHEORY
  4391E0 ENDSWITH@F12STRINGTHEORYsbll
  4392C8 STARTSWITH@F12STRINGTHEORYsbll
  439390 ISTIME@F12STRINGTHEORY
  4394B8 ISTIME@F12STRINGTHEORYsb
  43954C DEFORMATTIME@F12STRINGTHEORY
  4395C0 DEFORMATTIME@F12STRINGTHEORYsb
  439638 FORMATTIME@F12STRINGTHEORYsb
  4396B8 FORMATTIME@F12STRINGTHEORYsbsb
  439750 LINEENDINGS@F12STRINGTHEORYll
  439B20 MERGEXML@F12STRINGTHEORYsbl
  439C4C GUNZIP@F12STRINGTHEORYl
  439FEC GZIP@F12STRINGTHEORYl
  43A390 LOADNORMALIZE@F12STRINGTHEORY
  43A47C LOADLIBS@F12STRINGTHEORY
  43A634 PEEKRAM@F12STRINGTHEORY12STRINGTHEORYUlll
  43A9E8 PEEKRAM@F12STRINGTHEORYUlll
  43AAF4 PEEKRAM@F12STRINGTHEORYl
  43AB08 CLEANFILENAME@F12STRINGTHEORYOsbOsb
  43AC74 GUIDDECODE@F12STRINGTHEORY
  43AC80 GUIDENCODE@F12STRINGTHEORYl
  43AEF8 URLDECODE@F12STRINGTHEORYOsbOsb
  43B230 URLENCODE@F12STRINGTHEORYlOsbOsbOsb
  43BC18 URLENCODE@F12STRINGTHEORYsblsbsbsb
  43BD40 _COLORFROMCSL@F12STRINGTHEORYsb
  43BF44 _COLORFROMHEX@F12STRINGTHEORYsb
  43C134 _COLORTOHEX@F12STRINGTHEORYl
  43C20C COLORTOLONG@F12STRINGTHEORYsb
  43C528 COLORFROMHEX@F12STRINGTHEORYsb
  43C568 COLORTOHEX@F12STRINGTHEORYsbl
  43F374 REPLACELAST@F12STRINGTHEORYsbsblll
  43F45C FINDLAST@F12STRINGTHEORYsblll
  43F4B4 REPLACENTH@F12STRINGTHEORYsbsbllll
  43F5A4 FINDNTH@F12STRINGTHEORYsbllll
  43F8A4 FINDCHARS@F12STRINGTHEORYsbllsb
  43F954 FINDCHARS@F12STRINGTHEORYsbllRsb
  43F9F4 FINDCHARS@F12STRINGTHEORYRsbllRsb
  43FA9C FINDCHARS@F12STRINGTHEORYsbll
  43FB38 FINDCHARS@F12STRINGTHEORYRsbll
  43FBB8 FINDCHARS@F12STRINGTHEORYsbl
  43FC38 FINDCHARS@F12STRINGTHEORYRsbl
  43FC7C FINDCHARS@F12STRINGTHEORYsb
  43FCC0 FINDCHARS@F12STRINGTHEORYRsb
  43FCD4 FINDCHARSADDR@F12STRINGTHEORYRsbll
  43FDB8 FINDENDOFSTRING@F12STRINGTHEORYlll
  43FE68 _MEMICHR@F12STRINGTHEORYlll
  43FED8 _MEMICHRS@F12STRINGTHEORYRsbll
  43FFBC _MEMCHRS@F12STRINGTHEORYRsbll
  440078 REMOVEBYTE@F12STRINGTHEORYUc
  44013C REPLACEBYTE@F12STRINGTHEORYUcUc
  4401A8 COUNTBYTE@F12STRINGTHEORYUcll
  440220 COUNTBYTE@F12STRINGTHEORYUcl
  440278 COUNTBYTE@F12STRINGTHEORYUc
  4402B8 FINDBYTE@F12STRINGTHEORYUcllRsb
  440324 FINDBYTE@F12STRINGTHEORYUcllsb
  4403A8 FINDBYTE@F12STRINGTHEORYUcll
  44040C FINDBYTE@F12STRINGTHEORYUcl
  440478 FINDBYTE@F12STRINGTHEORYUc
  4404B0 FINDCHAR@F12STRINGTHEORYsbllRsb
  44053C FINDCHAR@F12STRINGTHEORYsbllsb
  4405D8 FINDCHAR@F12STRINGTHEORYsbll
  440660 FINDCHAR@F12STRINGTHEORYsbl
  4406F8 FINDCHAR@F12STRINGTHEORYsb
  440758 UNQUOTE@F12STRINGTHEORYOsbOsb
  440830 QUOTE@F12STRINGTHEORYOsbOsb
  440974 INSERTEVERY@F12STRINGTHEORYlRsb
  440AA4 INSERTEVERY@F12STRINGTHEORYlsb
  440ADC INSERT@F12STRINGTHEORYlRsb
  440CE4 INSERT@F12STRINGTHEORYlsb
  440D1C INSERT@F12STRINGTHEORYl12STRINGTHEORY
  440D44 SETSLICE@F12STRINGTHEORYllsb
  440DC0 STR@F12STRINGTHEORYRsb
  440E14 STR@F12STRINGTHEORYsb
  440E84 STR@F12STRINGTHEORY
  440EBC REVERSEBYTEORDER@F12STRINGTHEORY
  440EC8 LITTLEENDIAN@F12STRINGTHEORYUl
  440ED4 BIGENDIAN@F12STRINGTHEORYUl
  440EE0 SWITCHENDIAN@F12STRINGTHEORYUl
  440F18 LITTLEENDIAN@F12STRINGTHEORY
  440F48 BIGENDIAN@F12STRINGTHEORY
  440F78 _SWITCHENDIAN@F12STRINGTHEORY
  440FC8 MATCHBRACKETS@F12STRINGTHEORYsbsbl
  4411E0 KEEPCHARS@F12STRINGTHEORYsb
  44137C KEEPCHARS@F12STRINGTHEORYsbsb
  4414B4 REMOVECHARS@F12STRINGTHEORYsb
  441604 ISALL@F12STRINGTHEORYsbOsbl
  4416F4 ISASCII@F12STRINGTHEORY
  441724 CONTAINSCHAR@F12STRINGTHEORYsbsb
  4417A0 CONTAINSCHAR@F12STRINGTHEORYsbRsb
  44181C CONTAINSCHAR@F12STRINGTHEORYsb
  441884 CONTAINSBYTE@F12STRINGTHEORYUcsb
  4418C8 CONTAINSBYTE@F12STRINGTHEORYUcRsb
  441910 CONTAINSBYTE@F12STRINGTHEORYUc
  441938 CONTAINSA@F12STRINGTHEORYsbOsbl
  441A38 ISALLLOWER@F12STRINGTHEORY
  441A70 ISLOWER@F12STRINGTHEORY
  441AA8 ISALLUPPER@F12STRINGTHEORY
  441AE0 ISUPPER@F12STRINGTHEORY
  441B18 ISEMPTY@F12STRINGTHEORY
  441B50 ISALLDIGITS@F12STRINGTHEORY
  441B88 CONTAINSADIGIT@F12STRINGTHEORY
  441BC0 SQUEEZE@F12STRINGTHEORYlOsbl
  441CEC SETALL@F12STRINGTHEORYl
  441D34 ALL@F12STRINGTHEORYl
  441D80 SETRIGHT@F12STRINGTHEORYllOsb
  441DFC RIGHT@F12STRINGTHEORYllOsb
  441FA0 SETLEFT@F12STRINGTHEORYllOsb
  44201C LEFT@F12STRINGTHEORYllOsb
  4421E4 REVERSE@F12STRINGTHEORY
  44226C REVERSE@F12STRINGTHEORYsb
  442324 TRIM@F12STRINGTHEORYsb
  4423E0 TRIM@F12STRINGTHEORY
  442484 CLIP@F12STRINGTHEORYsb
  44253C CLIP@F12STRINGTHEORY
  4425A8 TAIL@F12STRINGTHEORYl
  4425E8 TOP@F12STRINGTHEORYl
  44260C REMOVELEADING@F12STRINGTHEORYsbl
  4426D4 REMOVEFROMPOSITION@F12STRINGTHEORYll
  442780 REMOVE@F12STRINGTHEORYsbOsblll
  442C84 REMOVE@F12STRINGTHEORYsbOsbll
  442DE0 REMOVE@F12STRINGTHEORYsbOsbl
  442F44 REMOVE@F12STRINGTHEORYsbsb
  443044 REMOVE@F12STRINGTHEORYsb
  4430E8 CHARTODECENTITY@F12STRINGTHEORYll
  443290 DECENTITYTOCHAR@F12STRINGTHEORY
  4436E4 HTMLENTITYTODEC@F12STRINGTHEORY
  44555C REMOVEXMLPREFIXES@F12STRINGTHEORY
  445604 REMOVEATTRIBUTES@F12STRINGTHEORYsbl
  4457F8 COUNTWORDS@F12STRINGTHEORYllOsbl
  4458B4 WORDEND@F12STRINGTHEORYllOsbl
  445CB4 WORDSTART@F12STRINGTHEORYlllOsb
  445F04 GETWORD@F12STRINGTHEORYlllOsbl
  445F70 FINDWORD@F12STRINGTHEORYlllRlRlOsbl
  446188 GETBYTES@F12STRINGTHEORYRusbl
  4465CC SETBYTES@F12STRINGTHEORYRusbl
  446AFC GETBYTES@F12STRINGTHEORYRspl
  446B1C GETBYTES@F12STRINGTHEORYRsbl
  446B3C GETBYTES@F12STRINGTHEORYRscl
  446B5C GETBYTES@F12STRINGTHEORYRel
  446B80 GETBYTES@F12STRINGTHEORYRdl
  446B9C GETBYTES@F12STRINGTHEORYRfl
  446BB8 GETBYTES@F12STRINGTHEORYRUll
  446BD4 GETBYTES@F12STRINGTHEORYRll
  446BE8 GETBYTES@F12STRINGTHEORYRUsl
  446C04 GETBYTES@F12STRINGTHEORYRsl
  446C20 GETBYTES@F12STRINGTHEORYRUcl
  446C3C SETBYTES@F12STRINGTHEORYRsp
  446C60 SETBYTES@F12STRINGTHEORYRsb
  446C70 SETBYTES@F12STRINGTHEORYRsc
  446C90 SETBYTES@F12STRINGTHEORYRe
  446CD4 SETBYTES@F12STRINGTHEORYRd
  446CE8 SETBYTES@F12STRINGTHEORYRf
  446CFC SETBYTES@F12STRINGTHEORYRUl
  446D10 SETBYTES@F12STRINGTHEORYRl
  446D24 SETBYTES@F12STRINGTHEORYRUs
  446D38 SETBYTES@F12STRINGTHEORYRs
  446D4C SETBYTES@F12STRINGTHEORYRUc
  446D60 FROMBYTES@F12STRINGTHEORYRsbRspl
  446D84 FROMBYTES@F12STRINGTHEORYRsbRsbl
  446DA8 FROMBYTES@F12STRINGTHEORYRsbRscl
  446DCC FROMBYTES@F12STRINGTHEORYRsbRel
  446E18 FROMBYTES@F12STRINGTHEORYRsbRdl
  446E50 FROMBYTES@F12STRINGTHEORYRsbRfl
  446E88 FROMBYTES@F12STRINGTHEORYRsbRUll
  446EC0 FROMBYTES@F12STRINGTHEORYRsbRll
  446EF8 FROMBYTES@F12STRINGTHEORYRsbRUsl
  446F30 FROMBYTES@F12STRINGTHEORYRsbRsl
  446F68 FROMBYTES@F12STRINGTHEORYRsbRUcl
  446FA0 TOBYTES@F12STRINGTHEORYRsbRsbl
  446FC4 TOBYTES@F12STRINGTHEORYRspRsbl
  446FF0 TOBYTES@F12STRINGTHEORYRscRsbl
  447014 TOBYTES@F12STRINGTHEORYReRsbl
  447034 TOBYTES@F12STRINGTHEORYRdRsbl
  44706C TOBYTES@F12STRINGTHEORYRfRsbl
  4470A4 TOBYTES@F12STRINGTHEORYRUlRsbl
  4470DC TOBYTES@F12STRINGTHEORYRlRsbl
  447114 TOBYTES@F12STRINGTHEORYRUsRsbl
  447148 TOBYTES@F12STRINGTHEORYRsRsbl
  44717C TOBYTES@F12STRINGTHEORYRUcRsbl
  4471AC STRCPY@F12STRINGTHEORYRsbRsbl
  447258 WRAPTEXT@F12STRINGTHEORYlll
  44784C FROMHEX@F12STRINGTHEORY
  44792C TOHEX@F12STRINGTHEORYll
  447A2C HEXTOSTRING@F12STRINGTHEORYsb
  447C7C STRINGTOHEX@F12STRINGTHEORYsbll
  447CC0 STRINGTOHEX@F12STRINGTHEORYRsbll
  447DD0 LONGTOHEX@F12STRINGTHEORYl
  447E80 HEXTOBYTE@F12STRINGTHEORYsb
  447ED4 BYTETOHEX@F12STRINGTHEORYUc
  447F34 BASETODEC@F12STRINGTHEORYsbl
  4480E0 DECTOBASE@F12STRINGTHEORYlll
  448248 ISVALIDUTF8@F12STRINGTHEORY
  448298 NORMALIZE@F12STRINGTHEORYll
  44855C UTF16TOUTF8CHAR@F12STRINGTHEORYsbRl
  4487BC DECODEHEXINLINE@F12STRINGTHEORYsbll
  448994 DECODEHEXINLINE@F12STRINGTHEORYl
  448A08 TOUNICODE@F12STRINGTHEORYll
  448BC4 TOANSI@F12STRINGTHEORYlll
  448DA8 TOANSI@F12STRINGTHEORYll
  448FB8 APIANSITOUTF8@F12STRINGTHEORYRsbRl
  448FEC APIUTF8TOANSI@F12STRINGTHEORYRsbRl
  449020 ANSITOUTF8@F12STRINGTHEORYRsbRll
  449130 UTF8TOANSI@F12STRINGTHEORYRsbRll
  44922C UTF16TO8@F12STRINGTHEORYRsbRll
  449444 UTF8TO16@F12STRINGTHEORYRsbRl
  44957C UTF16TOANSI@F12STRINGTHEORYRsbRllUl
  4496F4 ANSITOUTF16@F12STRINGTHEORYRsbRlUl
  44983C LONGDIVISION@F12STRINGTHEORYlRll
  4499BC CHANGEBASE@F12STRINGTHEORYll
  449AAC FROMBLOB@F12STRINGTHEORYBb
  449BA4 TOBLOB@F12STRINGTHEORYBb
  449CBC SETAFTERNTH@F12STRINGTHEORYsblllll
  449D64 SETAFTERLAST@F12STRINGTHEORYsbllll
  449E1C SETAFTER@F12STRINGTHEORYsbllll
  449F78 AFTERNTH@F12STRINGTHEORYsbllll
  44A014 AFTERLAST@F12STRINGTHEORYsblll
  44A0D0 AFTER@F12STRINGTHEORYsblll
  44A234 FINDBETWEENPOSITION@F12STRINGTHEORYsbsbRlRlll
  44A4BC SETBETWEEN@F12STRINGTHEORYsbsblllll
  44A594 FINDBETWEEN@F12STRINGTHEORYsbsbRlRlll
  44A640 BETWEEN@F12STRINGTHEORYsbsbllll
  44A6C4 SETBEFORENTH@F12STRINGTHEORYsblllll
  44A76C SETBEFORELAST@F12STRINGTHEORYsbllll
  44A81C SETBEFORE@F12STRINGTHEORYsbllll
  44A974 BEFORENTH@F12STRINGTHEORYsbllll
  44A9F8 BEFORELAST@F12STRINGTHEORYsblll
  44AA9C BEFORE@F12STRINGTHEORYsblll
  44ABE8 ADDBOM@F12STRINGTHEORYl
  44ACD4 SETENCODINGFROMBOM@F12STRINGTHEORYl
  44ADD0 SAVEFILEA@F12STRINGTHEORYsbsbl
  44AE34 SAVEFILE@F12STRINGTHEORYRsbsbll
  44B0A4 SAVEFILE@F12STRINGTHEORYsbl
  44B120 LOADFILE@F12STRINGTHEORYsblll
  44B55C URLPARAMETER@F12STRINGTHEORYsbOsb
  44B800 URLPARAMETERSONLY@F12STRINGTHEORYOsb
  44B960 URLFILEONLY@F12STRINGTHEORYOsb
  44BB68 URLPATHONLY@F12STRINGTHEORYOsbl
  44BD4C URLPORTONLY@F12STRINGTHEORYOsb
  44BF1C URLHOSTONLY@F12STRINGTHEORYOsbl
  44C124 URLPROTOCOLONLY@F12STRINGTHEORYOsb
  44C250 PATHONLY@F12STRINGTHEORYOsb
  44C370 FILENAMEONLY@F12STRINGTHEORYOsbl
  44C600 LOWER@F12STRINGTHEORYOsbOsb
  44C724 UPPER@F12STRINGTHEORYOsbOsb
  44C848 TRACE@F12STRINGTHEORYOsb
  44C9FC TRACE@F12STRINGTHEORYBq
  44CAD8 TOCSTRING@F12STRINGTHEORY
  44CB88 GETCODEPAGEFROMCHARSET@F12STRINGTHEORYOl
  44CC48 SUB@F12STRINGTHEORYll
  44CCDC FILTER@F12STRINGTHEORYsbsbll
  44D048 SORT@F12STRINGTHEORYl
  44D088 SORT@F12STRINGTHEORYlsbOsbOsbll
  44D188 SPLITBETWEEN@F12STRINGTHEORYsbsbll
  44D2D4 SPLITBYMATCH@F12STRINGTHEORYsbl
  44D3FC SPLITEVERY@F12STRINGTHEORYl
  44D4E8 SPLIT@F12STRINGTHEORYsbOsbOsblllOsbl
  44D64C SLICE@F12STRINGTHEORYll
  44D6C0 ADJUSTLENGTH@F12STRINGTHEORYl
  44D6F4 SETLENGTH@F12STRINGTHEORYll
  44D84C REMOVEHTML@F12STRINGTHEORY
  44D978 REPLACESINGLECHARS@F12STRINGTHEORYsbsbl
  44DA74 REPLACESINGLECHARS@F12STRINGTHEORYsbsb
  44DB50 REPLACEEXCEPTBETWEEN@F12STRINGTHEORYsbOsbsbsbllll
  44DF08 REPLACEBETWEEN@F12STRINGTHEORYsbOsbsbsblllll
  44E30C REPLACE@F12STRINGTHEORYsbsbllll
  44E688 REPLACE@F12STRINGTHEORYsbsblllll
  44E84C RECORDS@F12STRINGTHEORY
  44E864 MAKEGUID4@F12STRINGTHEORYl
  44E924 MAKEGUID@F12STRINGTHEORYll
  44E944 SETRANDOM@F12STRINGTHEORYllOsb
  44EE94 RANDOM@F12STRINGTHEORYllOsb
  44EF0C SEEDRANDOM@F12STRINGTHEORY
  44EF60 PREPEND@F12STRINGTHEORY12STRINGTHEORY
  44EF88 PREPEND@F12STRINGTHEORY12STRINGTHEORYsb
  44EFE4 PREPEND@F12STRINGTHEORY12STRINGTHEORYlsb
  44F07C PREPEND@F12STRINGTHEORYRsb
  44F178 PREPEND@F12STRINGTHEORYsb
  44F1B0 PREPEND@F12STRINGTHEORYsblsb
  44F420 PREPEND@F12STRINGTHEORYsbl
  44F4B8 MD5@F12STRINGTHEORYlPsbl
  44F568 _MALLOC@F12STRINGTHEORYlll
  44F6D0 CHARS@F12STRINGTHEORYlOsb
  44F800 RESERVECAPACITY@F12STRINGTHEORYl
  44F83C RELEASESPARECAPACITY@F12STRINGTHEORY
  44F85C SPARECAPACITY@F12STRINGTHEORY
  44F868 CAPACITY@F12STRINGTHEORY
  44F86C LEN@F12STRINGTHEORY
  44F870 LENGTHA@F12STRINGTHEORY
  44F874 LENGTH@F12STRINGTHEORY
  44F878 JOIN@F12STRINGTHEORYsbOsbOsbl
  44FCB0 SERIALIZEGROUP@F12STRINGTHEORYRg12STRINGTHEORYOsbOsblll
  4501CC SERIALIZEQUEUE@F12STRINGTHEORYBqOsb12STRINGTHEORYOsbOsblll
  450438 SERIALIZEGROUP@F12STRINGTHEORYRgOsbOsbOsblll
  4505C8 SERIALIZEQUEUE@F12STRINGTHEORYBqOsbOsbOsbOsblll
  450744 REMOVELINES@F12STRINGTHEORYsb
  450864 REMOVELINES@F12STRINGTHEORY
  4508DC DELETELINE@F12STRINGTHEORYl
  450928 ADDLINE@F12STRINGTHEORYRsb
  45093C ADDLINE@F12STRINGTHEORYsb
  450974 ADDLINE@F12STRINGTHEORYlRsb
  450A54 ADDLINE@F12STRINGTHEORYlsb
  450A8C SETLINE@F12STRINGTHEORYl12STRINGTHEORY
  450ABC SETLINE@F12STRINGTHEORYlRsb
  450BE4 SETLINE@F12STRINGTHEORYlsb
  450C1C INLINE@F12STRINGTHEORYsblllllll
  451098 GETBUFFERLENGTH@F12STRINGTHEORY
  45109C GETLINES@F12STRINGTHEORYllsb
  451304 GETLINE@F12STRINGTHEORYl
  4513B4 GETVAL@F12STRINGTHEORY
  4513C8 GETVALUE@F12STRINGTHEORYl
  45141C GETVALUE@F12STRINGTHEORY
  451454 FORMATMESSAGE@F12STRINGTHEORYl
  4514A0 EXTENSIONONLY@F12STRINGTHEORYOsb
  4515D4 ERRORTRAP@F12STRINGTHEORYsbsbUc
  45174C CAPITALIZE@F12STRINGTHEORYlllOsb
  451910 COUNT@F12STRINGTHEORYsbllllll
  451C94 FINDMATCHPOSITION@F12STRINGTHEORYsbRlRlll
  451E28 FINDMATCH@F12STRINGTHEORYsbRlRlll
  451EB4 MATCH@F12STRINGTHEORYsbllll
  451FA4 INSTRING@F12STRINGTHEORYsblllll
  4524E4 INSTRING@F12STRINGTHEORYsbllll
  452588 INSTRING@F12STRINGTHEORYRsblll
  4525F0 INSTRING@F12STRINGTHEORYsblll
  452688 INSTRING@F12STRINGTHEORYRsbll
  452720 INSTRING@F12STRINGTHEORYsbll
  452804 INSTRING@F12STRINGTHEORYRsbl
  452860 INSTRING@F12STRINGTHEORYsbl
  4528F8 INSTRING@F12STRINGTHEORYRsb
  45292C INSTRING@F12STRINGTHEORYsb
  452994 CROP@F12STRINGTHEORYll
  452A28 CLIPLENGTH@F12STRINGTHEORY
  452A68 CLIPLEN@F12STRINGTHEORY
  452A74 FREELINES@F12STRINGTHEORY
  452AD4 FREE@F12STRINGTHEORYll
  452B84 FREE@F12STRINGTHEORYl
  452BDC FREE@F12STRINGTHEORY
  452C10 ZEROXDECODE@F12STRINGTHEORY
  452D3C ZEROXENCODE@F12STRINGTHEORY
  452E88 XMLDECODE@F12STRINGTHEORY
  452FD0 XMLENCODE@F12STRINGTHEORYl
  453640 JSONDECODE@F12STRINGTHEORY
  453864 JSONENCODE@F12STRINGTHEORYl
  453BE4 ENCODEDWORDENCODE@F12STRINGTHEORYOsbl
  453DC8 ENCODEDWORDDECODE@F12STRINGTHEORY
  4543E8 QUOTEDPRINTABLEDECODE@F12STRINGTHEORY
  454448 QUOTEDPRINTABLEENCODE@F12STRINGTHEORY
  454628 BASE85DECODE@F12STRINGTHEORY
  454984 BASE85ENCODE@F12STRINGTHEORYl
  454E44 BASE64DECODE@F12STRINGTHEORYRsbRl
  455098 BASE64DECODE@F12STRINGTHEORY
  455100 BASE64ENCODE@F12STRINGTHEORYRsbRl
  455664 BASE64ENCODE@F12STRINGTHEORYl
  4558E4 BASE32DECODE@F12STRINGTHEORYlOsb
  45631C BASE32ENCODE@F12STRINGTHEORYlOsb
  45689C GETADDRESS@F12STRINGTHEORY
  4568A0 GETVALUEPTR@F12STRINGTHEORYll
  456918 GETVALUEPTR@F12STRINGTHEORYl
  45697C GETVALUEPTR@F12STRINGTHEORY
  4569BC ABBREVIATE@F12STRINGTHEORYlll
  456AE4 ASSIGN@F12STRINGTHEORYsb
  456B18 ASSIGN@F12STRINGTHEORYRsb
  456B28 SWAP@F12STRINGTHEORY12STRINGTHEORY
  456B30 _STEALVALUE@F12STRINGTHEORYRsb
  456B74 _STEALVALUE@F12STRINGTHEORY12STRINGTHEORY
  456C18 _SETVALUEPOINTER@F12STRINGTHEORYllll
  456D80 _GETNEXTBUFFERSIZE@F12STRINGTHEORYl
  456E24 EQUALS@F12STRINGTHEORYsbl
  456EF8 EQUALS@F12STRINGTHEORY12STRINGTHEORYl
  456FD4 _EQUALSUNICODE@F12STRINGTHEORY12STRINGTHEORYl
  457144 _EQUALSUNICODE@F12STRINGTHEORYRsbl
  457204 SETVALUEBYCSTRINGADDRESS@F12STRINGTHEORYll
  4572BC SETVALUEBYADDRESS@F12STRINGTHEORYll
  45741C SETVALUE@F12STRINGTHEORYRsbl
  4575B4 SETVALUE@F12STRINGTHEORYsbl
  4575E4 SETVALUE@F12STRINGTHEORY12STRINGTHEORYl
  457648 SETVALUE@F12STRINGTHEORY12STRINGTHEORY
  45773C CATADDR@F12STRINGTHEORYll
  4578C8 CAT@F12STRINGTHEORYRUc
  457978 CAT@F12STRINGTHEORYRsbl
  457A5C CAT@F12STRINGTHEORYRsb
  457B44 CAT@F12STRINGTHEORYsbl
  457C0C CAT@F12STRINGTHEORYsb
  457CD0 CAT@F12STRINGTHEORY12STRINGTHEORYl
  457DAC CAT@F12STRINGTHEORY12STRINGTHEORY
  457E80 APPEND@F12STRINGTHEORY12STRINGTHEORY
  457F54 APPEND@F12STRINGTHEORY12STRINGTHEORYsb
  457F98 APPEND@F12STRINGTHEORY12STRINGTHEORYlsb
  4580C4 APPEND@F12STRINGTHEORYRsblsb
  4582CC APPEND@F12STRINGTHEORYsblsb
  45835C APPEND@F12STRINGTHEORYRsbl
  4583DC APPEND@F12STRINGTHEORYsbl
  458434 APPEND@F12STRINGTHEORYRsb
  45851C APPEND@F12STRINGTHEORYsb
  4585E0 APPENDBINARY@F12STRINGTHEORYll
  458608 APPENDA@F12STRINGTHEORYsblOsb
  4586A8 FLUSH@F12STRINGTHEORY12STRINGTHEORY
  4586D4 FLUSH@F12STRINGTHEORYRsb
  45876C FLUSH@F12STRINGTHEORYsb
  4587A4 FLUSH@F12STRINGTHEORY
  458868 FLUSHANDKEEP@F12STRINGTHEORY
  4588F8 NOSTREAM@F12STRINGTHEORY
  458910 STREAM@F12STRINGTHEORYsbll
  458BAC START@F12STRINGTHEORYl
  458C74 DESTRUCT@F12STRINGTHEORY
  458CD0 CONSTRUCT@F12STRINGTHEORY
  459000 $DEFAULTERRORS
  45A2C0 TYPE$COLORMAP
  45A2EC TCB$COLORMAP
  45A498 STDERRORFILE$TYPE$RECORD
  45A4B0 $STDERRORFILE
  45A52C TYPE$PNQ
  45A54C TYPE$DEFAULTERRORS
  45A7CC TYPE$HISTHANDLERCLASS
  45A814 VMT$HISTHANDLERCLASS
  45A844 TYPE$MSGBOXCLASS
  45AABC VMT$MSGBOXCLASS
  45AB48 TYPE$ERRORCLASS
  45ADB4 VMT$ERRORCLASS
  45AE04 TYPE$STANDARDERRORLOGCLASS
  45AE3C VMT$STANDARDERRORLOGCLASS
  45AE54 TYPE$ERRORSTATUSCLASS
  45AF5C VMT$ERRORSTATUSCLASS
  45AF88 TYPE$UNTHREADEDFILEOPENERMAP
  45AFAC TCB$UNTHREADEDFILEOPENERMAP
  45AFBC TYPE$FILESMANAGER
  45B000 VMT$FILESMANAGER
  45B00C TYPE$FILEMAPPING_T
  45B038 TYPE$FILEMAPPING_R
  45B068 TYPE$STATUSQ_T
  45B0DC TYPE$FUZZYCLASS
  45B184 VMT$FUZZYCLASS
  45B1A4 TYPE$TOOLBARTARGETQUEUE
  45B1C0 TYPE$TOOLBARCLASS
  45B1D8 VMT$TOOLBARCLASS
  45B2A0 TYPE$SELECTFILECLASS
  45B32C VMT$SELECTFILECLASS
  45B338 TYPE$INICLASS
  45B380 VMT$INICLASS
  45B410 TYPE$BUTTONLIST
  45B434 TYPE$COMPONENTLIST
  45B984 TYPE$AUDIODEVICES
  45B9E4 TCB$AUDIODEVICES
  45B9F4 TYPE$DICTIONARY
  45BA04 VMT$DICTIONARY
  45BA10 TYPE$CRITICALSECTION
  45BA28 VMT$CRITICALSECTION
  45BA34 TYPE$CRITICALPROCEDURE
  45BA4C VMT$CRITICALPROCEDURE
  45BA58 TYPE$DWRTRACE
  45BA68 VMT$DWRTRACE
  45C43C TYPE$JSONCLASS
  45C520 TYPE$JSONPROPERTYCLASS
  45C96C VMT$JSONPROPERTYCLASS
  45CBC0 VMT$JSONCLASS
  45D710 TYPE$REFLECTCLASS
  45D970 VMT$REFLECTCLASS
  45DC80 TYPE$CSRESIZECLASS
  460C60 TYPE$STRINGDEFORMAT
  460C70 TYPE$STRINGTHEORY
  460E1C TYPE$STRINGFORMAT
  460E2C TYPE$STRINGPICTURE
  460F74 VMT$STRINGPICTURE
  461018 VMT$STRINGFORMAT
  461068 VMT$STRINGTHEORY
  4616FC VMT$STRINGDEFORMAT
  4619BC VMTP$DICTIONARY
  4619D4 VMTP$FILESMANAGER
  4619DC VMTP$SELECTFILECLASS
  4619E4 VMTP$INICLASS
  4619EC VMTP$TOOLBARCLASS
  4619F4 VMTP$HISTHANDLERCLASS
  4619FC VMTP$MSGBOXCLASS
  461A04 VMTP$ERRORCLASS
  461A0C VMTP$STANDARDERRORLOGCLASS
  461A14 VMTP$ERRORSTATUSCLASS
  461A1C VMTP$FUZZYCLASS
  461A24 VMTP$STRINGTHEORY
  461A2C VMTP$STRINGFORMAT
  461A34 VMTP$STRINGPICTURE
  461A3C VMTP$STRINGDEFORMAT
  461A44 VMTP$REFLECTCLASS
  461A4C VMTP$JSONCLASS
  461A54 VMTP$JSONPROPERTYCLASS
  461A5C VMTP$DWRTRACE
  461A64 VMTP$CRITICALSECTION
  461A6C VMTP$CRITICALPROCEDURE
  461A80 $FUZZYMATCHER
  4630A4 $COLORMAP
  4630DC $MULTIWINDOW
  4630E0 $TXTWINDOW
  4630E4 $WINDOW
  4630E8 STDERRORFILE$RECORD
  4634E8 $UNTHREADEDFILEOPENERMAP
  4634F0 $CREATEOPENERCRIT
  463600 $GLOREFLECTION
  463694 $AUDIODEVICES
  463994 $GLOBALERRORS
  4639C8 $INIMGR
  463B74 $JFILES:CRITICALSECTION
  463C14 stNormalizeString
  463C18 $HNORMALIZ
  463C1C stInflateEnd
  463C20 stInflate
  463C24 stInflateInit2_
  463C28 stDeflateEnd
  463C2C stDeflate
  463C30 stDeflateInit2_
  463C34 $HZLIB
  463C38 $SEEDED
  4640B0 $GLOBALERRORSTATUS
  4654D4 $GLOBALREQUEST
  4654D8 $GLOBALRESPONSE
  4654DC $VCRREQUEST
  4654E0 $DICTIONARY
  4654E4 $FILESMANAGER
  4654FC $SZDBTEXTLOG
  466000 __import_section_start
  467CD0 __import_section_end

Imports
ClaASC.dll:ASCII 466080
ClaOLE.dll:Cla$HookOle 4660A4
ClaOLE.dll:OcxGetParam 4660A8,401000
ClaOLE.dll:OcxGetParamCount 4660AC,401008
ClaOLE.dll:OcxRegisterEventProc 4660B0,401010
ClaOLE.dll:OcxRegisterPropChange 4660B4,401018
ClaOLE.dll:OcxRegisterPropEdit 4660B8,401020
ClaRUN.dll:Cla$ACCEPTED 466464,401028
ClaRUN.dll:Cla$ADDqueue 466468
ClaRUN.dll:Cla$ADDqueuekey 46646C,401030
ClaRUN.dll:Cla$ADDqueueptr 466470
ClaRUN.dll:Cla$AssignLong2RefUfo 466474
ClaRUN.dll:Cla$AssignReal2RefUfo 466478
ClaRUN.dll:Cla$AssignRefUfo 46647C
ClaRUN.dll:Cla$BEEP 466480,401038
ClaRUN.dll:Cla$BindG 466484
ClaRUN.dll:Cla$BLOB_GET_PROPERTY 466488
ClaRUN.dll:Cla$BLOB_SET_PROPERTY 46648C
ClaRUN.dll:Cla$BLOB_TAKE 466490
ClaRUN.dll:Cla$BLOB_YIELD 466494
ClaRUN.dll:Cla$BOX 466498,401040
ClaRUN.dll:Cla$BSHIFT 46649C
ClaRUN.dll:Cla$CHOICE 4664A0,401048
ClaRUN.dll:Cla$CLEAR 4664A4
ClaRUN.dll:Cla$CLEARqueue 4664A8
ClaRUN.dll:Cla$clearstr 4664AC
ClaRUN.dll:Cla$ClearType 4664B0
ClaRUN.dll:Cla$ClearUfo 4664B4
ClaRUN.dll:Cla$CLOCK 4664B8,401050
ClaRUN.dll:Cla$CloneUfo 4664BC
ClaRUN.dll:Cla$CLOSEwindow 4664C0,401058
ClaRUN.dll:Cla$code 4664C4
ClaRUN.dll:Cla$COMMIT 4664C8,401060
ClaRUN.dll:Cla$comparestr 4664CC
ClaRUN.dll:Cla$CONVERTANSITOOEM 4664D0,401068
ClaRUN.dll:Cla$CONVERTOEMTOANSI 4664D4,401070
ClaRUN.dll:Cla$CREATE 4664D8
ClaRUN.dll:Cla$DATE 4664DC,401078
ClaRUN.dll:Cla$DecAdd 4664E0
ClaRUN.dll:Cla$DecDistinct 4664E4
ClaRUN.dll:Cla$DecDistinctR 4664E8
ClaRUN.dll:Cla$DecDivide 4664EC
ClaRUN.dll:Cla$DecMul 4664F0
ClaRUN.dll:Cla$DecSub 4664F4
ClaRUN.dll:Cla$DecSubR 4664F8
ClaRUN.dll:Cla$DELETEqueue 4664FC,401080
ClaRUN.dll:Cla$DELETEREG 466500,401088
ClaRUN.dll:Cla$DESTROY 466504,401090
ClaRUN.dll:Cla$DInt 466508
ClaRUN.dll:Cla$DISABLE 46650C,401098
ClaRUN.dll:Cla$DISPLAY 466510,4010A0
ClaRUN.dll:Cla$DISPOSEqueue 466514
ClaRUN.dll:Cla$DISPOSEref 466518
ClaRUN.dll:Cla$DISPOSEvref 46651C
ClaRUN.dll:Cla$Dlongpower 466520
ClaRUN.dll:Cla$DoProp 466524
ClaRUN.dll:Cla$DPopDec 466528
ClaRUN.dll:Cla$DPopLong 46652C
ClaRUN.dll:Cla$DPopReal 466530
ClaRUN.dll:Cla$DPopUlong 466534
ClaRUN.dll:Cla$DPushLong 466538
ClaRUN.dll:Cla$DPushReal 46653C
ClaRUN.dll:Cla$DPushULong 466540
ClaRUN.dll:Cla$DRound 466544
ClaRUN.dll:Cla$duplicate 466548
ClaRUN.dll:Cla$ENABLE 46654C,4010A8
ClaRUN.dll:Cla$EndEventLoop 466550
ClaRUN.dll:Cla$EndEventLoops 466554
ClaRUN.dll:Cla$ERRORCODE 466558,4010B0
ClaRUN.dll:Cla$ERRORFILE 46655C,4010B8
ClaRUN.dll:Cla$EVENT 466560,4010C0
ClaRUN.dll:Cla$FIELD 466564,4010C8
ClaRUN.dll:Cla$FILEDIALOG 466568,4010D0
ClaRUN.dll:Cla$FILEERRORCODE 46656C,4010D8
ClaRUN.dll:Cla$FILEERRORMSG 466570,4010E0
ClaRUN.dll:Cla$FileExists 466574,4010E8
ClaRUN.dll:Cla$FILE_ADDf 466578
ClaRUN.dll:Cla$FILE_CLOSE 46657C,4010F0
ClaRUN.dll:Cla$FILE_CREATE 466580
ClaRUN.dll:CLA$FILE_DESTROY 466584
ClaRUN.dll:Cla$FILE_GETfk 466588
ClaRUN.dll:Cla$FILE_GET_PROPERTY 46658C
ClaRUN.dll:Cla$FILE_NAME 466590,4010F8
ClaRUN.dll:Cla$FILE_NEXT 466594,401100
ClaRUN.dll:Cla$FILE_NOMEMO 466598,401108
ClaRUN.dll:Cla$FILE_OPEN 46659C,401110
ClaRUN.dll:Cla$FILE_POSITIONf 4665A0,401118
ClaRUN.dll:Cla$FILE_POSITIONk 4665A4,401120
ClaRUN.dll:Cla$FILE_PUTf 4665A8
ClaRUN.dll:Cla$FILE_RECORDSf 4665AC,401128
ClaRUN.dll:Cla$FILE_REGETf 4665B0,401130
ClaRUN.dll:Cla$FILE_REGETk 4665B4,401138
ClaRUN.dll:Cla$FILE_SETf 4665B8,401140
ClaRUN.dll:Cla$FILE_SET_PROPERTY 4665BC
ClaRUN.dll:Cla$FOCUS 4665C0,401148
ClaRUN.dll:Cla$FREEqueue 4665C4
ClaRUN.dll:Cla$FREEqueuea 4665C8,401150
ClaRUN.dll:Cla$freestr 4665CC
ClaRUN.dll:Cla$FreeUfo 4665D0
ClaRUN.dll:Cla$freewindow 4665D4
ClaRUN.dll:Cla$GETGROUP 4665D8,401158
ClaRUN.dll:Cla$GETINI 4665DC,401160
ClaRUN.dll:Cla$GETPOSITION 4665E0,401168
ClaRUN.dll:Cla$GetPropS 4665E4
ClaRUN.dll:Cla$GETqueuekey 4665E8,401170
ClaRUN.dll:Cla$GETqueueptr 4665EC
ClaRUN.dll:Cla$GETREG 4665F0,401178
ClaRUN.dll:Cla$Group2Ufo 4665F4
ClaRUN.dll:Cla$HALT 4665F8,401180
ClaRUN.dll:Cla$HOWMANY 4665FC,401188
ClaRUN.dll:Cla$INSTANCE 466600,401190
ClaRUN.dll:Cla$INT 466604
ClaRUN.dll:Cla$IsAlpha 466608,401198
ClaRUN.dll:Cla$isftolower 46660C,4011A0
ClaRUN.dll:Cla$isftoupper 466610,4011A8
ClaRUN.dll:Cla$ISGROUP 466614,4011B0
ClaRUN.dll:Cla$IsUfoString 466618,4011B8
ClaRUN.dll:Cla$KEYCODE 46661C,4011C0
ClaRUN.dll:Cla$KEY_GET_PROPERTY 466620
ClaRUN.dll:Cla$LINE 466624,4011C8
ClaRUN.dll:Cla$LOGOUT 466628,4011D0
ClaRUN.dll:Cla$LONGPATH 46662C,4011D8
ClaRUN.dll:Cla$longtostr 466630
ClaRUN.dll:Cla$Mem2Ufo 466634
ClaRUN.dll:Cla$MessageBox 466638,4011E0
ClaRUN.dll:Cla$modulus 46663C
ClaRUN.dll:Cla$MONTH 466640,4011E8
ClaRUN.dll:Cla$MOUSEX 466644,4011F0
ClaRUN.dll:Cla$MOUSEY 466648,4011F8
ClaRUN.dll:Cla$NewMemB 46664C
ClaRUN.dll:Cla$NewMemT 466650
ClaRUN.dll:Cla$NewMemZ 466654
ClaRUN.dll:Cla$NEWqueue 466658
ClaRUN.dll:Cla$NOTIFICATION 46665C,401200
ClaRUN.dll:Cla$OPENowned 466660,401208
ClaRUN.dll:Cla$OPENwindow 466664,401210
ClaRUN.dll:Cla$PEEK 466668
ClaRUN.dll:Cla$POINTERqueue 46666C,401218
ClaRUN.dll:Cla$PopAString 466670
ClaRUN.dll:Cla$PopBind 466674,401220
ClaRUN.dll:Cla$PopCString 466678
ClaRUN.dll:Cla$poperrcodes 46667C,401228
ClaRUN.dll:Cla$PopPString 466680
ClaRUN.dll:Cla$PopReal 466684
ClaRUN.dll:Cla$PopString 466688
ClaRUN.dll:Cla$PopTemp 46668C
ClaRUN.dll:Cla$POST 466690,401230
ClaRUN.dll:Cla$PushAString 466694
ClaRUN.dll:Cla$PushBind 466698,401238
ClaRUN.dll:Cla$PushCString 46669C
ClaRUN.dll:Cla$pusherrcodes 4666A0,401240
ClaRUN.dll:Cla$PushLong 4666A4
ClaRUN.dll:Cla$PushNull 4666A8
ClaRUN.dll:Cla$PushPictDec 4666AC
ClaRUN.dll:Cla$PushPictLong 4666B0
ClaRUN.dll:Cla$PushReal 4666B4
ClaRUN.dll:Cla$PushString 4666B8
ClaRUN.dll:Cla$PushTemp 4666BC
ClaRUN.dll:Cla$PushUfo 4666C0
ClaRUN.dll:Cla$PUTINI 4666C4,401248
ClaRUN.dll:Cla$PUTqueue 4666C8
ClaRUN.dll:Cla$PUTREG 4666CC,401250
ClaRUN.dll:Cla$pwopen 4666D0,401258
ClaRUN.dll:Cla$realdistinct 4666D4
ClaRUN.dll:Cla$RECORDSqueue 4666D8,401260
ClaRUN.dll:Cla$RefAssignAny 4666DC
ClaRUN.dll:Cla$REGULAR 4666E0,401268
ClaRUN.dll:Cla$RemoveFile 4666E4,401270
ClaRUN.dll:Cla$SELECT 4666E8,401278
ClaRUN.dll:Cla$SETCURSOR 4666EC,401280
ClaRUN.dll:Cla$SETKEYCODE 4666F0,401288
ClaRUN.dll:Cla$SETPATH 4666F4,401290
ClaRUN.dll:Cla$SETPENCOLOR 4666F8,401298
ClaRUN.dll:Cla$SETPOSITION 4666FC,4012A0
ClaRUN.dll:Cla$SetPropS 466700
ClaRUN.dll:Cla$SetPropV 466704
ClaRUN.dll:Cla$SETTARGET 466708,4012A8
ClaRUN.dll:Cla$SHORTPATH 46670C,4012B0
ClaRUN.dll:Cla$SORTqueuefkey 466710
ClaRUN.dll:Cla$Stack2DStack 466714
ClaRUN.dll:Cla$Stack2Ufo 466718
ClaRUN.dll:Cla$StackALL 46671C,4012B8
ClaRUN.dll:Cla$StackCLIP 466720,4012C0
ClaRUN.dll:Cla$StackCompare 466724
ClaRUN.dll:Cla$StackCompareN 466728
ClaRUN.dll:Cla$StackCompareNEQ 46672C
ClaRUN.dll:Cla$StackCompareR 466730
ClaRUN.dll:Cla$StackConcat 466734
ClaRUN.dll:Cla$StackConcatR 466738
ClaRUN.dll:Cla$StackDEFORMAT2 46673C
ClaRUN.dll:Cla$StackErrstr 466740,4012C8
ClaRUN.dll:Cla$StackFORMAT2 466744
ClaRUN.dll:Cla$StackHeap 466748
ClaRUN.dll:Cla$StackINLIST 46674C
ClaRUN.dll:Cla$StackINSTRING 466750,4012D0
ClaRUN.dll:Cla$StackLEFT 466754,4012D8
ClaRUN.dll:Cla$StackLen 466758,4012E0
ClaRUN.dll:Cla$StackLOWER 46675C,4012E8
ClaRUN.dll:Cla$StackNUMERIC 466760,4012F0
ClaRUN.dll:Cla$STACKpop 466764
ClaRUN.dll:Cla$StackRIGHT 466768,4012F8
ClaRUN.dll:Cla$StackRotate 46676C
ClaRUN.dll:Cla$StackSUB 466770,401300
ClaRUN.dll:Cla$StackUPPER 466774,401308
ClaRUN.dll:Cla$StackVAL 466778
ClaRUN.dll:Cla$StartEventLoop 46677C
ClaRUN.dll:Cla$STATUSfile 466780,401310
ClaRUN.dll:Cla$storecstr 466784
ClaRUN.dll:Cla$storepstr 466788
ClaRUN.dll:Cla$storestr 46678C
ClaRUN.dll:Cla$String2BlobRef 466790
ClaRUN.dll:Cla$String2Ref 466794
ClaRUN.dll:Cla$THREAD 466798,401318
ClaRUN.dll:Cla$TODAY 46679C,401320
ClaRUN.dll:Cla$Ufo2Real 4667A0
ClaRUN.dll:Cla$Ufodistinct 4667A4
ClaRUN.dll:Cla$UfoRealDiff 4667A8
ClaRUN.dll:Cla$UNHIDE 4667AC,401328
ClaRUN.dll:Cla$UNREGISTEREVENT 4667B0,401330
ClaRUN.dll:Cla$VIEW_SETvl 4667B4,401338
ClaRUN.dll:Cla$WHAT 4667B8,401340
ClaRUN.dll:Cla$WHO 4667BC,401348
ClaRUN.dll:Cla$YEAR 4667C0,401350
ClaRUN.dll:Cla$YIELD 4667C4,401358
ClaRUN.dll:NewCriticalSection 4667C8,401360
ClaRUN.dll:THR$GetInstance 4667CC,401368
ClaRUN.dll:_exit 4667D0,401370
ClaRUN.dll:_free 4667D4
ClaRUN.dll:_malloc 4667D8
ClaRUN.dll:_memchr 4667DC,401378
ClaRUN.dll:_memcmp 4667E0,401380
ClaRUN.dll:_memcpy 4667E4,401388
ClaRUN.dll:_memicmp 4667E8,401390
ClaRUN.dll:_memmove 4667EC,401398
ClaRUN.dll:_memset 4667F0,4013A0
ClaRUN.dll:_rand 4667F4,4013A8
ClaRUN.dll:_srand 4667F8,4013B0
ClaRUN.dll:__sysinit 4667FC,4013B8
ClaRUN.dll:__sysstart 466800,4013C0
KERNEL32.dll:CloseHandle 466848,4013C8
KERNEL32.dll:CreateFileA 46684C,4013D0
KERNEL32.dll:FormatMessageA 466850,4013D8
KERNEL32.dll:GetCurrentProcessId 466854,4013E0
KERNEL32.dll:GetFileSize 466858,4013E8
KERNEL32.dll:GetLastError 46685C,4013F0
KERNEL32.dll:GetProcAddress 466860,4013F8
KERNEL32.dll:GetSystemTime 466864
KERNEL32.dll:LoadLibraryA 466868,401400
KERNEL32.dll:MultiByteToWideChar 46686C,401408
KERNEL32.dll:OutputDebugStringA 466870,401410
KERNEL32.dll:ReadFile 466874,401418
KERNEL32.dll:SetFilePointer 466878,401420
KERNEL32.dll:WideCharToMultiByte 46687C,401428
KERNEL32.dll:WriteFile 466880,401430
USER32.dll:GetSysColor 466894,401438
USER32.dll:InvalidateRect 466898,401440



Entry Point:   408610