  4013D8     2730 Code                ABERROR_TEXT
  403B08      1B1 Code                ABFILE_TEXT
  403CBC      159 Code                ABFUZZY_TEXT
  403E18     1EA4 Code                ABRESIZE_TEXT
  405CBC      133 Code                ABTOOLBA_TEXT
  405DF0     1CD4 Code                ABUTIL_TEXT
  407AC4     1C46 Code                ABWINDOW_TEXT
  40970C      C79 Code                AUDIOEXAMPLE001_TEXT
  40A388        9 Code                AUDIOEXAMPLE_BC0_TEXT
  40A394       13 Code                AUDIOEXAMPLE_BC_TEXT
  40A3A8       C0 Code                AUDIOEXAMPLE_TEXT
  40A468       7C Code                CWSYNCHC_TEXT
  40A4E4      591 Code                DWRAUDIOCONTROL_TEXT
  40AA78      1D9 Code                DWRTRACE_TEXT
  40AC54       23 Code                IEXE32_TEXT
  40AC78      26A Code                INIT_TEXT
  40AEE4        D Code                INST00_TEXT
  40AEF4    326F3 Code                STRINGTHEORY_TEXT
  43E000     1290 Initialized Data    $DEFAULTERRORS_DATA
  43F290       14 Initialized Data    ABBROWSE_CONST
  43F2A4       23 Initialized Data    ABEIP_CONST
  43F2C8       3C Initialized Data    ABEIP_DATA
  43F304      199 Initialized Data    ABERROR_CONST
  43F4A0      AD0 Initialized Data    ABERROR_DATA
  43FF70       1D Initialized Data    ABFILE_CONST
  43FF90      147 Initialized Data    ABFILE_DATA
  4400D8        9 Initialized Data    ABFUZZY_CONST
  4400E4       B4 Initialized Data    ABFUZZY_DATA
  440198        9 Initialized Data    ABPOPUP_CONST
  4401A4       19 Initialized Data    ABQUERY_CONST
  4401C0       30 Initialized Data    ABRESIZE_CONST
  4401F0      23F Initialized Data    ABRESIZE_DATA
  440430       4C Initialized Data    ABTOOLBA_DATA
  44047C       8D Initialized Data    ABUTIL_CONST
  44050C      183 Initialized Data    ABUTIL_DATA
  440690        4 Initialized Data    ABWINDOW_CONST
  440694       3F Initialized Data    ABWINDOW_DATA
  4406D4       BD Initialized Data    AUDIOEXAMPLE001_CONST
  440794      4A8 Initialized Data    AUDIOEXAMPLE001_DATA
  440C3C       12 Initialized Data    AUDIOEXAMPLE_CONST
  440C50       7A Initialized Data    AUDIOEXAMPLE_DATA
  440CCC       48 Initialized Data    CWSYNCHC_DATA
  440D14       EA Initialized Data    DWRAUDIOCONTROL_CONST
  440E00       2B Initialized Data    DWRAUDIOCONTROL_DATA
  440E2C        2 Initialized Data    DWRTRACE_CONST
  440E30       28 Initialized Data    DWRTRACE_DATA
  440E58       44 Initialized Data    IEXE32_DATA
  440E9C     2B4D Initialized Data    STRINGTHEORY_CONST
  4439EC      CE0 Initialized Data    STRINGTHEORY_DATA
  4446CC        0 Initialized Data    __CPPINI_CONS
  4446CC      230 Initialized Data    __CPPINI_CONST
  4448FC        4 Initialized Data    __CPPINI_END
  444900        0 Initialized Data    __INIVMT_CONS
  444900       A8 Initialized Data    __INIVMT_CONST
  4449A8        0 Initialized Data    __INIVMT_CONST_END
  4449B0     1623 Un-initialized Data $FUZZYMATCHER_BSS
  445FD4       40 Un-initialized Data ABEIP_BSS
  446014      404 Un-initialized Data ABERROR_BSS
  446418       10 Un-initialized Data ABFILE_BSS
  446428        4 Un-initialized Data ABFUZZY_BSS
  44642C      104 Un-initialized Data ABUTIL_BSS
  446530      150 Un-initialized Data AUDIOEXAMPLE_BSS
  446680       28 Un-initialized Data STRINGTHEORY_BSS
  447000        8 __T_L_S__DAT
  447008       A8 __T_L_S__DATA
  4470B0        0 __T_L_S__DATA_END
  4470B0        0 __T_L_S__BS
  4470B0     1D40 __T_L_S__BSS
  448DF0        0 __T_L_S__BSS_END

  4014F4 KILL_@_WINDOWCOMPONENT_@_HISTHANDLERCLASS@F15WINDOWCOMPONENT
  4014F8 RESET_@_WINDOWCOMPONENT_@_HISTHANDLERCLASS@F15WINDOWCOMPONENTUc
  4014FC RESETREQUIRED_@_WINDOWCOMPONENT_@_HISTHANDLERCLASS@F15WINDOWCOMPONENT
  401500 SETALERTS_@_WINDOWCOMPONENT_@_HISTHANDLERCLASS@F15WINDOWCOMPONENT
  401504 TAKEEVENT_@_WINDOWCOMPONENT_@_HISTHANDLERCLASS@F15WINDOWCOMPONENT
  40150C UPDATE_@_WINDOWCOMPONENT_@_HISTHANDLERCLASS@F15WINDOWCOMPONENT
  401510 UPDATEWINDOW_@_WINDOWCOMPONENT_@_HISTHANDLERCLASS@F15WINDOWCOMPONENT
  401524 VLBPROC@F16HISTHANDLERCLASSls
  4015D0 TAKEEVENT@F16HISTHANDLERCLASS
  401698 INIT@F16HISTHANDLERCLASSBw10ERRORCLASS16ERRORHISTORYLIST
  4016A4 _VLBPROC@F16HISTHANDLERCLASSls
  4016B4 TAKEACCEPTED@F11MSGBOXCLASS
  4016F0 SETUPADDITIONALFEQS@F11MSGBOXCLASS
  401778 KILL@F11MSGBOXCLASS
  4017B8 INIT@F11MSGBOXCLASS
  401A68 INIT@F11MSGBOXCLASSBw10ERRORCLASSOsbllll
  401B00 FETCHSTDBUTTON@F11MSGBOXCLASSs
  401B34 GETALLSTATUSVARIABLES@F10ERRORCLASS16ERRORSTATUSGROUP
  401B64 GETERRORBUFFERFATALITY@F10ERRORCLASS
  401B94 GETERRORBUFFERTITLE@F10ERRORCLASS
  401BCC GETERRORBUFFERID@F10ERRORCLASS
  401BF0 STOREERRORENTRY@F10ERRORCLASSUs
  401D20 GETHISTORYRESETONVIEW@F10ERRORCLASS
  401D6C SETHISTORYRESETONVIEW@F10ERRORCLASSUc
  401DB4 GETHISTORYVIEWLEVEL@F10ERRORCLASS
  401E00 SETHISTORYVIEWLEVEL@F10ERRORCLASSl
  401E48 GETHISTORYTHRESHOLD@F10ERRORCLASS
  401E94 SETHISTORYTHRESHOLD@F10ERRORCLASSl
  401EDC GETLOGERRORS@F10ERRORCLASS
  401F28 GETSILENT@F10ERRORCLASS
  401F74 SETDEFAULTCATEGORY@F10ERRORCLASSsa
  401FBC GETDEFAULTCATEGORY@F10ERRORCLASS
  402008 VIEWHISTORY@F10ERRORCLASS
  402034 THROW@F10ERRORCLASSs
  402048 TAKEUSER@F10ERRORCLASS
  4020B4 TAKEPROGRAM@F10ERRORCLASS
  4020BC TAKEOTHER@F10ERRORCLASS
  4020C4 TAKENOTIFY@F10ERRORCLASS
  40211C TAKEFATAL@F10ERRORCLASS
  4021AC TAKEERROR@F10ERRORCLASSs
  4023B0 TAKEBENIGN@F10ERRORCLASS
  4023B4 SUBSSTRING@F10ERRORCLASS
  402790 SETPROCEDURENAME@F10ERRORCLASSOsb
  402840 GETERRORENTRY@F10ERRORCLASSUs15ERRORENTRYGROUPl
  4028E4 GETERRORENTRY@F10ERRORCLASSUs15ERRORENTRYGROUP
  402918 SETID@F10ERRORCLASSUsl
  402950 SETID@F10ERRORCLASSUs
  40296C SETERRORS@F10ERRORCLASS
  402A0C SETERRORLOG@F10ERRORCLASS17ERRORLOGINTERFACE
  402AAC SETCATEGORY@F10ERRORCLASSssa
  402AF8 RESETHISTORY@F10ERRORCLASS
  402B20 REMOVEERROR@F10ERRORCLASSUs
  402B60 MESSAGEBOX@F10ERRORCLASSUcsbOsbOsblll
  402BF8 MSG@F10ERRORCLASSsbOsbOsblll
  402F90 MESSAGE@F10ERRORCLASSsll
  403004 KILL@F10ERRORCLASS
  4030A8 INIT@F10ERRORCLASS16ERRORSTATUSCLASS
  403104 INIT@F10ERRORCLASS
  4031D8 HISTORYMSG@F10ERRORCLASSsblll
  403398 GETPROCEDURENAME@F10ERRORCLASS
  40346C GETCATEGORY@F10ERRORCLASSs
  4034F4 ADDHISTORY@F10ERRORCLASS
  403524 ADDERRORS@F10ERRORCLASS10ERRORBLOCK
  4036D0 ADDERROR@F10ERRORCLASSUsRsbRsbUcsa
  40377C DESTRUCT@F10ERRORCLASS
  403798 CONSTRUCT@F10ERRORCLASS
  4037B0 DESTRUCT@F16ERRORSTATUSCLASS
  4037E4 CONSTRUCT@F16ERRORSTATUSCLASS
  40391C CLOSE_@_ERRORLOGINTERFACE_@_STANDARDERRORLOGCLASS@F17ERRORLOGINTERFACEUc
  403924 OPEN_@_ERRORLOGINTERFACE_@_STANDARDERRORLOGCLASS@F17ERRORLOGINTERFACEUc
  40392C TAKE_@_ERRORLOGINTERFACE_@_STANDARDERRORLOGCLASS@F17ERRORLOGINTERFACEsb
  4039D0 CLOSE@F21STANDARDERRORLOGCLASSUc
  403A4C OPEN@F21STANDARDERRORLOGCLASSUc
  403AF4 DESTRUCT@F21STANDARDERRORLOGCLASS
  403B00 CONSTRUCT@F21STANDARDERRORLOGCLASS
  403B24 DESTRUCT@F12FILESMANAGER
  403B64 CONSTRUCT@F12FILESMANAGER
  403B94 TRYREGET@F11FILEMANAGERsb
  403C3C POSITION@F11FILEMANAGER
  403CBC SETOPTION@F10FUZZYCLASSUcUc
  403D20 KILL@F10FUZZYCLASS
  403D24 INIT@F10FUZZYCLASS
  403D38 CONSTRUCT@F10FUZZYCLASS
  403FC8 SETPRIORITIES@F17WINDOWRESIZECLASS13POSITIONGROUP
  404014 SETSIZE@F17WINDOWRESIZECLASSl13POSITIONGROUP
  4040C8 GETSIZEINFO@F17WINDOWRESIZECLASSl13POSITIONGROUP
  4041DC RESTORECONTROLS@F17WINDOWRESIZECLASS
  404230 TAKERESIZE@F17WINDOWRESIZECLASS
  404238 SETSTRATEGY@F17WINDOWRESIZECLASSlUsUs
  404344 SETPOSITION@F17WINDOWRESIZECLASSl13POSITIONGROUP13POSITIONGROUP13POSITIONGROUP13POSITIONGROUP
  404A28 SETPARENTDEFAULT@F17WINDOWRESIZECLASS
  404D14 SETPARENTDEFAULTS@F17WINDOWRESIZECLASS
  404D50 SETPARENTCONTROL@F17WINDOWRESIZECLASSll
  404DC4 RESTOREWINDOW@F17WINDOWRESIZECLASS
  404E70 WINDOWRESIZEEND@F17WINDOWRESIZECLASS
  404E74 WINDOWRESIZEBEGIN@F17WINDOWRESIZECLASS
  404E78 RESIZECHILDREN@F17WINDOWRESIZECLASSl13POSITIONGROUP13POSITIONGROUP
  405040 RESIZE@F17WINDOWRESIZECLASSl
  405378 RESIZE@F17WINDOWRESIZECLASS
  405388 RESET@F17WINDOWRESIZECLASS
  405678 KILL@F17WINDOWRESIZECLASS
  405704 INIT@F17WINDOWRESIZECLASSUcUcUc
  405914 GETCURRENTPOS@F17WINDOWRESIZECLASSl13POSITIONGROUP
  405950 GETORIGPOS@F17WINDOWRESIZECLASSl13POSITIONGROUP
  4059A0 GETRESIZESTRATEGY@F17WINDOWRESIZECLASSsOUc
  405B20 GETPOSITIONSTRATEGY@F17WINDOWRESIZECLASSsOUc
  405C98 GETPARENTCONTROL@F17WINDOWRESIZECLASSl
  405CBC TAKEEVENT@F12TOOLBARCLASSPl13WINDOWMANAGER
  405CE8 SETTARGET@F12TOOLBARCLASSl
  405D90 KILL@F12TOOLBARCLASS
  405DA8 INIT@F12TOOLBARCLASS
  405DC8 DISPLAYBUTTONS@F12TOOLBARCLASS
  405DF0 SETMASK@F15SELECTFILECLASSsbsb
  405E6C SETMASK@F15SELECTFILECLASSsb
  405EBC ASK@F15SELECTFILECLASSUc
  40601C ADDMASK@F15SELECTFILECLASSsb
  4060D8 INIT@F15SELECTFILECLASS
  406100 UPDATEQUEUE@F8INICLASSsbsbBqRuPuPuPu
  406324 UPDATE@F8INICLASSsbsbsb
  4063E0 UPDATE@F8INICLASSsbBw
  4065C0 UPDATE@F8INICLASS
  4065C4 TRYFETCH@F8INICLASSsbsb
  40663C REMOVE@F8INICLASSsbsb
  40679C KILL@F8INICLASS
  4068D4 INIT@F8INICLASSsbll
  4069EC FETCHQUEUE@F8INICLASSsbsbBqRuPuPuPu
  406C60 FETCHFIELD@F8INICLASSsbsbUc
  406DA0 FETCH@F8INICLASSsbsbRu
  406E64 FETCH@F8INICLASSsbBw
  4070C4 FETCH@F8INICLASSsbsb
  40719C FETCH@F8INICLASS
  4071A0 UPDATEWINDOWINFO@F8INICLASSsb10WINDOWINFO
  40740C FETCHWINDOWINFO@F8INICLASSsb10WINDOWINFO
  407684 UPDATE@F8INICLASSsbsbsbsb
  407870 FETCH@F8INICLASSsbsbsbsb
  407A94 DESTRUCT@F8INICLASS
  407AB0 CONSTRUCT@F8INICLASS
  407BA8 ONCLOSEEVENTCANCELLED@F13WINDOWMANAGER
  407BC0 SAVEONINSERTACTION@F13WINDOWMANAGER
  407C64 SAVEONCHANGEACTION@F13WINDOWMANAGER
  407D70 DELETEACTION@F13WINDOWMANAGER
  407F18 CHANGEACTION@F13WINDOWMANAGER
  40827C INSERTACTION@F13WINDOWMANAGER
  40846C TAKEDISABLEBUTTON@F13WINDOWMANAGERlUc
  408494 UPDATE@F13WINDOWMANAGER
  4084D0 TAKEWINDOWEVENT@F13WINDOWMANAGER
  4086F8 TAKESELECTED@F13WINDOWMANAGER
  4086FC TAKEREJECTED@F13WINDOWMANAGER
  408738 TAKENOTIFY@F13WINDOWMANAGERlll
  40873C TAKENEWSELECTION@F13WINDOWMANAGER
  4087BC TAKEFIELDEVENT@F13WINDOWMANAGER
  4087C0 TAKEEVENT@F13WINDOWMANAGER
  408974 TAKECLOSEEVENT@F13WINDOWMANAGER
  408AF4 TAKECOMPLETED@F13WINDOWMANAGER
  408BCC TAKEACCEPTED@F13WINDOWMANAGER
  408CB8 SETRESPONSE@F13WINDOWMANAGERUc
  408D04 SETALERTS@F13WINDOWMANAGER
  408DB4 SAVEHISTORY@F13WINDOWMANAGER
  408E5C RUN@F13WINDOWMANAGERUsUc
  408E60 RUN@F13WINDOWMANAGER
  408EAC RESTOREFIELD@F13WINDOWMANAGERl
  408F80 RESETBUFFERS@F13WINDOWMANAGERUc
  408FE4 RESET@F13WINDOWMANAGERUc
  40906C PRIMEUPDATE@F13WINDOWMANAGER
  4091B0 PRIMEFIELDS@F13WINDOWMANAGER
  4091B4 POSTCOMPLETED@F13WINDOWMANAGER
  40924C OPEN@F13WINDOWMANAGERBwBw
  409294 OPEN@F13WINDOWMANAGER
  4092D8 MODALEVENT@F13WINDOWMANAGER
  4093BC KILL@F13WINDOWMANAGER
  409510 INIT@F13WINDOWMANAGER
  40958C ASK@F13WINDOWMANAGER
  4095F0 ADDITEM@F13WINDOWMANAGER17WINDOWRESIZECLASS
  4095F8 ADDITEM@F13WINDOWMANAGER15WINDOWCOMPONENT
  409624 ADDITEM@F13WINDOWMANAGER12TOOLBARCLASS
  409638 ADDITEM@F13WINDOWMANAGERlUc
  40965C DISABLECANCELCONTROLS@F13WINDOWMANAGER
  4096B4 ENABLECANCELCONTROLS@F13WINDOWMANAGER
  40A07C AUDIOEXAMPLE001$MAINOLEEVENTHANDLER@FRsll
  40A138 MAIN@F
  40A388 AUDIOEXAMPLE_BC0$AUDIOEXAMPLE_BC0:FILESINIT@F
  40A38C AUDIOEXAMPLE_BC0$AUDIOEXAMPLE_BC0:DCTKILL@F
  40A390 AUDIOEXAMPLE_BC0$AUDIOEXAMPLE_BC0:DCTINIT@F
  40A394 DCTKILL@F
  40A39C DCTINIT@F
  40A3A8 _main
  40A450 DESTRUCT@F10DICTIONARY
  40A458 CONSTRUCT@F10DICTIONARY
  40A468 DESTRUCT@F15CRITICALSECTION
  40A47C CONSTRUCT@F15CRITICALSECTION
  40A490 KILL@F17CRITICALPROCEDURE
  40A4B4 INIT@F17CRITICALPROCEDURE11ISYNCOBJECT
  40A4D4 DESTRUCT@F17CRITICALPROCEDURE
  40A4DC CONSTRUCT@F17CRITICALPROCEDURE
  40A4E4 STOP@F15DWRAUDIOCONTROL
  40A524 SETVOLUMEMETERFOREGROUNDCOLOR@F15DWRAUDIOCONTROLll
  40A604 SETWAVEGRAPHFOREGROUNDCOLOR@F15DWRAUDIOCONTROLll
  40A6E4 SETWAVEGRAPHBACKGROUNDCOLOR@F15DWRAUDIOCONTROLll
  40A7C4 SETISPLAYING@F15DWRAUDIOCONTROLUc
  40A7CC SETDEVICEGUID@F15DWRAUDIOCONTROLsb
  40A83C SETAUDIOPOSITION@F15DWRAUDIOCONTROLl
  40A88C PLAY@F15DWRAUDIOCONTROL
  40A8CC LOADFILE@F15DWRAUDIOCONTROLsb
  40A948 GETSLIDERPOS@F15DWRAUDIOCONTROL
  40A980 GETPOSITION@F15DWRAUDIOCONTROL
  40A9B0 GETOUTPUTDEVICES@F15DWRAUDIOCONTROL
  40A9D8 GETISPLAYING@F15DWRAUDIOCONTROL
  40A9E0 GETFILEFORMAT@F15DWRAUDIOCONTROL
  40AA10 CREATEOLE@F15DWRAUDIOCONTROLl
  40AA48 DESTRUCT@F15DWRAUDIOCONTROL
  40AA4C CONSTRUCT@F15DWRAUDIOCONTROL
  40AA50 KILL@F15DWRAUDIOCONTROL
  40AA78 TRACE@F8DWRTRACEsb
  40AB24 GETLASTERROR@F8DWRTRACE
  40ABC8 FORMATMESSAGE@F8DWRTRACEl
  40AC4C DESTRUCT@F8DWRTRACE
  40AC50 CONSTRUCT@F8DWRTRACE
  40AEE4 __thr_inst0
  40E6F4 SORTCASEINSENSITIVE@F14LINESGROUPTYPE14LINESGROUPTYPE
  40E76C SORTLENGTH@F14LINESGROUPTYPE14LINESGROUPTYPE
  40E80C SORTCASESENSITIVE@F14LINESGROUPTYPE14LINESGROUPTYPE
  40E85C DEFORMATUNIXTIMESTAMP@F14STRINGDEFORMATsbOsb
  40EC94 DEFORMATDATETEXT@F14STRINGDEFORMATlsbsbsbsb
  4110FC DEFORMATDATE@F14STRINGDEFORMATsbOsb
  4130B8 DEFORMATTIME@F14STRINGDEFORMATsbOsb
  413DD0 DEFORMATTIMEHOURS@F14STRINGDEFORMATsbOsb
  413E58 DEFORMATNUMBER@F14STRINGDEFORMATsbOsb
  4141D8 DEFORMATHEX@F14STRINGDEFORMATsbOsb
  414404 DEFORMATPATTERN@F14STRINGDEFORMATsbOsb
  4145DC DEFORMATSCIENTIFIC@F14STRINGDEFORMATsbOsb
  414638 DEFORMATVALUE@F14STRINGDEFORMATsbOsb
  41494C DATEFROMWEEK@F14STRINGDEFORMATsbll
  414AC0 TRANSLATE@F14STRINGDEFORMATsb
  414AF4 FORMATPATTERN@F12STRINGFORMATsb13STRINGPICTUREl
  414C04 FORMATHEX@F12STRINGFORMATsb13STRINGPICTUREl
  414F00 FORMATUNIXTIMESTAMP@F12STRINGFORMATd13STRINGPICTUREl
  415430 FORMATNUMBER@F12STRINGFORMATdsbl
  415580 FORMATTIMEHOURS@F12STRINGFORMATdsbl
  41561C FORMATTIME@F12STRINGFORMATd13STRINGPICTUREl
  416980 FORMATTIME@F12STRINGFORMATdsbl
  416A10 WEEK@F12STRINGFORMATlRlRlRl
  416B8C FORMATDATE@F12STRINGFORMATd13STRINGPICTUREl
  4172BC FORMATDATE@F12STRINGFORMATdsbl
  41734C FORMATVALUE@F12STRINGFORMATsbOsbl
  417888 UTCTIME@F8UNIXDATE
  4178D8 UTCDATE@F8UNIXDATE
  417918 CLARIONTOUNIXDATE@F8UNIXDATElll
  417A18 UNIXTOCLARIONTIME@F8UNIXDATEdl
  417B1C UNIXTOCLARIONDATE@F8UNIXDATEdl
  417BF0 TRACE@F8UNIXDATEsb
  417C64 _BLOCKBOUND@F13STRINGPICTUREsbsbRl
  417CC0 _BLOCKBOUND@F13STRINGPICTURERsbsbRl
  417DC0 _BLOCK@F13STRINGPICTUREsbsbRll
  417E1C _BLOCK@F13STRINGPICTURERsbsbRll
  417EEC TRACE@F13STRINGPICTUREsb
  417F60 INTERPRETHEXPICTURE@F13STRINGPICTURE
  417FF4 INTERPRETUNIXTIMESTAMPPICTURE@F13STRINGPICTURE
  4180E8 INTERPRETKEYINPICTURE@F13STRINGPICTURE
  418100 INTERPRETPATTERNPICTURE@F13STRINGPICTURE
  418118 INTERPRETNUMERICPICTURE@F13STRINGPICTURE
  418134 INTERPRETSCIENTIFICPICTURE@F13STRINGPICTURE
  418150 INTERPRETSTRINGPICTURE@F13STRINGPICTURE
  4181A8 INTERPRETTIMEHOURSPICTURE@F13STRINGPICTURE
  4181C4 INTERPRETTIMEPICTURE@F13STRINGPICTURE
  4187F4 INTERPRETDATEPICTURE@F13STRINGPICTURE
  419264 INTERPRETPICTURE@F13STRINGPICTUREOsb
  419430 PARSEHEXPICTURE@F13STRINGPICTUREOsb
  419678 PARSEUNIXTIMESTAMPPICTURE@F13STRINGPICTUREOsb
  419B3C PARSEKEYINPICTURE@F13STRINGPICTUREOsb
  419C78 PARSEPATTERNPICTURE@F13STRINGPICTUREOsb
  419DB4 PARSENUMERICPICTURE@F13STRINGPICTUREOsb
  41A1B4 PARSESCIENTIFICPICTURE@F13STRINGPICTUREOsb
  41A40C PARSESTRINGPICTURE@F13STRINGPICTUREOsb
  41A540 PARSETIMEHOURSPICTURE@F13STRINGPICTUREOsb
  41A610 PARSETIMEPICTURE@F13STRINGPICTUREOsb
  41ABF0 PARSEDATEPICTURE@F13STRINGPICTUREOsb
  41AF74 PARSEPICTURE@F13STRINGPICTUREOsb
  41B2DC CREATEHEXPICTURE@F13STRINGPICTUREl
  41B34C CREATEUNIXTIMESTAMPPICTURE@F13STRINGPICTUREl
  41B4F4 CREATEKEYINPICTURE@F13STRINGPICTUREl
  41B604 CREATEPATTERNPICTURE@F13STRINGPICTUREl
  41B714 CREATENUMERICPICTURE@F13STRINGPICTUREl
  41B9D4 CREATESCIENTIFICPICTURE@F13STRINGPICTUREl
  41BBF0 CREATESTRINGPICTURE@F13STRINGPICTUREl
  41BD60 CREATETIMEHOURSPICTURE@F13STRINGPICTUREl
  41BDA0 CREATETIMEPICTURE@F13STRINGPICTUREl
  41C164 CREATEDATEPICTURE@F13STRINGPICTUREl
  41C3FC CREATEPICTURE@F13STRINGPICTUREOsbl
  41C574 SETDEFORMATVALUE@F12STRINGTHEORYsbsb
  41C5FC SETDEFORMATVALUE@F12STRINGTHEORYsb
  41C67C SETFORMATVALUE@F12STRINGTHEORYsbsb
  41C70C SETFORMATVALUE@F12STRINGTHEORYsb
  41C794 DEFORMATVALUE@F12STRINGTHEORYsbsb
  41C818 DEFORMATVALUE@F12STRINGTHEORYsb
  41C88C FORMATVALUE@F12STRINGTHEORYsbsb
  41C918 FORMATVALUE@F12STRINGTHEORYsb
  41C990 _IANANAMETONUMBER@F12STRINGTHEORYsb
  41D058 FORMATHTML@F12STRINGTHEORY
  41D580 ASNENCODENUMBER@F12STRINGTHEORYsbl
  41D624 ASNENCODE@F12STRINGTHEORYsbOsb
  41D720 ASNDECODE@F12STRINGTHEORYRl12STRINGTHEORYPsb
  41D990 CONVERTANSITOOEM@F12STRINGTHEORY
  41D9D8 CONVERTOEMTOANSI@F12STRINGTHEORY
  41DA20 ENDSWITH@F12STRINGTHEORYsbll
  41DB08 STARTSWITH@F12STRINGTHEORYsbll
  41DBD0 ISTIME@F12STRINGTHEORY
  41DCF8 ISTIME@F12STRINGTHEORYsb
  41DD90 DEFORMATTIME@F12STRINGTHEORY
  41DE08 DEFORMATTIME@F12STRINGTHEORYsb
  41DE84 FORMATTIME@F12STRINGTHEORYsb
  41DF08 FORMATTIME@F12STRINGTHEORYsbsb
  41DFA4 LINEENDINGS@F12STRINGTHEORYll
  41E374 MERGEXML@F12STRINGTHEORYsbl
  41E4A0 GUNZIP@F12STRINGTHEORYl
  41E840 GZIP@F12STRINGTHEORYl
  41EBE4 LOADNORMALIZE@F12STRINGTHEORY
  41ECD0 LOADLIBS@F12STRINGTHEORY
  41EE88 PEEKRAM@F12STRINGTHEORY12STRINGTHEORYUlll
  41F23C PEEKRAM@F12STRINGTHEORYUlll
  41F350 PEEKRAM@F12STRINGTHEORYl
  41F364 CLEANFILENAME@F12STRINGTHEORYOsbOsb
  41F4D0 GUIDDECODE@F12STRINGTHEORY
  41F4DC GUIDENCODE@F12STRINGTHEORYl
  41F754 URLDECODE@F12STRINGTHEORYOsbOsb
  41FA8C URLENCODE@F12STRINGTHEORYlOsbOsbOsb
  420478 URLENCODE@F12STRINGTHEORYsblsbsbsb
  4205A4 _COLORFROMCSL@F12STRINGTHEORYsb
  4207AC _COLORFROMHEX@F12STRINGTHEORYsb
  42099C _COLORTOHEX@F12STRINGTHEORYl
  420A74 COLORTOLONG@F12STRINGTHEORYsb
  420D98 COLORFROMHEX@F12STRINGTHEORYsb
  420DD8 COLORTOHEX@F12STRINGTHEORYsbl
  423BE8 REPLACELAST@F12STRINGTHEORYsbsblll
  423CD0 FINDLAST@F12STRINGTHEORYsblll
  423D28 REPLACENTH@F12STRINGTHEORYsbsbllll
  423E18 FINDNTH@F12STRINGTHEORYsbllll
  424118 FINDCHARS@F12STRINGTHEORYsbllsb
  4241C8 FINDCHARS@F12STRINGTHEORYsbllRsb
  424268 FINDCHARS@F12STRINGTHEORYRsbllRsb
  424310 FINDCHARS@F12STRINGTHEORYsbll
  4243AC FINDCHARS@F12STRINGTHEORYRsbll
  42442C FINDCHARS@F12STRINGTHEORYsbl
  4244AC FINDCHARS@F12STRINGTHEORYRsbl
  4244F0 FINDCHARS@F12STRINGTHEORYsb
  424534 FINDCHARS@F12STRINGTHEORYRsb
  424548 FINDCHARSADDR@F12STRINGTHEORYRsbll
  42462C FINDENDOFSTRING@F12STRINGTHEORYlll
  4246DC _MEMICHR@F12STRINGTHEORYlll
  42474C _MEMICHRS@F12STRINGTHEORYRsbll
  424830 _MEMCHRS@F12STRINGTHEORYRsbll
  4248EC REMOVEBYTE@F12STRINGTHEORYUc
  4249B0 REPLACEBYTE@F12STRINGTHEORYUcUc
  424A1C COUNTBYTE@F12STRINGTHEORYUcll
  424A94 COUNTBYTE@F12STRINGTHEORYUcl
  424AEC COUNTBYTE@F12STRINGTHEORYUc
  424B2C FINDBYTE@F12STRINGTHEORYUcllRsb
  424B98 FINDBYTE@F12STRINGTHEORYUcllsb
  424C1C FINDBYTE@F12STRINGTHEORYUcll
  424C80 FINDBYTE@F12STRINGTHEORYUcl
  424CEC FINDBYTE@F12STRINGTHEORYUc
  424D24 FINDCHAR@F12STRINGTHEORYsbllRsb
  424DB0 FINDCHAR@F12STRINGTHEORYsbllsb
  424E4C FINDCHAR@F12STRINGTHEORYsbll
  424ED4 FINDCHAR@F12STRINGTHEORYsbl
  424F6C FINDCHAR@F12STRINGTHEORYsb
  424FCC UNQUOTE@F12STRINGTHEORYOsbOsb
  4250A4 QUOTE@F12STRINGTHEORYOsbOsb
  4251E8 INSERTEVERY@F12STRINGTHEORYlRsb
  425318 INSERTEVERY@F12STRINGTHEORYlsb
  425350 INSERT@F12STRINGTHEORYlRsb
  425558 INSERT@F12STRINGTHEORYlsb
  425590 INSERT@F12STRINGTHEORYl12STRINGTHEORY
  4255B8 SETSLICE@F12STRINGTHEORYllsb
  425634 STR@F12STRINGTHEORYRsb
  425688 STR@F12STRINGTHEORYsb
  4256F8 STR@F12STRINGTHEORY
  425730 REVERSEBYTEORDER@F12STRINGTHEORY
  42573C LITTLEENDIAN@F12STRINGTHEORYUl
  425748 BIGENDIAN@F12STRINGTHEORYUl
  425754 SWITCHENDIAN@F12STRINGTHEORYUl
  42578C LITTLEENDIAN@F12STRINGTHEORY
  4257BC BIGENDIAN@F12STRINGTHEORY
  4257EC _SWITCHENDIAN@F12STRINGTHEORY
  42583C MATCHBRACKETS@F12STRINGTHEORYsbsbl
  425A54 KEEPCHARS@F12STRINGTHEORYsb
  425BF0 KEEPCHARS@F12STRINGTHEORYsbsb
  425D28 REMOVECHARS@F12STRINGTHEORYsb
  425E78 ISALL@F12STRINGTHEORYsbOsbl
  425F68 ISASCII@F12STRINGTHEORY
  425F98 CONTAINSCHAR@F12STRINGTHEORYsbsb
  426014 CONTAINSCHAR@F12STRINGTHEORYsbRsb
  426090 CONTAINSCHAR@F12STRINGTHEORYsb
  4260F8 CONTAINSBYTE@F12STRINGTHEORYUcsb
  42613C CONTAINSBYTE@F12STRINGTHEORYUcRsb
  426184 CONTAINSBYTE@F12STRINGTHEORYUc
  4261AC CONTAINSA@F12STRINGTHEORYsbOsbl
  4262AC ISALLLOWER@F12STRINGTHEORY
  4262E4 ISLOWER@F12STRINGTHEORY
  42631C ISALLUPPER@F12STRINGTHEORY
  426354 ISUPPER@F12STRINGTHEORY
  42638C ISEMPTY@F12STRINGTHEORY
  4263C4 ISALLDIGITS@F12STRINGTHEORY
  4263FC CONTAINSADIGIT@F12STRINGTHEORY
  426434 SQUEEZE@F12STRINGTHEORYlOsbl
  426560 SETALL@F12STRINGTHEORYl
  4265A8 ALL@F12STRINGTHEORYl
  4265F4 SETRIGHT@F12STRINGTHEORYllOsb
  426670 RIGHT@F12STRINGTHEORYllOsb
  426814 SETLEFT@F12STRINGTHEORYllOsb
  426890 LEFT@F12STRINGTHEORYllOsb
  426A58 REVERSE@F12STRINGTHEORY
  426AE0 REVERSE@F12STRINGTHEORYsb
  426BA0 TRIM@F12STRINGTHEORYsb
  426C5C TRIM@F12STRINGTHEORY
  426D00 CLIP@F12STRINGTHEORYsb
  426DB8 CLIP@F12STRINGTHEORY
  426E24 TAIL@F12STRINGTHEORYl
  426E64 TOP@F12STRINGTHEORYl
  426E88 REMOVELEADING@F12STRINGTHEORYsbl
  426F50 REMOVEFROMPOSITION@F12STRINGTHEORYll
  426FFC REMOVE@F12STRINGTHEORYsbOsblll
  427500 REMOVE@F12STRINGTHEORYsbOsbll
  42765C REMOVE@F12STRINGTHEORYsbOsbl
  4277C0 REMOVE@F12STRINGTHEORYsbsb
  4278C0 REMOVE@F12STRINGTHEORYsb
  427964 CHARTODECENTITY@F12STRINGTHEORYll
  427B0C DECENTITYTOCHAR@F12STRINGTHEORY
  427F60 HTMLENTITYTODEC@F12STRINGTHEORY
  429DD8 REMOVEXMLPREFIXES@F12STRINGTHEORY
  429E80 REMOVEATTRIBUTES@F12STRINGTHEORYsbl
  42A074 COUNTWORDS@F12STRINGTHEORYllOsbl
  42A130 WORDEND@F12STRINGTHEORYllOsbl
  42A530 WORDSTART@F12STRINGTHEORYlllOsb
  42A780 GETWORD@F12STRINGTHEORYlllOsbl
  42A7EC FINDWORD@F12STRINGTHEORYlllRlRlOsbl
  42AA04 GETBYTES@F12STRINGTHEORYRusbl
  42AE48 SETBYTES@F12STRINGTHEORYRusbl
  42B378 GETBYTES@F12STRINGTHEORYRspl
  42B398 GETBYTES@F12STRINGTHEORYRsbl
  42B3B8 GETBYTES@F12STRINGTHEORYRscl
  42B3D8 GETBYTES@F12STRINGTHEORYRel
  42B3FC GETBYTES@F12STRINGTHEORYRdl
  42B418 GETBYTES@F12STRINGTHEORYRfl
  42B434 GETBYTES@F12STRINGTHEORYRUll
  42B450 GETBYTES@F12STRINGTHEORYRll
  42B464 GETBYTES@F12STRINGTHEORYRUsl
  42B480 GETBYTES@F12STRINGTHEORYRsl
  42B49C GETBYTES@F12STRINGTHEORYRUcl
  42B4B8 SETBYTES@F12STRINGTHEORYRsp
  42B4DC SETBYTES@F12STRINGTHEORYRsb
  42B4EC SETBYTES@F12STRINGTHEORYRsc
  42B50C SETBYTES@F12STRINGTHEORYRe
  42B550 SETBYTES@F12STRINGTHEORYRd
  42B564 SETBYTES@F12STRINGTHEORYRf
  42B578 SETBYTES@F12STRINGTHEORYRUl
  42B58C SETBYTES@F12STRINGTHEORYRl
  42B5A0 SETBYTES@F12STRINGTHEORYRUs
  42B5B4 SETBYTES@F12STRINGTHEORYRs
  42B5C8 SETBYTES@F12STRINGTHEORYRUc
  42B5DC FROMBYTES@F12STRINGTHEORYRsbRspl
  42B600 FROMBYTES@F12STRINGTHEORYRsbRsbl
  42B624 FROMBYTES@F12STRINGTHEORYRsbRscl
  42B648 FROMBYTES@F12STRINGTHEORYRsbRel
  42B694 FROMBYTES@F12STRINGTHEORYRsbRdl
  42B6CC FROMBYTES@F12STRINGTHEORYRsbRfl
  42B704 FROMBYTES@F12STRINGTHEORYRsbRUll
  42B73C FROMBYTES@F12STRINGTHEORYRsbRll
  42B774 FROMBYTES@F12STRINGTHEORYRsbRUsl
  42B7AC FROMBYTES@F12STRINGTHEORYRsbRsl
  42B7E4 FROMBYTES@F12STRINGTHEORYRsbRUcl
  42B81C TOBYTES@F12STRINGTHEORYRsbRsbl
  42B840 TOBYTES@F12STRINGTHEORYRspRsbl
  42B86C TOBYTES@F12STRINGTHEORYRscRsbl
  42B890 TOBYTES@F12STRINGTHEORYReRsbl
  42B8B0 TOBYTES@F12STRINGTHEORYRdRsbl
  42B8E8 TOBYTES@F12STRINGTHEORYRfRsbl
  42B920 TOBYTES@F12STRINGTHEORYRUlRsbl
  42B958 TOBYTES@F12STRINGTHEORYRlRsbl
  42B990 TOBYTES@F12STRINGTHEORYRUsRsbl
  42B9C4 TOBYTES@F12STRINGTHEORYRsRsbl
  42B9F8 TOBYTES@F12STRINGTHEORYRUcRsbl
  42BA28 STRCPY@F12STRINGTHEORYRsbRsbl
  42BAD4 WRAPTEXT@F12STRINGTHEORYlll
  42C0CC FROMHEX@F12STRINGTHEORY
  42C1AC TOHEX@F12STRINGTHEORYll
  42C2AC HEXTOSTRING@F12STRINGTHEORYsb
  42C4FC STRINGTOHEX@F12STRINGTHEORYsbll
  42C540 STRINGTOHEX@F12STRINGTHEORYRsbll
  42C650 LONGTOHEX@F12STRINGTHEORYl
  42C700 HEXTOBYTE@F12STRINGTHEORYsb
  42C754 BYTETOHEX@F12STRINGTHEORYUc
  42C7B4 BASETODEC@F12STRINGTHEORYsbl
  42C960 DECTOBASE@F12STRINGTHEORYlll
  42CAC8 ISVALIDUTF8@F12STRINGTHEORY
  42CB18 NORMALIZE@F12STRINGTHEORYll
  42CDDC UTF16TOUTF8CHAR@F12STRINGTHEORYsbRl
  42D03C DECODEHEXINLINE@F12STRINGTHEORYsbll
  42D214 DECODEHEXINLINE@F12STRINGTHEORYl
  42D288 TOUNICODE@F12STRINGTHEORYll
  42D444 TOANSI@F12STRINGTHEORYlll
  42D630 TOANSI@F12STRINGTHEORYll
  42D840 APIANSITOUTF8@F12STRINGTHEORYRsbRl
  42D874 APIUTF8TOANSI@F12STRINGTHEORYRsbRl
  42D8A8 ANSITOUTF8@F12STRINGTHEORYRsbRll
  42D9B8 UTF8TOANSI@F12STRINGTHEORYRsbRll
  42DAB4 UTF16TO8@F12STRINGTHEORYRsbRll
  42DCCC UTF8TO16@F12STRINGTHEORYRsbRl
  42DE04 UTF16TOANSI@F12STRINGTHEORYRsbRllUl
  42DF7C ANSITOUTF16@F12STRINGTHEORYRsbRlUl
  42E0C4 LONGDIVISION@F12STRINGTHEORYlRll
  42E248 CHANGEBASE@F12STRINGTHEORYll
  42E33C FROMBLOB@F12STRINGTHEORYBb
  42E434 TOBLOB@F12STRINGTHEORYBb
  42E54C SETAFTERNTH@F12STRINGTHEORYsblllll
  42E5F4 SETAFTERLAST@F12STRINGTHEORYsbllll
  42E6AC SETAFTER@F12STRINGTHEORYsbllll
  42E808 AFTERNTH@F12STRINGTHEORYsbllll
  42E8A4 AFTERLAST@F12STRINGTHEORYsblll
  42E960 AFTER@F12STRINGTHEORYsblll
  42EAC4 FINDBETWEENPOSITION@F12STRINGTHEORYsbsbRlRlll
  42ED4C SETBETWEEN@F12STRINGTHEORYsbsblllll
  42EE24 FINDBETWEEN@F12STRINGTHEORYsbsbRlRlll
  42EED0 BETWEEN@F12STRINGTHEORYsbsbllll
  42EF54 SETBEFORENTH@F12STRINGTHEORYsblllll
  42EFFC SETBEFORELAST@F12STRINGTHEORYsbllll
  42F0AC SETBEFORE@F12STRINGTHEORYsbllll
  42F204 BEFORENTH@F12STRINGTHEORYsbllll
  42F288 BEFORELAST@F12STRINGTHEORYsblll
  42F32C BEFORE@F12STRINGTHEORYsblll
  42F478 ADDBOM@F12STRINGTHEORYl
  42F564 SETENCODINGFROMBOM@F12STRINGTHEORYl
  42F660 SAVEFILEA@F12STRINGTHEORYsbsbl
  42F6C4 SAVEFILE@F12STRINGTHEORYRsbsbll
  42F934 SAVEFILE@F12STRINGTHEORYsbl
  42F9B0 LOADFILE@F12STRINGTHEORYsblll
  42FDEC URLPARAMETER@F12STRINGTHEORYsbOsb
  430094 URLPARAMETERSONLY@F12STRINGTHEORYOsb
  4301F4 URLFILEONLY@F12STRINGTHEORYOsb
  4303FC URLPATHONLY@F12STRINGTHEORYOsbl
  4305E0 URLPORTONLY@F12STRINGTHEORYOsb
  4307B0 URLHOSTONLY@F12STRINGTHEORYOsbl
  4309B8 URLPROTOCOLONLY@F12STRINGTHEORYOsb
  430AE4 PATHONLY@F12STRINGTHEORYOsb
  430C04 FILENAMEONLY@F12STRINGTHEORYOsbl
  430E94 LOWER@F12STRINGTHEORYOsbOsb
  430FB8 UPPER@F12STRINGTHEORYOsbOsb
  4310DC TRACE@F12STRINGTHEORYOsb
  431290 TRACE@F12STRINGTHEORYBq
  431370 TOCSTRING@F12STRINGTHEORY
  431420 GETCODEPAGEFROMCHARSET@F12STRINGTHEORYOl
  4314E0 SUB@F12STRINGTHEORYll
  431574 FILTER@F12STRINGTHEORYsbsbll
  4318E0 SORT@F12STRINGTHEORYl
  431920 SORT@F12STRINGTHEORYlsbOsbOsbll
  431A20 SPLITBETWEEN@F12STRINGTHEORYsbsbll
  431B6C SPLITBYMATCH@F12STRINGTHEORYsbl
  431C94 SPLITEVERY@F12STRINGTHEORYl
  431D80 SPLIT@F12STRINGTHEORYsbOsbOsblllOsbl
  431EE4 SLICE@F12STRINGTHEORYll
  431F58 ADJUSTLENGTH@F12STRINGTHEORYl
  431F8C SETLENGTH@F12STRINGTHEORYll
  4320E4 REMOVEHTML@F12STRINGTHEORY
  432210 REPLACESINGLECHARS@F12STRINGTHEORYsbsbl
  43230C REPLACESINGLECHARS@F12STRINGTHEORYsbsb
  4323E8 REPLACEEXCEPTBETWEEN@F12STRINGTHEORYsbOsbsbsbllll
  4327A0 REPLACEBETWEEN@F12STRINGTHEORYsbOsbsbsblllll
  432BA4 REPLACE@F12STRINGTHEORYsbsbllll
  432F20 REPLACE@F12STRINGTHEORYsbsblllll
  4330E4 RECORDS@F12STRINGTHEORY
  4330FC MAKEGUID4@F12STRINGTHEORYl
  4331BC MAKEGUID@F12STRINGTHEORYll
  4331DC SETRANDOM@F12STRINGTHEORYllOsb
  43372C RANDOM@F12STRINGTHEORYllOsb
  4337A4 SEEDRANDOM@F12STRINGTHEORY
  4337F8 PREPEND@F12STRINGTHEORY12STRINGTHEORY
  433820 PREPEND@F12STRINGTHEORY12STRINGTHEORYsb
  43387C PREPEND@F12STRINGTHEORY12STRINGTHEORYlsb
  433914 PREPEND@F12STRINGTHEORYRsb
  433A10 PREPEND@F12STRINGTHEORYsb
  433A48 PREPEND@F12STRINGTHEORYsblsb
  433CB8 PREPEND@F12STRINGTHEORYsbl
  433D50 MD5@F12STRINGTHEORYlPsbl
  433E04 _MALLOC@F12STRINGTHEORYlll
  433F6C CHARS@F12STRINGTHEORYlOsb
  43409C RESERVECAPACITY@F12STRINGTHEORYl
  4340D8 RELEASESPARECAPACITY@F12STRINGTHEORY
  4340F8 SPARECAPACITY@F12STRINGTHEORY
  434104 CAPACITY@F12STRINGTHEORY
  434108 LEN@F12STRINGTHEORY
  43410C LENGTHA@F12STRINGTHEORY
  434110 LENGTH@F12STRINGTHEORY
  434114 JOIN@F12STRINGTHEORYsbOsbOsbl
  43454C SERIALIZEGROUP@F12STRINGTHEORYRg12STRINGTHEORYOsbOsblll
  434A70 SERIALIZEQUEUE@F12STRINGTHEORYBqOsb12STRINGTHEORYOsbOsblll
  434CDC SERIALIZEGROUP@F12STRINGTHEORYRgOsbOsbOsblll
  434E70 SERIALIZEQUEUE@F12STRINGTHEORYBqOsbOsbOsbOsblll
  434FF0 REMOVELINES@F12STRINGTHEORYsb
  435110 REMOVELINES@F12STRINGTHEORY
  435188 DELETELINE@F12STRINGTHEORYl
  4351D4 ADDLINE@F12STRINGTHEORYRsb
  4351E8 ADDLINE@F12STRINGTHEORYsb
  435220 ADDLINE@F12STRINGTHEORYlRsb
  435300 ADDLINE@F12STRINGTHEORYlsb
  435338 SETLINE@F12STRINGTHEORYl12STRINGTHEORY
  435368 SETLINE@F12STRINGTHEORYlRsb
  435490 SETLINE@F12STRINGTHEORYlsb
  4354C8 INLINE@F12STRINGTHEORYsblllllll
  435944 GETBUFFERLENGTH@F12STRINGTHEORY
  435948 GETLINES@F12STRINGTHEORYllsb
  435BB8 GETLINE@F12STRINGTHEORYl
  435C68 GETVAL@F12STRINGTHEORY
  435C7C GETVALUE@F12STRINGTHEORYl
  435CD0 GETVALUE@F12STRINGTHEORY
  435D08 FORMATMESSAGE@F12STRINGTHEORYl
  435D54 EXTENSIONONLY@F12STRINGTHEORYOsb
  435E88 ERRORTRAP@F12STRINGTHEORYsbsbUc
  436000 CAPITALIZE@F12STRINGTHEORYlllOsb
  4361C4 COUNT@F12STRINGTHEORYsbllllll
  436548 FINDMATCHPOSITION@F12STRINGTHEORYsbRlRlll
  4366DC FINDMATCH@F12STRINGTHEORYsbRlRlll
  436768 MATCH@F12STRINGTHEORYsbllll
  436858 INSTRING@F12STRINGTHEORYsblllll
  436D98 INSTRING@F12STRINGTHEORYsbllll
  436E3C INSTRING@F12STRINGTHEORYRsblll
  436EA4 INSTRING@F12STRINGTHEORYsblll
  436F3C INSTRING@F12STRINGTHEORYRsbll
  436FD4 INSTRING@F12STRINGTHEORYsbll
  4370B8 INSTRING@F12STRINGTHEORYRsbl
  437114 INSTRING@F12STRINGTHEORYsbl
  4371AC INSTRING@F12STRINGTHEORYRsb
  4371E0 INSTRING@F12STRINGTHEORYsb
  437248 CROP@F12STRINGTHEORYll
  4372DC CLIPLENGTH@F12STRINGTHEORY
  43731C CLIPLEN@F12STRINGTHEORY
  437328 FREELINES@F12STRINGTHEORY
  437388 FREE@F12STRINGTHEORYll
  437438 FREE@F12STRINGTHEORYl
  437490 FREE@F12STRINGTHEORY
  4374C4 ZEROXDECODE@F12STRINGTHEORY
  4375F4 ZEROXENCODE@F12STRINGTHEORY
  437748 XMLDECODE@F12STRINGTHEORY
  437890 XMLENCODE@F12STRINGTHEORYl
  437F00 JSONDECODE@F12STRINGTHEORY
  438124 JSONENCODE@F12STRINGTHEORYl
  4384A4 ENCODEDWORDENCODE@F12STRINGTHEORYOsbl
  438688 ENCODEDWORDDECODE@F12STRINGTHEORY
  438CB0 QUOTEDPRINTABLEDECODE@F12STRINGTHEORY
  438D10 QUOTEDPRINTABLEENCODE@F12STRINGTHEORY
  438EF4 BASE85DECODE@F12STRINGTHEORY
  439254 BASE85ENCODE@F12STRINGTHEORYl
  43971C BASE64DECODE@F12STRINGTHEORYRsbRl
  439970 BASE64DECODE@F12STRINGTHEORY
  4399D8 BASE64ENCODE@F12STRINGTHEORYRsbRl
  439F3C BASE64ENCODE@F12STRINGTHEORYl
  43A1BC BASE32DECODE@F12STRINGTHEORYlOsb
  43ABF4 BASE32ENCODE@F12STRINGTHEORYlOsb
  43B174 GETADDRESS@F12STRINGTHEORY
  43B178 GETVALUEPTR@F12STRINGTHEORYll
  43B1F0 GETVALUEPTR@F12STRINGTHEORYl
  43B254 GETVALUEPTR@F12STRINGTHEORY
  43B294 ABBREVIATE@F12STRINGTHEORYlll
  43B3BC ASSIGN@F12STRINGTHEORYsb
  43B3F0 ASSIGN@F12STRINGTHEORYRsb
  43B400 SWAP@F12STRINGTHEORY12STRINGTHEORY
  43B408 _STEALVALUE@F12STRINGTHEORYRsb
  43B44C _STEALVALUE@F12STRINGTHEORY12STRINGTHEORY
  43B4F0 _SETVALUEPOINTER@F12STRINGTHEORYllll
  43B658 _GETNEXTBUFFERSIZE@F12STRINGTHEORYl
  43B6FC EQUALS@F12STRINGTHEORYsbl
  43B7D0 EQUALS@F12STRINGTHEORY12STRINGTHEORYl
  43B8AC _EQUALSUNICODE@F12STRINGTHEORY12STRINGTHEORYl
  43BA24 _EQUALSUNICODE@F12STRINGTHEORYRsbl
  43BAE8 SETVALUEBYCSTRINGADDRESS@F12STRINGTHEORYll
  43BBA0 SETVALUEBYADDRESS@F12STRINGTHEORYll
  43BD00 SETVALUE@F12STRINGTHEORYRsbl
  43BE98 SETVALUE@F12STRINGTHEORYsbl
  43BEC8 SETVALUE@F12STRINGTHEORY12STRINGTHEORYl
  43BF2C SETVALUE@F12STRINGTHEORY12STRINGTHEORY
  43C020 CATADDR@F12STRINGTHEORYll
  43C1AC CAT@F12STRINGTHEORYRUc
  43C25C CAT@F12STRINGTHEORYRsbl
  43C340 CAT@F12STRINGTHEORYRsb
  43C428 CAT@F12STRINGTHEORYsbl
  43C4F0 CAT@F12STRINGTHEORYsb
  43C5B4 CAT@F12STRINGTHEORY12STRINGTHEORYl
  43C690 CAT@F12STRINGTHEORY12STRINGTHEORY
  43C764 APPEND@F12STRINGTHEORY12STRINGTHEORY
  43C838 APPEND@F12STRINGTHEORY12STRINGTHEORYsb
  43C87C APPEND@F12STRINGTHEORY12STRINGTHEORYlsb
  43C9A8 APPEND@F12STRINGTHEORYRsblsb
  43CBB0 APPEND@F12STRINGTHEORYsblsb
  43CC40 APPEND@F12STRINGTHEORYRsbl
  43CCC0 APPEND@F12STRINGTHEORYsbl
  43CD18 APPEND@F12STRINGTHEORYRsb
  43CE00 APPEND@F12STRINGTHEORYsb
  43CEC4 APPENDBINARY@F12STRINGTHEORYll
  43CEEC APPENDA@F12STRINGTHEORYsblOsb
  43CF8C FLUSH@F12STRINGTHEORY12STRINGTHEORY
  43CFB8 FLUSH@F12STRINGTHEORYRsb
  43D050 FLUSH@F12STRINGTHEORYsb
  43D088 FLUSH@F12STRINGTHEORY
  43D14C FLUSHANDKEEP@F12STRINGTHEORY
  43D1DC NOSTREAM@F12STRINGTHEORY
  43D1F4 STREAM@F12STRINGTHEORYsbll
  43D490 START@F12STRINGTHEORYl
  43D558 DESTRUCT@F12STRINGTHEORY
  43D5B4 CONSTRUCT@F12STRINGTHEORY
  43E000 $DEFAULTERRORS
  43F2C8 TYPE$COLORMAP
  43F2F4 TCB$COLORMAP
  43F4A0 STDERRORFILE$TYPE$RECORD
  43F4B8 $STDERRORFILE
  43F534 TYPE$PNQ
  43F554 TYPE$DEFAULTERRORS
  43F7D4 TYPE$HISTHANDLERCLASS
  43F81C VMT$HISTHANDLERCLASS
  43F84C TYPE$MSGBOXCLASS
  43FAC4 VMT$MSGBOXCLASS
  43FB50 TYPE$ERRORCLASS
  43FDBC VMT$ERRORCLASS
  43FE0C TYPE$STANDARDERRORLOGCLASS
  43FE44 VMT$STANDARDERRORLOGCLASS
  43FE5C TYPE$ERRORSTATUSCLASS
  43FF64 VMT$ERRORSTATUSCLASS
  43FF90 TYPE$UNTHREADEDFILEOPENERMAP
  43FFB4 TCB$UNTHREADEDFILEOPENERMAP
  43FFC4 TYPE$FILESMANAGER
  440008 VMT$FILESMANAGER
  440014 TYPE$FILEMAPPING_T
  440040 TYPE$FILEMAPPING_R
  440070 TYPE$STATUSQ_T
  4400E4 TYPE$FUZZYCLASS
  44018C VMT$FUZZYCLASS
  4401F0 TYPE$WINDOWRESIZECLASS
  440430 TYPE$TOOLBARTARGETQUEUE
  44044C TYPE$TOOLBARCLASS
  440464 VMT$TOOLBARCLASS
  440524 TYPE$SELECTFILECLASS
  4405B0 VMT$SELECTFILECLASS
  4405BC TYPE$INICLASS
  440604 VMT$INICLASS
  440694 TYPE$BUTTONLIST
  4406B8 TYPE$COMPONENTLIST
  440C50 TYPE$DICTIONARY
  440C60 VMT$DICTIONARY
  440C6C TYPE$AUDIODEVICESQTYPE
  440CCC TYPE$CRITICALSECTION
  440CE4 VMT$CRITICALSECTION
  440CF0 TYPE$CRITICALPROCEDURE
  440D08 VMT$CRITICALPROCEDURE
  440E30 TYPE$DWRTRACE
  440E40 VMT$DWRTRACE
  443BDC TYPE$STRINGDEFORMAT
  443BEC TYPE$STRINGTHEORY
  443D98 TYPE$STRINGFORMAT
  443DA8 TYPE$STRINGPICTURE
  443EF0 VMT$STRINGPICTURE
  443F94 VMT$STRINGFORMAT
  443FE4 VMT$STRINGTHEORY
  444678 VMT$STRINGDEFORMAT
  444900 VMTP$DICTIONARY
  444920 VMTP$FILESMANAGER
  444928 VMTP$SELECTFILECLASS
  444930 VMTP$INICLASS
  444938 VMTP$TOOLBARCLASS
  444940 VMTP$HISTHANDLERCLASS
  444948 VMTP$MSGBOXCLASS
  444950 VMTP$ERRORCLASS
  444958 VMTP$STANDARDERRORLOGCLASS
  444960 VMTP$ERRORSTATUSCLASS
  444968 VMTP$FUZZYCLASS
  444970 VMTP$DWRTRACE
  444978 VMTP$CRITICALSECTION
  444980 VMTP$CRITICALPROCEDURE
  444988 VMTP$STRINGTHEORY
  444990 VMTP$STRINGFORMAT
  444998 VMTP$STRINGPICTURE
  4449A0 VMTP$STRINGDEFORMAT
  4449B0 $FUZZYMATCHER
  445FD4 $COLORMAP
  44600C $MULTIWINDOW
  446010 $TXTWINDOW
  446014 $WINDOW
  446018 STDERRORFILE$RECORD
  446418 $UNTHREADEDFILEOPENERMAP
  446420 $CREATEOPENERCRIT
  446530 $GLOBALERRORS
  446564 $INIMGR
  44667C $AUDIODEVICES
  446680 stNormalizeString
  446684 $HNORMALIZ
  446688 stInflateEnd
  44668C stInflate
  446690 stInflateInit2_
  446694 stDeflateEnd
  446698 stDeflate
  44669C stDeflateInit2_
  4466A0 $HZLIB
  4466A4 $SEEDED
  4470B0 $GLOBALERRORSTATUS
  4484D4 $GLOBALREQUEST
  4484D8 $GLOBALRESPONSE
  4484DC $VCRREQUEST
  4484E0 $DICTIONARY
  4484E4 $FILESMANAGER
  4484FC $SZDBTEXTLOG
  449000 __import_section_start
  44A99C __import_section_end

Imports
ClaASC.dll:ASCII 449080
ClaOLE.dll:Cla$HookOle 44909C
ClaOLE.dll:OcxGetParam 4490A0,401000
ClaOLE.dll:OcxGetParamCount 4490A4,401008
ClaOLE.dll:OcxRegisterEventProc 4490A8,401010
ClaRUN.dll:Cla$ACCEPTED 4493EC,401018
ClaRUN.dll:Cla$ADDqueue 4493F0
ClaRUN.dll:Cla$ADDqueuekey 4493F4,401020
ClaRUN.dll:Cla$ADDqueueptr 4493F8
ClaRUN.dll:Cla$AssignLong2RefUfo 4493FC
ClaRUN.dll:Cla$AssignReal2RefUfo 449400
ClaRUN.dll:Cla$AssignRefUfo 449404
ClaRUN.dll:Cla$BEEP 449408,401028
ClaRUN.dll:Cla$BLOB_GET_PROPERTY 44940C
ClaRUN.dll:Cla$BLOB_SET_PROPERTY 449410
ClaRUN.dll:Cla$BLOB_TAKE 449414
ClaRUN.dll:Cla$BLOB_YIELD 449418
ClaRUN.dll:Cla$CLEAR 44941C
ClaRUN.dll:Cla$CLEARqueue 449420
ClaRUN.dll:Cla$clearstr 449424
ClaRUN.dll:Cla$CLOCK 449428,401030
ClaRUN.dll:Cla$CLOSEwindow 44942C,401038
ClaRUN.dll:Cla$code 449430
ClaRUN.dll:Cla$COLORDIALOG 449434,401040
ClaRUN.dll:Cla$comparestr 449438
ClaRUN.dll:Cla$CONVERTANSITOOEM 44943C,401048
ClaRUN.dll:Cla$CONVERTOEMTOANSI 449440,401050
ClaRUN.dll:Cla$DATE 449444,401058
ClaRUN.dll:Cla$DecAdd 449448
ClaRUN.dll:Cla$DecCompareN 44944C
ClaRUN.dll:Cla$DecDistinct 449450
ClaRUN.dll:Cla$DecDistinctR 449454
ClaRUN.dll:Cla$DecDivide 449458
ClaRUN.dll:Cla$DecMul 44945C
ClaRUN.dll:Cla$DecSub 449460
ClaRUN.dll:Cla$DecSubR 449464
ClaRUN.dll:Cla$DELETEqueue 449468,401060
ClaRUN.dll:Cla$DELETEREG 44946C,401068
ClaRUN.dll:Cla$DInt 449470
ClaRUN.dll:Cla$DISABLE 449474,401070
ClaRUN.dll:Cla$DISPLAY 449478,401078
ClaRUN.dll:Cla$DISPOSEqueue 44947C
ClaRUN.dll:Cla$DISPOSEref 449480
ClaRUN.dll:Cla$Dlongpower 449484
ClaRUN.dll:Cla$DoProp 449488
ClaRUN.dll:Cla$DPopDec 44948C
ClaRUN.dll:Cla$DPopLong 449490
ClaRUN.dll:Cla$DPopReal 449494
ClaRUN.dll:Cla$DPopUlong 449498
ClaRUN.dll:Cla$DPushDec 44949C
ClaRUN.dll:Cla$DPushLong 4494A0
ClaRUN.dll:Cla$DPushULong 4494A4
ClaRUN.dll:Cla$duplicate 4494A8
ClaRUN.dll:Cla$ENABLE 4494AC,401080
ClaRUN.dll:Cla$EndEventLoop 4494B0
ClaRUN.dll:Cla$EndEventLoops 4494B4
ClaRUN.dll:Cla$ERRORCODE 4494B8,401088
ClaRUN.dll:Cla$ERRORFILE 4494BC,401090
ClaRUN.dll:Cla$EVENT 4494C0,401098
ClaRUN.dll:Cla$FIELD 4494C4,4010A0
ClaRUN.dll:Cla$FILEDIALOG 4494C8,4010A8
ClaRUN.dll:Cla$FILEERRORCODE 4494CC,4010B0
ClaRUN.dll:Cla$FILEERRORMSG 4494D0,4010B8
ClaRUN.dll:Cla$FileExists 4494D4,4010C0
ClaRUN.dll:Cla$FILE_ADDf 4494D8
ClaRUN.dll:Cla$FILE_CLOSE 4494DC,4010C8
ClaRUN.dll:Cla$FILE_CREATE 4494E0
ClaRUN.dll:CLA$FILE_DESTROY 4494E4
ClaRUN.dll:Cla$FILE_NAME 4494E8,4010D0
ClaRUN.dll:Cla$FILE_OPEN 4494EC,4010D8
ClaRUN.dll:Cla$FILE_POSITIONf 4494F0,4010E0
ClaRUN.dll:Cla$FILE_POSITIONk 4494F4,4010E8
ClaRUN.dll:Cla$FILE_REGETf 4494F8,4010F0
ClaRUN.dll:Cla$FILE_REGETk 4494FC,4010F8
ClaRUN.dll:Cla$FOCUS 449500,401100
ClaRUN.dll:Cla$FREEqueue 449504
ClaRUN.dll:Cla$FREEqueuea 449508,401108
ClaRUN.dll:Cla$freestr 44950C
ClaRUN.dll:Cla$FreeUfo 449510
ClaRUN.dll:Cla$freewindow 449514
ClaRUN.dll:Cla$GETGROUP 449518,401110
ClaRUN.dll:Cla$GETINI 44951C,401118
ClaRUN.dll:Cla$GETPOSITION 449520,401120
ClaRUN.dll:Cla$GetPropS 449524
ClaRUN.dll:Cla$GETqueuekey 449528,401128
ClaRUN.dll:Cla$GETqueueptr 44952C
ClaRUN.dll:Cla$GETREG 449530,401130
ClaRUN.dll:Cla$HALT 449534,401138
ClaRUN.dll:Cla$HOWMANY 449538,401140
ClaRUN.dll:Cla$INSTANCE 44953C,401148
ClaRUN.dll:Cla$INT 449540
ClaRUN.dll:Cla$IsAlpha 449544,401150
ClaRUN.dll:Cla$isftolower 449548,401158
ClaRUN.dll:Cla$isftoupper 44954C,401160
ClaRUN.dll:Cla$ISGROUP 449550,401168
ClaRUN.dll:Cla$KEYCODE 449554,401170
ClaRUN.dll:Cla$LASTFIELD 449558,401178
ClaRUN.dll:Cla$LONGPATH 44955C,401180
ClaRUN.dll:Cla$longtostr 449560
ClaRUN.dll:Cla$Mem2Ufo 449564
ClaRUN.dll:Cla$MessageBox 449568,401188
ClaRUN.dll:Cla$modulus 44956C
ClaRUN.dll:Cla$MONTH 449570,401190
ClaRUN.dll:Cla$MOUSEX 449574,401198
ClaRUN.dll:Cla$MOUSEY 449578,4011A0
ClaRUN.dll:Cla$NewMemB 44957C
ClaRUN.dll:Cla$NewMemT 449580
ClaRUN.dll:Cla$NewMemZ 449584
ClaRUN.dll:Cla$NEWqueue 449588
ClaRUN.dll:Cla$NOTIFICATION 44958C,4011A8
ClaRUN.dll:Cla$OPENowned 449590,4011B0
ClaRUN.dll:Cla$OPENwindow 449594,4011B8
ClaRUN.dll:Cla$PEEK 449598
ClaRUN.dll:Cla$POINTERqueue 44959C,4011C0
ClaRUN.dll:Cla$PopAString 4495A0
ClaRUN.dll:Cla$PopBind 4495A4,4011C8
ClaRUN.dll:Cla$PopCString 4495A8
ClaRUN.dll:Cla$poperrcodes 4495AC,4011D0
ClaRUN.dll:Cla$PopPString 4495B0
ClaRUN.dll:Cla$PopReal 4495B4
ClaRUN.dll:Cla$PopString 4495B8
ClaRUN.dll:Cla$PopTemp 4495BC
ClaRUN.dll:Cla$POST 4495C0,4011D8
ClaRUN.dll:Cla$PushAString 4495C4
ClaRUN.dll:Cla$PushBind 4495C8,4011E0
ClaRUN.dll:Cla$PushCString 4495CC
ClaRUN.dll:Cla$pusherrcodes 4495D0,4011E8
ClaRUN.dll:Cla$PushLong 4495D4
ClaRUN.dll:Cla$PushNull 4495D8
ClaRUN.dll:Cla$PushPictDec 4495DC
ClaRUN.dll:Cla$PushPictLong 4495E0
ClaRUN.dll:Cla$PushReal 4495E4
ClaRUN.dll:Cla$PushString 4495E8
ClaRUN.dll:Cla$PushTemp 4495EC
ClaRUN.dll:Cla$PushUfo 4495F0
ClaRUN.dll:Cla$PUTINI 4495F4,4011F0
ClaRUN.dll:Cla$PUTqueue 4495F8
ClaRUN.dll:Cla$PUTqueuekey 4495FC,4011F8
ClaRUN.dll:Cla$PUTREG 449600,401200
ClaRUN.dll:Cla$pwopen 449604,401208
ClaRUN.dll:Cla$realdistinct 449608
ClaRUN.dll:Cla$RECORDSqueue 44960C,401210
ClaRUN.dll:Cla$RefAssignAny 449610
ClaRUN.dll:Cla$REGISTEREVENT 449614,401218
ClaRUN.dll:Cla$REGULAR 449618,401220
ClaRUN.dll:Cla$RemoveFile 44961C,401228
ClaRUN.dll:Cla$SELECT 449620,401230
ClaRUN.dll:Cla$SETCURSOR 449624,401238
ClaRUN.dll:Cla$SETKEYCODE 449628,401240
ClaRUN.dll:Cla$SETPATH 44962C,401248
ClaRUN.dll:Cla$SETPOSITION 449630,401250
ClaRUN.dll:Cla$SetPropQ 449634
ClaRUN.dll:Cla$SetPropS 449638
ClaRUN.dll:Cla$SetPropV 44963C
ClaRUN.dll:Cla$SHORTPATH 449640,401258
ClaRUN.dll:Cla$SORTqueuefkey 449644
ClaRUN.dll:Cla$SORTqueuekey 449648,401260
ClaRUN.dll:Cla$Stack2DStack 44964C
ClaRUN.dll:Cla$Stack2Ufo 449650
ClaRUN.dll:Cla$StackALL 449654,401268
ClaRUN.dll:Cla$StackCLIP 449658,401270
ClaRUN.dll:Cla$StackCompare 44965C
ClaRUN.dll:Cla$StackCompareN 449660
ClaRUN.dll:Cla$StackCompareNEQ 449664
ClaRUN.dll:Cla$StackCompareR 449668
ClaRUN.dll:Cla$StackConcat 44966C
ClaRUN.dll:Cla$StackConcatR 449670
ClaRUN.dll:Cla$StackDEFORMAT2 449674
ClaRUN.dll:Cla$StackErrstr 449678,401278
ClaRUN.dll:Cla$StackFORMAT2 44967C
ClaRUN.dll:Cla$StackHeap 449680
ClaRUN.dll:Cla$StackINLIST 449684
ClaRUN.dll:Cla$StackINSTRING 449688,401280
ClaRUN.dll:Cla$StackLEFT 44968C,401288
ClaRUN.dll:Cla$StackLen 449690,401290
ClaRUN.dll:Cla$StackLOWER 449694,401298
ClaRUN.dll:Cla$StackNUMERIC 449698,4012A0
ClaRUN.dll:Cla$STACKpop 44969C
ClaRUN.dll:Cla$StackRIGHT 4496A0,4012A8
ClaRUN.dll:Cla$StackRotate 4496A4
ClaRUN.dll:Cla$StackSUB 4496A8,4012B0
ClaRUN.dll:Cla$StackUPPER 4496AC,4012B8
ClaRUN.dll:Cla$StackVAL 4496B0
ClaRUN.dll:Cla$StartEventLoop 4496B4
ClaRUN.dll:Cla$storecstr 4496B8
ClaRUN.dll:Cla$storepstr 4496BC
ClaRUN.dll:Cla$storestr 4496C0
ClaRUN.dll:Cla$String2Ref 4496C4
ClaRUN.dll:Cla$THREAD 4496C8,4012C0
ClaRUN.dll:Cla$TODAY 4496CC,4012C8
ClaRUN.dll:Cla$Ufo2Real 4496D0
ClaRUN.dll:Cla$UNHIDE 4496D4,4012D0
ClaRUN.dll:Cla$UNREGISTEREVENT 4496D8,4012D8
ClaRUN.dll:Cla$WHAT 4496DC,4012E0
ClaRUN.dll:Cla$YEAR 4496E0,4012E8
ClaRUN.dll:Cla$YIELD 4496E4,4012F0
ClaRUN.dll:NewCriticalSection 4496E8,4012F8
ClaRUN.dll:THR$GetInstance 4496EC,401300
ClaRUN.dll:_exit 4496F0,401308
ClaRUN.dll:_free 4496F4
ClaRUN.dll:_malloc 4496F8
ClaRUN.dll:_memchr 4496FC,401310
ClaRUN.dll:_memcmp 449700,401318
ClaRUN.dll:_memcpy 449704,401320
ClaRUN.dll:_memicmp 449708,401328
ClaRUN.dll:_memmove 44970C,401330
ClaRUN.dll:_memset 449710,401338
ClaRUN.dll:_rand 449714,401340
ClaRUN.dll:_srand 449718,401348
ClaRUN.dll:__sysinit 44971C,401350
ClaRUN.dll:__sysstart 449720,401358
KERNEL32.dll:CloseHandle 449768,401360
KERNEL32.dll:CreateFileA 44976C,401368
KERNEL32.dll:FormatMessageA 449770,401370
KERNEL32.dll:GetCurrentProcessId 449774,401378
KERNEL32.dll:GetFileSize 449778,401380
KERNEL32.dll:GetLastError 44977C,401388
KERNEL32.dll:GetProcAddress 449780,401390
KERNEL32.dll:GetSystemTime 449784
KERNEL32.dll:LoadLibraryA 449788,401398
KERNEL32.dll:MultiByteToWideChar 44978C,4013A0
KERNEL32.dll:OutputDebugStringA 449790,4013A8
KERNEL32.dll:ReadFile 449794,4013B0
KERNEL32.dll:SetFilePointer 449798,4013B8
KERNEL32.dll:WideCharToMultiByte 44979C,4013C0
KERNEL32.dll:WriteFile 4497A0,4013C8
USER32.dll:GetSysColor 4497B0,4013D0



Entry Point:   40AC54