  401268     2730 Code                ABERROR_TEXT
  403998      1B1 Code                ABFILE_TEXT
  403B4C      159 Code                ABFUZZY_TEXT
  403CA8     1EA4 Code                ABRESIZE_TEXT
  405B4C      133 Code                ABTOOLBA_TEXT
  405C80     1CD4 Code                ABUTIL_TEXT
  407954     1C46 Code                ABWINDOW_TEXT
  40959C      BB3 Code                AUDIOEXAMPLE001_TEXT
  40A150        9 Code                AUDIOEXAMPLE_BC0_TEXT
  40A15C       13 Code                AUDIOEXAMPLE_BC_TEXT
  40A170       C0 Code                AUDIOEXAMPLE_TEXT
  40A230       7C Code                CWSYNCHC_TEXT
  40A2AC      591 Code                DWRAUDIOCONTROL_TEXT
  40A840       23 Code                IEXE32_TEXT
  40A864      26A Code                INIT_TEXT
  40AAD0        D Code                INST00_TEXT
  40B000     1290 Initialized Data    $DEFAULTERRORS_DATA
  40C290       23 Initialized Data    ABEIP_CONST
  40C2B4       3C Initialized Data    ABEIP_DATA
  40C2F0      17B Initialized Data    ABERROR_CONST
  40C46C      AD0 Initialized Data    ABERROR_DATA
  40CF3C        D Initialized Data    ABFILE_CONST
  40CF4C      147 Initialized Data    ABFILE_DATA
  40D094       B4 Initialized Data    ABFUZZY_DATA
  40D148       30 Initialized Data    ABRESIZE_CONST
  40D178      23F Initialized Data    ABRESIZE_DATA
  40D3B8       4C Initialized Data    ABTOOLBA_DATA
  40D404       81 Initialized Data    ABUTIL_CONST
  40D488      183 Initialized Data    ABUTIL_DATA
  40D60C        4 Initialized Data    ABWINDOW_CONST
  40D610       3F Initialized Data    ABWINDOW_DATA
  40D650       82 Initialized Data    AUDIOEXAMPLE001_CONST
  40D6D4      4A8 Initialized Data    AUDIOEXAMPLE001_DATA
  40DB7C       12 Initialized Data    AUDIOEXAMPLE_CONST
  40DB90       7A Initialized Data    AUDIOEXAMPLE_DATA
  40DC0C       48 Initialized Data    CWSYNCHC_DATA
  40DC54       EA Initialized Data    DWRAUDIOCONTROL_CONST
  40DD40       2B Initialized Data    DWRAUDIOCONTROL_DATA
  40DD6C       44 Initialized Data    IEXE32_DATA
  40DDB0        0 Initialized Data    __CPPINI_CONS
  40DDB0      230 Initialized Data    __CPPINI_CONST
  40DFE0        4 Initialized Data    __CPPINI_END
  40DFE4        0 Initialized Data    __INIVMT_CONS
  40DFE4       80 Initialized Data    __INIVMT_CONST
  40E064        0 Initialized Data    __INIVMT_CONST_END
  40E070     1623 Un-initialized Data $FUZZYMATCHER_BSS
  40F694       40 Un-initialized Data ABEIP_BSS
  40F6D4      404 Un-initialized Data ABERROR_BSS
  40FAD8       10 Un-initialized Data ABFILE_BSS
  40FAE8        4 Un-initialized Data ABFUZZY_BSS
  40FAEC      104 Un-initialized Data ABUTIL_BSS
  40FBF0      150 Un-initialized Data AUDIOEXAMPLE_BSS
  410000        8 __T_L_S__DAT
  410008       A8 __T_L_S__DATA
  4100B0        0 __T_L_S__DATA_END
  4100B0        0 __T_L_S__BS
  4100B0     1D40 __T_L_S__BSS
  411DF0        0 __T_L_S__BSS_END

  401384 KILL_@_WINDOWCOMPONENT_@_HISTHANDLERCLASS@F15WINDOWCOMPONENT
  401388 RESET_@_WINDOWCOMPONENT_@_HISTHANDLERCLASS@F15WINDOWCOMPONENTUc
  40138C RESETREQUIRED_@_WINDOWCOMPONENT_@_HISTHANDLERCLASS@F15WINDOWCOMPONENT
  401390 SETALERTS_@_WINDOWCOMPONENT_@_HISTHANDLERCLASS@F15WINDOWCOMPONENT
  401394 TAKEEVENT_@_WINDOWCOMPONENT_@_HISTHANDLERCLASS@F15WINDOWCOMPONENT
  40139C UPDATE_@_WINDOWCOMPONENT_@_HISTHANDLERCLASS@F15WINDOWCOMPONENT
  4013A0 UPDATEWINDOW_@_WINDOWCOMPONENT_@_HISTHANDLERCLASS@F15WINDOWCOMPONENT
  4013B4 VLBPROC@F16HISTHANDLERCLASSls
  401460 TAKEEVENT@F16HISTHANDLERCLASS
  401528 INIT@F16HISTHANDLERCLASSBw10ERRORCLASS16ERRORHISTORYLIST
  401534 _VLBPROC@F16HISTHANDLERCLASSls
  401544 TAKEACCEPTED@F11MSGBOXCLASS
  401580 SETUPADDITIONALFEQS@F11MSGBOXCLASS
  401608 KILL@F11MSGBOXCLASS
  401648 INIT@F11MSGBOXCLASS
  4018F8 INIT@F11MSGBOXCLASSBw10ERRORCLASSOsbllll
  401990 FETCHSTDBUTTON@F11MSGBOXCLASSs
  4019C4 GETALLSTATUSVARIABLES@F10ERRORCLASS16ERRORSTATUSGROUP
  4019F4 GETERRORBUFFERFATALITY@F10ERRORCLASS
  401A24 GETERRORBUFFERTITLE@F10ERRORCLASS
  401A5C GETERRORBUFFERID@F10ERRORCLASS
  401A80 STOREERRORENTRY@F10ERRORCLASSUs
  401BB0 GETHISTORYRESETONVIEW@F10ERRORCLASS
  401BFC SETHISTORYRESETONVIEW@F10ERRORCLASSUc
  401C44 GETHISTORYVIEWLEVEL@F10ERRORCLASS
  401C90 SETHISTORYVIEWLEVEL@F10ERRORCLASSl
  401CD8 GETHISTORYTHRESHOLD@F10ERRORCLASS
  401D24 SETHISTORYTHRESHOLD@F10ERRORCLASSl
  401D6C GETLOGERRORS@F10ERRORCLASS
  401DB8 GETSILENT@F10ERRORCLASS
  401E04 SETDEFAULTCATEGORY@F10ERRORCLASSsa
  401E4C GETDEFAULTCATEGORY@F10ERRORCLASS
  401E98 VIEWHISTORY@F10ERRORCLASS
  401EC4 THROW@F10ERRORCLASSs
  401ED8 TAKEUSER@F10ERRORCLASS
  401F44 TAKEPROGRAM@F10ERRORCLASS
  401F4C TAKEOTHER@F10ERRORCLASS
  401F54 TAKENOTIFY@F10ERRORCLASS
  401FAC TAKEFATAL@F10ERRORCLASS
  40203C TAKEERROR@F10ERRORCLASSs
  402240 TAKEBENIGN@F10ERRORCLASS
  402244 SUBSSTRING@F10ERRORCLASS
  402620 SETPROCEDURENAME@F10ERRORCLASSOsb
  4026D0 GETERRORENTRY@F10ERRORCLASSUs15ERRORENTRYGROUPl
  402774 GETERRORENTRY@F10ERRORCLASSUs15ERRORENTRYGROUP
  4027A8 SETID@F10ERRORCLASSUsl
  4027E0 SETID@F10ERRORCLASSUs
  4027FC SETERRORS@F10ERRORCLASS
  40289C SETERRORLOG@F10ERRORCLASS17ERRORLOGINTERFACE
  40293C SETCATEGORY@F10ERRORCLASSssa
  402988 RESETHISTORY@F10ERRORCLASS
  4029B0 REMOVEERROR@F10ERRORCLASSUs
  4029F0 MESSAGEBOX@F10ERRORCLASSUcsbOsbOsblll
  402A88 MSG@F10ERRORCLASSsbOsbOsblll
  402E20 MESSAGE@F10ERRORCLASSsll
  402E94 KILL@F10ERRORCLASS
  402F38 INIT@F10ERRORCLASS16ERRORSTATUSCLASS
  402F94 INIT@F10ERRORCLASS
  403068 HISTORYMSG@F10ERRORCLASSsblll
  403228 GETPROCEDURENAME@F10ERRORCLASS
  4032FC GETCATEGORY@F10ERRORCLASSs
  403384 ADDHISTORY@F10ERRORCLASS
  4033B4 ADDERRORS@F10ERRORCLASS10ERRORBLOCK
  403560 ADDERROR@F10ERRORCLASSUsRsbRsbUcsa
  40360C DESTRUCT@F10ERRORCLASS
  403628 CONSTRUCT@F10ERRORCLASS
  403640 DESTRUCT@F16ERRORSTATUSCLASS
  403674 CONSTRUCT@F16ERRORSTATUSCLASS
  4037AC CLOSE_@_ERRORLOGINTERFACE_@_STANDARDERRORLOGCLASS@F17ERRORLOGINTERFACEUc
  4037B4 OPEN_@_ERRORLOGINTERFACE_@_STANDARDERRORLOGCLASS@F17ERRORLOGINTERFACEUc
  4037BC TAKE_@_ERRORLOGINTERFACE_@_STANDARDERRORLOGCLASS@F17ERRORLOGINTERFACEsb
  403860 CLOSE@F21STANDARDERRORLOGCLASSUc
  4038DC OPEN@F21STANDARDERRORLOGCLASSUc
  403984 DESTRUCT@F21STANDARDERRORLOGCLASS
  403990 CONSTRUCT@F21STANDARDERRORLOGCLASS
  4039B4 DESTRUCT@F12FILESMANAGER
  4039F4 CONSTRUCT@F12FILESMANAGER
  403A24 TRYREGET@F11FILEMANAGERsb
  403ACC POSITION@F11FILEMANAGER
  403B4C SETOPTION@F10FUZZYCLASSUcUc
  403BB0 KILL@F10FUZZYCLASS
  403BB4 INIT@F10FUZZYCLASS
  403BC8 CONSTRUCT@F10FUZZYCLASS
  403E58 SETPRIORITIES@F17WINDOWRESIZECLASS13POSITIONGROUP
  403EA4 SETSIZE@F17WINDOWRESIZECLASSl13POSITIONGROUP
  403F58 GETSIZEINFO@F17WINDOWRESIZECLASSl13POSITIONGROUP
  40406C RESTORECONTROLS@F17WINDOWRESIZECLASS
  4040C0 TAKERESIZE@F17WINDOWRESIZECLASS
  4040C8 SETSTRATEGY@F17WINDOWRESIZECLASSlUsUs
  4041D4 SETPOSITION@F17WINDOWRESIZECLASSl13POSITIONGROUP13POSITIONGROUP13POSITIONGROUP13POSITIONGROUP
  4048B8 SETPARENTDEFAULT@F17WINDOWRESIZECLASS
  404BA4 SETPARENTDEFAULTS@F17WINDOWRESIZECLASS
  404BE0 SETPARENTCONTROL@F17WINDOWRESIZECLASSll
  404C54 RESTOREWINDOW@F17WINDOWRESIZECLASS
  404D00 WINDOWRESIZEEND@F17WINDOWRESIZECLASS
  404D04 WINDOWRESIZEBEGIN@F17WINDOWRESIZECLASS
  404D08 RESIZECHILDREN@F17WINDOWRESIZECLASSl13POSITIONGROUP13POSITIONGROUP
  404ED0 RESIZE@F17WINDOWRESIZECLASSl
  405208 RESIZE@F17WINDOWRESIZECLASS
  405218 RESET@F17WINDOWRESIZECLASS
  405508 KILL@F17WINDOWRESIZECLASS
  405594 INIT@F17WINDOWRESIZECLASSUcUcUc
  4057A4 GETCURRENTPOS@F17WINDOWRESIZECLASSl13POSITIONGROUP
  4057E0 GETORIGPOS@F17WINDOWRESIZECLASSl13POSITIONGROUP
  405830 GETRESIZESTRATEGY@F17WINDOWRESIZECLASSsOUc
  4059B0 GETPOSITIONSTRATEGY@F17WINDOWRESIZECLASSsOUc
  405B28 GETPARENTCONTROL@F17WINDOWRESIZECLASSl
  405B4C TAKEEVENT@F12TOOLBARCLASSPl13WINDOWMANAGER
  405B78 SETTARGET@F12TOOLBARCLASSl
  405C20 KILL@F12TOOLBARCLASS
  405C38 INIT@F12TOOLBARCLASS
  405C58 DISPLAYBUTTONS@F12TOOLBARCLASS
  405C80 SETMASK@F15SELECTFILECLASSsbsb
  405CFC SETMASK@F15SELECTFILECLASSsb
  405D4C ASK@F15SELECTFILECLASSUc
  405EAC ADDMASK@F15SELECTFILECLASSsb
  405F68 INIT@F15SELECTFILECLASS
  405F90 UPDATEQUEUE@F8INICLASSsbsbBqRuPuPuPu
  4061B4 UPDATE@F8INICLASSsbsbsb
  406270 UPDATE@F8INICLASSsbBw
  406450 UPDATE@F8INICLASS
  406454 TRYFETCH@F8INICLASSsbsb
  4064CC REMOVE@F8INICLASSsbsb
  40662C KILL@F8INICLASS
  406764 INIT@F8INICLASSsbll
  40687C FETCHQUEUE@F8INICLASSsbsbBqRuPuPuPu
  406AF0 FETCHFIELD@F8INICLASSsbsbUc
  406C30 FETCH@F8INICLASSsbsbRu
  406CF4 FETCH@F8INICLASSsbBw
  406F54 FETCH@F8INICLASSsbsb
  40702C FETCH@F8INICLASS
  407030 UPDATEWINDOWINFO@F8INICLASSsb10WINDOWINFO
  40729C FETCHWINDOWINFO@F8INICLASSsb10WINDOWINFO
  407514 UPDATE@F8INICLASSsbsbsbsb
  407700 FETCH@F8INICLASSsbsbsbsb
  407924 DESTRUCT@F8INICLASS
  407940 CONSTRUCT@F8INICLASS
  407A38 ONCLOSEEVENTCANCELLED@F13WINDOWMANAGER
  407A50 SAVEONINSERTACTION@F13WINDOWMANAGER
  407AF4 SAVEONCHANGEACTION@F13WINDOWMANAGER
  407C00 DELETEACTION@F13WINDOWMANAGER
  407DA8 CHANGEACTION@F13WINDOWMANAGER
  40810C INSERTACTION@F13WINDOWMANAGER
  4082FC TAKEDISABLEBUTTON@F13WINDOWMANAGERlUc
  408324 UPDATE@F13WINDOWMANAGER
  408360 TAKEWINDOWEVENT@F13WINDOWMANAGER
  408588 TAKESELECTED@F13WINDOWMANAGER
  40858C TAKEREJECTED@F13WINDOWMANAGER
  4085C8 TAKENOTIFY@F13WINDOWMANAGERlll
  4085CC TAKENEWSELECTION@F13WINDOWMANAGER
  40864C TAKEFIELDEVENT@F13WINDOWMANAGER
  408650 TAKEEVENT@F13WINDOWMANAGER
  408804 TAKECLOSEEVENT@F13WINDOWMANAGER
  408984 TAKECOMPLETED@F13WINDOWMANAGER
  408A5C TAKEACCEPTED@F13WINDOWMANAGER
  408B48 SETRESPONSE@F13WINDOWMANAGERUc
  408B94 SETALERTS@F13WINDOWMANAGER
  408C44 SAVEHISTORY@F13WINDOWMANAGER
  408CEC RUN@F13WINDOWMANAGERUsUc
  408CF0 RUN@F13WINDOWMANAGER
  408D3C RESTOREFIELD@F13WINDOWMANAGERl
  408E10 RESETBUFFERS@F13WINDOWMANAGERUc
  408E74 RESET@F13WINDOWMANAGERUc
  408EFC PRIMEUPDATE@F13WINDOWMANAGER
  409040 PRIMEFIELDS@F13WINDOWMANAGER
  409044 POSTCOMPLETED@F13WINDOWMANAGER
  4090DC OPEN@F13WINDOWMANAGERBwBw
  409124 OPEN@F13WINDOWMANAGER
  409168 MODALEVENT@F13WINDOWMANAGER
  40924C KILL@F13WINDOWMANAGER
  4093A0 INIT@F13WINDOWMANAGER
  40941C ASK@F13WINDOWMANAGER
  409480 ADDITEM@F13WINDOWMANAGER17WINDOWRESIZECLASS
  409488 ADDITEM@F13WINDOWMANAGER15WINDOWCOMPONENT
  4094B4 ADDITEM@F13WINDOWMANAGER12TOOLBARCLASS
  4094C8 ADDITEM@F13WINDOWMANAGERlUc
  4094EC DISABLECANCELCONTROLS@F13WINDOWMANAGER
  409544 ENABLECANCELCONTROLS@F13WINDOWMANAGER
  409E6C AUDIOEXAMPLE001$MAINOLEEVENTHANDLER@FRsll
  409F28 MAIN@F
  40A150 AUDIOEXAMPLE_BC0$AUDIOEXAMPLE_BC0:FILESINIT@F
  40A154 AUDIOEXAMPLE_BC0$AUDIOEXAMPLE_BC0:DCTKILL@F
  40A158 AUDIOEXAMPLE_BC0$AUDIOEXAMPLE_BC0:DCTINIT@F
  40A15C DCTKILL@F
  40A164 DCTINIT@F
  40A170 _main
  40A218 DESTRUCT@F10DICTIONARY
  40A220 CONSTRUCT@F10DICTIONARY
  40A230 DESTRUCT@F15CRITICALSECTION
  40A244 CONSTRUCT@F15CRITICALSECTION
  40A258 KILL@F17CRITICALPROCEDURE
  40A27C INIT@F17CRITICALPROCEDURE11ISYNCOBJECT
  40A29C DESTRUCT@F17CRITICALPROCEDURE
  40A2A4 CONSTRUCT@F17CRITICALPROCEDURE
  40A2AC STOP@F15DWRAUDIOCONTROL
  40A2EC SETVOLUMEMETERFOREGROUNDCOLOR@F15DWRAUDIOCONTROLll
  40A3CC SETWAVEGRAPHFOREGROUNDCOLOR@F15DWRAUDIOCONTROLll
  40A4AC SETWAVEGRAPHBACKGROUNDCOLOR@F15DWRAUDIOCONTROLll
  40A58C SETISPLAYING@F15DWRAUDIOCONTROLUc
  40A594 SETDEVICEGUID@F15DWRAUDIOCONTROLsb
  40A604 SETAUDIOPOSITION@F15DWRAUDIOCONTROLl
  40A654 PLAY@F15DWRAUDIOCONTROL
  40A694 LOADFILE@F15DWRAUDIOCONTROLsb
  40A710 GETSLIDERPOS@F15DWRAUDIOCONTROL
  40A748 GETPOSITION@F15DWRAUDIOCONTROL
  40A778 GETOUTPUTDEVICES@F15DWRAUDIOCONTROL
  40A7A0 GETISPLAYING@F15DWRAUDIOCONTROL
  40A7A8 GETFILEFORMAT@F15DWRAUDIOCONTROL
  40A7D8 CREATEOLE@F15DWRAUDIOCONTROLl
  40A810 DESTRUCT@F15DWRAUDIOCONTROL
  40A814 CONSTRUCT@F15DWRAUDIOCONTROL
  40A818 KILL@F15DWRAUDIOCONTROL
  40AAD0 __thr_inst0
  40B000 $DEFAULTERRORS
  40C2B4 TYPE$COLORMAP
  40C2E0 TCB$COLORMAP
  40C46C STDERRORFILE$TYPE$RECORD
  40C484 $STDERRORFILE
  40C500 TYPE$PNQ
  40C520 TYPE$DEFAULTERRORS
  40C7A0 TYPE$HISTHANDLERCLASS
  40C7E8 VMT$HISTHANDLERCLASS
  40C818 TYPE$MSGBOXCLASS
  40CA90 VMT$MSGBOXCLASS
  40CB1C TYPE$ERRORCLASS
  40CD88 VMT$ERRORCLASS
  40CDD8 TYPE$STANDARDERRORLOGCLASS
  40CE10 VMT$STANDARDERRORLOGCLASS
  40CE28 TYPE$ERRORSTATUSCLASS
  40CF30 VMT$ERRORSTATUSCLASS
  40CF4C TYPE$UNTHREADEDFILEOPENERMAP
  40CF70 TCB$UNTHREADEDFILEOPENERMAP
  40CF80 TYPE$FILESMANAGER
  40CFC4 VMT$FILESMANAGER
  40CFD0 TYPE$FILEMAPPING_T
  40CFFC TYPE$FILEMAPPING_R
  40D02C TYPE$STATUSQ_T
  40D094 TYPE$FUZZYCLASS
  40D13C VMT$FUZZYCLASS
  40D178 TYPE$WINDOWRESIZECLASS
  40D3B8 TYPE$TOOLBARTARGETQUEUE
  40D3D4 TYPE$TOOLBARCLASS
  40D3EC VMT$TOOLBARCLASS
  40D4A0 TYPE$SELECTFILECLASS
  40D52C VMT$SELECTFILECLASS
  40D538 TYPE$INICLASS
  40D580 VMT$INICLASS
  40D610 TYPE$BUTTONLIST
  40D634 TYPE$COMPONENTLIST
  40DB90 TYPE$DICTIONARY
  40DBA0 VMT$DICTIONARY
  40DBAC TYPE$AUDIODEVICESQTYPE
  40DC0C TYPE$CRITICALSECTION
  40DC24 VMT$CRITICALSECTION
  40DC30 TYPE$CRITICALPROCEDURE
  40DC48 VMT$CRITICALPROCEDURE
  40DFE4 VMTP$DICTIONARY
  40E004 VMTP$FILESMANAGER
  40E00C VMTP$SELECTFILECLASS
  40E014 VMTP$INICLASS
  40E01C VMTP$TOOLBARCLASS
  40E024 VMTP$HISTHANDLERCLASS
  40E02C VMTP$MSGBOXCLASS
  40E034 VMTP$ERRORCLASS
  40E03C VMTP$STANDARDERRORLOGCLASS
  40E044 VMTP$ERRORSTATUSCLASS
  40E04C VMTP$FUZZYCLASS
  40E054 VMTP$CRITICALSECTION
  40E05C VMTP$CRITICALPROCEDURE
  40E070 $FUZZYMATCHER
  40F694 $COLORMAP
  40F6CC $MULTIWINDOW
  40F6D0 $TXTWINDOW
  40F6D4 $WINDOW
  40F6D8 STDERRORFILE$RECORD
  40FAD8 $UNTHREADEDFILEOPENERMAP
  40FAE0 $CREATEOPENERCRIT
  40FBF0 $GLOBALERRORS
  40FC24 $INIMGR
  40FD3C $AUDIODEVICES
  4100B0 $GLOBALERRORSTATUS
  4114D4 $GLOBALREQUEST
  4114D8 $GLOBALRESPONSE
  4114DC $VCRREQUEST
  4114E0 $DICTIONARY
  4114E4 $FILESMANAGER
  4114FC $SZDBTEXTLOG
  412000 __import_section_start
  4130C8 __import_section_end

Imports
ClaASC.dll:ASCII 412058
ClaOLE.dll:Cla$HookOle 412074
ClaOLE.dll:OcxGetParam 412078,401000
ClaOLE.dll:OcxGetParamCount 41207C,401008
ClaOLE.dll:OcxRegisterEventProc 412080,401010
ClaRUN.dll:Cla$ACCEPTED 4122CC,401018
ClaRUN.dll:Cla$ADDqueue 4122D0
ClaRUN.dll:Cla$ADDqueuekey 4122D4,401020
ClaRUN.dll:Cla$AssignRefUfo 4122D8
ClaRUN.dll:Cla$BEEP 4122DC,401028
ClaRUN.dll:Cla$CLEAR 4122E0
ClaRUN.dll:Cla$CLEARqueue 4122E4
ClaRUN.dll:Cla$clearstr 4122E8
ClaRUN.dll:Cla$CLOCK 4122EC,401030
ClaRUN.dll:Cla$CLOSEwindow 4122F0,401038
ClaRUN.dll:Cla$code 4122F4
ClaRUN.dll:Cla$COLORDIALOG 4122F8,401040
ClaRUN.dll:Cla$comparestr 4122FC
ClaRUN.dll:Cla$DecAdd 412300
ClaRUN.dll:Cla$DecCompareN 412304
ClaRUN.dll:Cla$DecDistinct 412308
ClaRUN.dll:Cla$DecDistinctR 41230C
ClaRUN.dll:Cla$DecDivide 412310
ClaRUN.dll:Cla$DecMul 412314
ClaRUN.dll:Cla$DecSub 412318
ClaRUN.dll:Cla$DecSubR 41231C
ClaRUN.dll:Cla$DELETEqueue 412320,401048
ClaRUN.dll:Cla$DELETEREG 412324,401050
ClaRUN.dll:Cla$DISABLE 412328,401058
ClaRUN.dll:Cla$DISPLAY 41232C,401060
ClaRUN.dll:Cla$DISPOSEqueue 412330
ClaRUN.dll:Cla$DISPOSEref 412334
ClaRUN.dll:Cla$Dlongpower 412338
ClaRUN.dll:Cla$DoProp 41233C
ClaRUN.dll:Cla$DPopDec 412340
ClaRUN.dll:Cla$DPopLong 412344
ClaRUN.dll:Cla$DPopReal 412348
ClaRUN.dll:Cla$DPushDec 41234C
ClaRUN.dll:Cla$DPushLong 412350
ClaRUN.dll:Cla$ENABLE 412354,401068
ClaRUN.dll:Cla$EndEventLoop 412358
ClaRUN.dll:Cla$ERRORCODE 41235C,401070
ClaRUN.dll:Cla$ERRORFILE 412360,401078
ClaRUN.dll:Cla$EVENT 412364,401080
ClaRUN.dll:Cla$FIELD 412368,401088
ClaRUN.dll:Cla$FILEDIALOG 41236C,401090
ClaRUN.dll:Cla$FILEERRORCODE 412370,401098
ClaRUN.dll:Cla$FILEERRORMSG 412374,4010A0
ClaRUN.dll:Cla$FileExists 412378,4010A8
ClaRUN.dll:Cla$FILE_ADDf 41237C
ClaRUN.dll:Cla$FILE_CLOSE 412380,4010B0
ClaRUN.dll:Cla$FILE_CREATE 412384
ClaRUN.dll:CLA$FILE_DESTROY 412388
ClaRUN.dll:Cla$FILE_NAME 41238C,4010B8
ClaRUN.dll:Cla$FILE_OPEN 412390,4010C0
ClaRUN.dll:Cla$FILE_POSITIONf 412394,4010C8
ClaRUN.dll:Cla$FILE_POSITIONk 412398,4010D0
ClaRUN.dll:Cla$FILE_REGETf 41239C,4010D8
ClaRUN.dll:Cla$FILE_REGETk 4123A0,4010E0
ClaRUN.dll:Cla$FOCUS 4123A4,4010E8
ClaRUN.dll:Cla$FREEqueue 4123A8
ClaRUN.dll:Cla$FREEqueuea 4123AC,4010F0
ClaRUN.dll:Cla$freestr 4123B0
ClaRUN.dll:Cla$FreeUfo 4123B4
ClaRUN.dll:Cla$freewindow 4123B8
ClaRUN.dll:Cla$GETINI 4123BC,4010F8
ClaRUN.dll:Cla$GETPOSITION 4123C0,401100
ClaRUN.dll:Cla$GetPropS 4123C4
ClaRUN.dll:Cla$GETqueuekey 4123C8,401108
ClaRUN.dll:Cla$GETqueueptr 4123CC
ClaRUN.dll:Cla$GETREG 4123D0,401110
ClaRUN.dll:Cla$HALT 4123D4,401118
ClaRUN.dll:Cla$INSTANCE 4123D8,401120
ClaRUN.dll:Cla$KEYCODE 4123DC,401128
ClaRUN.dll:Cla$LASTFIELD 4123E0,401130
ClaRUN.dll:Cla$longtostr 4123E4
ClaRUN.dll:Cla$Mem2Ufo 4123E8
ClaRUN.dll:Cla$MessageBox 4123EC,401138
ClaRUN.dll:Cla$NewMemB 4123F0
ClaRUN.dll:Cla$NewMemT 4123F4
ClaRUN.dll:Cla$NEWqueue 4123F8
ClaRUN.dll:Cla$NOTIFICATION 4123FC,401140
ClaRUN.dll:Cla$OPENowned 412400,401148
ClaRUN.dll:Cla$OPENwindow 412404,401150
ClaRUN.dll:Cla$POINTERqueue 412408,401158
ClaRUN.dll:Cla$PopAString 41240C
ClaRUN.dll:Cla$PopBind 412410,401160
ClaRUN.dll:Cla$PopCString 412414
ClaRUN.dll:Cla$PopString 412418
ClaRUN.dll:Cla$PopTemp 41241C
ClaRUN.dll:Cla$POST 412420,401168
ClaRUN.dll:Cla$PushAString 412424
ClaRUN.dll:Cla$PushBind 412428,401170
ClaRUN.dll:Cla$PushCString 41242C
ClaRUN.dll:Cla$PushLong 412430
ClaRUN.dll:Cla$PushNull 412434
ClaRUN.dll:Cla$PushPictLong 412438
ClaRUN.dll:Cla$PushString 41243C
ClaRUN.dll:Cla$PushUfo 412440
ClaRUN.dll:Cla$PUTINI 412444,401178
ClaRUN.dll:Cla$PUTqueue 412448
ClaRUN.dll:Cla$PUTqueuekey 41244C,401180
ClaRUN.dll:Cla$PUTREG 412450,401188
ClaRUN.dll:Cla$pwopen 412454,401190
ClaRUN.dll:Cla$realdistinct 412458
ClaRUN.dll:Cla$RECORDSqueue 41245C,401198
ClaRUN.dll:Cla$RefAssignAny 412460
ClaRUN.dll:Cla$REGISTEREVENT 412464,4011A0
ClaRUN.dll:Cla$SELECT 412468,4011A8
ClaRUN.dll:Cla$SETCURSOR 41246C,4011B0
ClaRUN.dll:Cla$SETKEYCODE 412470,4011B8
ClaRUN.dll:Cla$SETPATH 412474,4011C0
ClaRUN.dll:Cla$SETPOSITION 412478,4011C8
ClaRUN.dll:Cla$SetPropQ 41247C
ClaRUN.dll:Cla$SetPropS 412480
ClaRUN.dll:Cla$SetPropV 412484
ClaRUN.dll:Cla$SHORTPATH 412488,4011D0
ClaRUN.dll:Cla$SORTqueuekey 41248C,4011D8
ClaRUN.dll:Cla$Stack2DStack 412490
ClaRUN.dll:Cla$Stack2Ufo 412494
ClaRUN.dll:Cla$StackCLIP 412498,4011E0
ClaRUN.dll:Cla$StackCompareN 41249C
ClaRUN.dll:Cla$StackCompareNEQ 4124A0
ClaRUN.dll:Cla$StackConcat 4124A4
ClaRUN.dll:Cla$StackConcatR 4124A8
ClaRUN.dll:Cla$StackErrstr 4124AC,4011E8
ClaRUN.dll:Cla$StackHeap 4124B0
ClaRUN.dll:Cla$StackINSTRING 4124B4,4011F0
ClaRUN.dll:Cla$StackLen 4124B8,4011F8
ClaRUN.dll:Cla$STACKpop 4124BC
ClaRUN.dll:Cla$StackRotate 4124C0
ClaRUN.dll:Cla$StackSUB 4124C4,401200
ClaRUN.dll:Cla$StackUPPER 4124C8,401208
ClaRUN.dll:Cla$StartEventLoop 4124CC
ClaRUN.dll:Cla$storecstr 4124D0
ClaRUN.dll:Cla$storestr 4124D4
ClaRUN.dll:Cla$THREAD 4124D8,401210
ClaRUN.dll:Cla$TODAY 4124DC,401218
ClaRUN.dll:Cla$UNHIDE 4124E0,401220
ClaRUN.dll:Cla$UNREGISTEREVENT 4124E4,401228
ClaRUN.dll:Cla$WHAT 4124E8,401230
ClaRUN.dll:Cla$YIELD 4124EC,401238
ClaRUN.dll:NewCriticalSection 4124F0,401240
ClaRUN.dll:THR$GetInstance 4124F4,401248
ClaRUN.dll:_exit 4124F8,401250
ClaRUN.dll:_free 4124FC
ClaRUN.dll:_malloc 412500
ClaRUN.dll:__sysinit 412504,401258
ClaRUN.dll:__sysstart 412508,401260



Entry Point:   40A840